Component: ARM Compiler 5.06 update 6 (build 750) Tool: armlink [4d35ed]

==============================================================================

Section Cross References

    main.o(i.blue_thread) refers to leds.o(i.BLUE_toggle) for BLUE_toggle
    main.o(i.blue_thread) refers to rt_cmsis.o(i.osDelay) for osDelay
    main.o(i.green_thread) refers to leds.o(i.GREEN_toggle) for GREEN_toggle
    main.o(i.green_thread) refers to rt_cmsis.o(i.osDelay) for osDelay
    main.o(i.main) refers to leds.o(i.LEDs_init) for LEDs_init
    main.o(i.main) refers to rt_cmsis.o(i.osThreadCreate) for osThreadCreate
    main.o(i.main) refers to main.o(.constdata) for os_thread_def_red_thread
    main.o(i.red_thread) refers to leds.o(i.RED_toggle) for RED_toggle
    main.o(i.red_thread) refers to rt_cmsis.o(i.osDelay) for osDelay
    main.o(.constdata) refers to main.o(i.red_thread) for red_thread
    main.o(.constdata) refers to main.o(i.blue_thread) for blue_thread
    main.o(.constdata) refers to main.o(i.green_thread) for green_thread
    rtx_conf_cm.o(.emb_text) refers to rt_cmsis.o(i.osKernelInitialize) for osKernelInitialize
    rtx_conf_cm.o(.emb_text) refers to rt_cmsis.o(i.osThreadCreate) for osThreadCreate
    rtx_conf_cm.o(.emb_text) refers to rt_cmsis.o(i.osKernelStart) for osKernelStart
    rtx_conf_cm.o(.emb_text) refers to exit.o(.text) for exit
    rtx_conf_cm.o(.emb_text) refers to rtx_conf_cm.o(.constdata) for os_thread_def_main
    rtx_conf_cm.o(i.__user_perthread_libspace) refers to rt_task.o(i.rt_tsk_self) for rt_tsk_self
    rtx_conf_cm.o(i.__user_perthread_libspace) refers to rt_cmsis.o(.data) for os_running
    rtx_conf_cm.o(i.__user_perthread_libspace) refers to rtx_conf_cm.o(.bss) for .bss
    rtx_conf_cm.o(i.__user_perthread_libspace) refers to libspace.o(.bss) for __libspace_start
    rtx_conf_cm.o(i._mutex_acquire) refers to rt_cmsis.o(.data) for os_running
    rtx_conf_cm.o(i._mutex_acquire) refers to rt_mutex.o(i.rt_mut_wait) for rt_mut_wait
    rtx_conf_cm.o(i._mutex_initialize) refers to rt_mutex.o(i.rt_mut_init) for rt_mut_init
    rtx_conf_cm.o(i._mutex_initialize) refers to rtx_conf_cm.o(.data) for .data
    rtx_conf_cm.o(i._mutex_initialize) refers to rtx_conf_cm.o(.bss) for .bss
    rtx_conf_cm.o(i._mutex_release) refers to rt_cmsis.o(.data) for os_running
    rtx_conf_cm.o(i._mutex_release) refers to rt_mutex.o(i.rt_mut_release) for rt_mut_release
    rtx_conf_cm.o(.constdata) refers to rt_cmsis.o(i.osTimerThread) for osTimerThread
    rtx_conf_cm.o(.constdata) refers to rtx_conf_cm.o(.bss) for os_messageQ_q_osTimerMessageQ
    rtx_conf_cm.o(.constdata) refers to main.o(i.main) for main
    startup_stm32f401xe.o(STACK) refers (Special) to heapauxi.o(.text) for __use_two_region_memory
    startup_stm32f401xe.o(HEAP) refers (Special) to heapauxi.o(.text) for __use_two_region_memory
    startup_stm32f401xe.o(RESET) refers (Special) to heapauxi.o(.text) for __use_two_region_memory
    startup_stm32f401xe.o(RESET) refers to startup_stm32f401xe.o(STACK) for __initial_sp
    startup_stm32f401xe.o(RESET) refers to startup_stm32f401xe.o(.text) for Reset_Handler
    startup_stm32f401xe.o(RESET) refers to hal_cm4.o(.emb_text) for SVC_Handler
    startup_stm32f401xe.o(.text) refers (Special) to heapauxi.o(.text) for __use_two_region_memory
    startup_stm32f401xe.o(.text) refers to system_stm32f4xx.o(i.SystemInit) for SystemInit
    startup_stm32f401xe.o(.text) refers to __main.o(!!!main) for __main
    startup_stm32f401xe.o(.text) refers to startup_stm32f401xe.o(HEAP) for Heap_Mem
    startup_stm32f401xe.o(.text) refers to startup_stm32f401xe.o(STACK) for Stack_Mem
    system_stm32f4xx.o(i.SystemCoreClockUpdate) refers to system_stm32f4xx.o(.data) for SystemCoreClock
    system_stm32f4xx.o(i.SystemCoreClockUpdate) refers to system_stm32f4xx.o(.constdata) for AHBPrescTable
    rt_cmsis.o(i.isrMessageGet) refers to rt_mailbox.o(i.isr_mbx_receive) for isr_mbx_receive
    rt_cmsis.o(i.isrMessagePut) refers to rt_mailbox.o(i.rt_mbx_check) for rt_mbx_check
    rt_cmsis.o(i.isrMessagePut) refers to rt_mailbox.o(i.isr_mbx_send) for isr_mbx_send
    rt_cmsis.o(i.isrSemaphoreRelease) refers to rt_cmsis.o(i.rt_id2obj) for rt_id2obj
    rt_cmsis.o(i.isrSemaphoreRelease) refers to rt_semaphore.o(i.isr_sem_send) for isr_sem_send
    rt_cmsis.o(i.isrSignalSet) refers to rt_cmsis.o(i.rt_tid2ptcb) for rt_tid2ptcb
    rt_cmsis.o(i.isrSignalSet) refers to rt_event.o(i.isr_evt_set) for isr_evt_set
    rt_cmsis.o(i.osDelay) refers to rt_cmsis.o(i.svcDelay) for svcDelay
    rt_cmsis.o(i.osKernelInitialize) refers to rt_cmsis.o(i.svcKernelInitialize) for svcKernelInitialize
    rt_cmsis.o(i.osKernelRunning) refers to rt_cmsis.o(i.svcKernelRunning) for svcKernelRunning
    rt_cmsis.o(i.osKernelRunning) refers to rt_cmsis.o(.data) for .data
    rt_cmsis.o(i.osKernelStart) refers to rtx_conf_cm.o(.constdata) for os_flags
    rt_cmsis.o(i.osKernelStart) refers to rt_cmsis.o(i.svcKernelStart) for svcKernelStart
[...]
    libshutdown.o(.ARM.Collect$$libshutdown$$00000000) refers (Special) to libshutdown2.o(.ARM.Collect$$libshutdown$$00000002) for __rt_lib_shutdown_cpp_1
    libshutdown.o(.ARM.Collect$$libshutdown$$00000000) refers (Special) to libshutdown2.o(.ARM.Collect$$libshutdown$$00000007) for __rt_lib_shutdown_fp_trap_1
    libshutdown.o(.ARM.Collect$$libshutdown$$00000000) refers (Special) to libshutdown2.o(.ARM.Collect$$libshutdown$$0000000F) for __rt_lib_shutdown_heap_1
    libshutdown.o(.ARM.Collect$$libshutdown$$00000000) refers (Special) to libshutdown2.o(.ARM.Collect$$libshutdown$$00000010) for __rt_lib_shutdown_return
    libshutdown.o(.ARM.Collect$$libshutdown$$00000000) refers (Special) to libshutdown2.o(.ARM.Collect$$libshutdown$$0000000A) for __rt_lib_shutdown_signal_1
    libshutdown.o(.ARM.Collect$$libshutdown$$00000000) refers (Special) to libshutdown2.o(.ARM.Collect$$libshutdown$$00000004) for __rt_lib_shutdown_stdio_1
    libshutdown.o(.ARM.Collect$$libshutdown$$00000000) refers (Special) to libshutdown2.o(.ARM.Collect$$libshutdown$$0000000C) for __rt_lib_shutdown_user_alloc_1
    rt_raise.o(.text) refers to __raise.o(.text) for __raise
    rt_raise.o(.text) refers to sys_exit.o(.text) for _sys_exit
    defsig_exit.o(.text) refers to sys_exit.o(.text) for _sys_exit
    defsig_fpe_inner.o(.text) refers to defsig_general.o(.text) for __default_signal_display
    libinit2.o(.ARM.Collect$$libinit$$00000001) refers to fpinit.o(x$fpl$fpinit) for _fp_init
    libinit2.o(.ARM.Collect$$libinit$$00000010) refers to libinit2.o(.ARM.Collect$$libinit$$0000000F) for .ARM.Collect$$libinit$$0000000F
    libinit2.o(.ARM.Collect$$libinit$$00000012) refers to libinit2.o(.ARM.Collect$$libinit$$0000000F) for .ARM.Collect$$libinit$$0000000F
    libinit2.o(.ARM.Collect$$libinit$$00000014) refers to libinit2.o(.ARM.Collect$$libinit$$0000000F) for .ARM.Collect$$libinit$$0000000F
    libinit2.o(.ARM.Collect$$libinit$$00000016) refers to libinit2.o(.ARM.Collect$$libinit$$0000000F) for .ARM.Collect$$libinit$$0000000F
    libinit2.o(.ARM.Collect$$libinit$$00000018) refers to libinit2.o(.ARM.Collect$$libinit$$0000000F) for .ARM.Collect$$libinit$$0000000F
    libinit2.o(.ARM.Collect$$libinit$$00000026) refers to argv_veneer.o(.emb_text) for __ARM_argv_veneer
    libinit2.o(.ARM.Collect$$libinit$$00000027) refers to argv_veneer.o(.emb_text) for __ARM_argv_veneer
    __raise.o(.text) refers to defsig.o(CL$$defsig) for __default_signal_handler
    defsig_general.o(.text) refers to sys_wrch.o(.text) for _ttywrch
    argv_veneer.o(.emb_text) refers to no_argv.o(.text) for __ARM_get_argv
    sys_wrch.o(.text) refers (Special) to use_no_semi.o(.text) for __I$use$semihosting
    sys_wrch.o(.text) refers (Special) to indicate_semi.o(.text) for __semihosting_library_function
    defsig.o(CL$$defsig) refers to defsig_fpe_inner.o(.text) for __rt_SIGFPE_inner
    defsig.o(CL$$defsig) refers to defsig_rtmem_inner.o(.text) for __rt_SIGRTMEM_inner
    _get_argv_nomalloc.o(.text) refers (Special) to hrguard.o(.text) for __heap_region$guard
    _get_argv_nomalloc.o(.text) refers to defsig_rtmem_outer.o(.text) for __rt_SIGRTMEM
    _get_argv_nomalloc.o(.text) refers to sys_command.o(.text) for _sys_command_string
    sys_command.o(.text) refers (Special) to use_no_semi.o(.text) for __I$use$semihosting
    sys_command.o(.text) refers (Special) to indicate_semi.o(.text) for __semihosting_library_function
    defsig_abrt_inner.o(.text) refers to defsig_general.o(.text) for __default_signal_display
    defsig_rtred_inner.o(.text) refers to defsig_general.o(.text) for __default_signal_display
    defsig_rtmem_inner.o(.text) refers to defsig_general.o(.text) for __default_signal_display
    defsig_rtmem_outer.o(.text) refers to defsig_rtmem_inner.o(.text) for __rt_SIGRTMEM_inner
    defsig_rtmem_outer.o(.text) refers to defsig_exit.o(.text) for __sig_exit
    defsig_rtmem_formal.o(.text) refers to rt_raise.o(.text) for __rt_raise
    defsig_stak_inner.o(.text) refers to defsig_general.o(.text) for __default_signal_display
    defsig_pvfn_inner.o(.text) refers to defsig_general.o(.text) for __default_signal_display
    defsig_cppl_inner.o(.text) refers to defsig_general.o(.text) for __default_signal_display
    defsig_segv_inner.o(.text) refers to defsig_general.o(.text) for __default_signal_display
    defsig_other.o(.text) refers to defsig_general.o(.text) for __default_signal_display


==============================================================================

Removing Unused input sections from the image.

    Removing main.o(.rev16_text), (4 bytes).
    Removing main.o(.revsh_text), (4 bytes).
    Removing main.o(.rrx_text), (6 bytes).
    Removing main.o(.data), (12 bytes).
    Removing leds.o(.rev16_text), (4 bytes).
    Removing leds.o(.revsh_text), (4 bytes).
    Removing leds.o(.rrx_text), (6 bytes).
    Removing leds.o(i.ORANGE_toggle), (20 bytes).
    Removing rtx_conf_cm.o(i.__user_perthread_libspace), (44 bytes).
    Removing rtx_conf_cm.o(i._mutex_initialize), (44 bytes).
    Removing system_stm32f4xx.o(.rev16_text), (4 bytes).
    Removing system_stm32f4xx.o(.revsh_text), (4 bytes).
    Removing system_stm32f4xx.o(.rrx_text), (6 bytes).
    Removing system_stm32f4xx.o(i.SystemCoreClockUpdate), (192 bytes).
    Removing system_stm32f4xx.o(.constdata), (24 bytes).
    Removing system_stm32f4xx.o(.data), (4 bytes).
    Removing rt_cmsis.o(.rev16_text), (4 bytes).
    Removing rt_cmsis.o(.revsh_text), (4 bytes).
    Removing rt_cmsis.o(.rrx_text), (6 bytes).
    Removing rt_cmsis.o(i.isrSemaphoreRelease), (40 bytes).
    Removing rt_cmsis.o(i.isrSignalSet), (36 bytes).
    Removing rt_cmsis.o(i.osKernelRunning), (36 bytes).
    Removing rt_cmsis.o(i.osKernelSysTick), (24 bytes).
    Removing rt_cmsis.o(i.osMailAlloc), (28 bytes).
    Removing rt_cmsis.o(i.osMailCAlloc), (48 bytes).
    Removing rt_cmsis.o(i.osMailCreate), (44 bytes).
    Removing rt_cmsis.o(i.osMailFree), (28 bytes).
    Removing rt_cmsis.o(i.osMailGet), (22 bytes).
    Removing rt_cmsis.o(i.osMailPut), (20 bytes).
    Removing rt_cmsis.o(i.osMessageCreate), (44 bytes).
    Removing rt_cmsis.o(i.osMessagePut), (24 bytes).
    Removing rt_cmsis.o(i.osMutexCreate), (44 bytes).
    Removing rt_cmsis.o(i.osMutexDelete), (24 bytes).
    Removing rt_cmsis.o(i.osMutexRelease), (24 bytes).
    Removing rt_cmsis.o(i.osMutexWait), (24 bytes).
    Removing rt_cmsis.o(i.osPoolAlloc), (32 bytes).
    Removing rt_cmsis.o(i.osPoolCAlloc), (52 bytes).
    Removing rt_cmsis.o(i.osPoolCreate), (44 bytes).
    Removing rt_cmsis.o(i.osPoolFree), (32 bytes).
    Removing rt_cmsis.o(i.osSemaphoreCreate), (44 bytes).
    Removing rt_cmsis.o(i.osSemaphoreDelete), (24 bytes).
    Removing rt_cmsis.o(i.osSemaphoreRelease), (24 bytes).
    Removing rt_cmsis.o(i.osSemaphoreWait), (24 bytes).
    Removing rt_cmsis.o(i.osSignalClear), (24 bytes).
    Removing rt_cmsis.o(i.osSignalSet), (24 bytes).
    Removing rt_cmsis.o(i.osSignalWait), (24 bytes).
    Removing rt_cmsis.o(i.osThreadGetId), (24 bytes).
    Removing rt_cmsis.o(i.osThreadGetPriority), (24 bytes).
    Removing rt_cmsis.o(i.osThreadSetPriority), (24 bytes).
    Removing rt_cmsis.o(i.osThreadTerminate), (24 bytes).
    Removing rt_cmsis.o(i.osThreadYield), (24 bytes).
    Removing rt_cmsis.o(i.osTimerCreate), (44 bytes).
    Removing rt_cmsis.o(i.osTimerDelete), (24 bytes).
    Removing rt_cmsis.o(i.osTimerStart), (24 bytes).
    Removing rt_cmsis.o(i.osTimerStop), (24 bytes).
    Removing rt_cmsis.o(i.osWait), (4 bytes).
    Removing rt_cmsis.o(i.os_resume), (12 bytes).
    Removing rt_cmsis.o(i.os_suspend), (12 bytes).
    Removing rt_cmsis.o(i.rt_clr_box), (24 bytes).
    Removing rt_cmsis.o(i.rt_timer_remove), (60 bytes).
    Removing rt_cmsis.o(i.svcKernelRunning), (12 bytes).
    Removing rt_cmsis.o(i.svcKernelSysTick), (56 bytes).
    Removing rt_cmsis.o(i.svcMailCreate), (66 bytes).
    Removing rt_cmsis.o(i.svcMessagePut), (54 bytes).
    Removing rt_cmsis.o(i.svcMutexCreate), (28 bytes).
    Removing rt_cmsis.o(i.svcMutexDelete), (26 bytes).
    Removing rt_cmsis.o(i.svcMutexRelease), (34 bytes).
    Removing rt_cmsis.o(i.svcMutexWait), (58 bytes).
    Removing rt_cmsis.o(i.svcPoolCreate), (40 bytes).
    Removing rt_cmsis.o(i.svcSemaphoreCreate), (36 bytes).
    Removing rt_cmsis.o(i.svcSemaphoreDelete), (26 bytes).
    Removing rt_cmsis.o(i.svcSemaphoreRelease), (40 bytes).
    Removing rt_cmsis.o(i.svcSemaphoreWait), (50 bytes).
    Removing rt_cmsis.o(i.svcSignalClear), (36 bytes).
    Removing rt_cmsis.o(i.svcSignalSet), (36 bytes).
    Removing rt_cmsis.o(i.svcSignalWait), (84 bytes).
    Removing rt_cmsis.o(i.svcThreadGetPriority), (18 bytes).
    Removing rt_cmsis.o(i.svcThreadSetPriority), (46 bytes).
    Removing rt_cmsis.o(i.svcThreadYield), (10 bytes).
    Removing rt_cmsis.o(i.svcTimerCreate), (56 bytes).
    Removing rt_cmsis.o(i.svcTimerDelete), (40 bytes).
    Removing rt_cmsis.o(i.svcTimerStart), (100 bytes).
    Removing rt_cmsis.o(i.svcTimerStop), (36 bytes).
    Removing rt_cmsis.o(i.sysMailAlloc), (88 bytes).
    Removing rt_cmsis.o(i.sysMailFree), (96 bytes).
    Removing rt_cmsis.o(i.sysPoolAlloc), (10 bytes).
    Removing rt_cmsis.o(i.sysPoolFree), (20 bytes).
    Removing rt_cmsis.o(i.sysUserTimerUpdate), (48 bytes).
    Removing rt_cmsis.o(i.sysUserTimerWakeupTime), (20 bytes).
    Removing rt_task.o(i.rt_tsk_pass), (48 bytes).
    Removing rt_mutex.o(i.rt_mut_delete), (176 bytes).
    Removing rt_mutex.o(i.rt_mut_init), (16 bytes).
    Removing rt_system.o(.emb_text), (0 bytes).
    Removing rt_system.o(i.os_tick_ovf), (16 bytes).
    Removing rt_system.o(i.os_tick_val), (20 bytes).
    Removing rt_system.o(i.rt_resume), (136 bytes).
    Removing rt_system.o(i.rt_suspend), (36 bytes).
    Removing rt_system.o(i.rt_tsk_lock), (80 bytes).
    Removing rt_system.o(i.rt_tsk_unlock), (80 bytes).
    Removing rt_event.o(i.isr_evt_set), (40 bytes).
    Removing rt_event.o(i.rt_evt_clr), (28 bytes).
    Removing rt_event.o(i.rt_evt_get), (12 bytes).
    Removing rt_event.o(i.rt_evt_set), (92 bytes).
    Removing rt_event.o(i.rt_evt_wait), (60 bytes).
    Removing rt_list.o(i.rt_get_same_rdy_prio), (36 bytes).
    Removing rt_mailbox.o(i.rt_mbx_send), (152 bytes).
    Removing rt_semaphore.o(i.isr_sem_send), (16 bytes).
    Removing rt_semaphore.o(i.rt_sem_delete), (92 bytes).
    Removing rt_semaphore.o(i.rt_sem_init), (12 bytes).
    Removing rt_semaphore.o(i.rt_sem_send), (42 bytes).
    Removing rt_semaphore.o(i.rt_sem_wait), (64 bytes).
    Removing rt_time.o(i.rt_itv_set), (24 bytes).
    Removing rt_time.o(i.rt_itv_wait), (40 bytes).
    Removing rt_time.o(i.rt_time_get), (12 bytes).
    Removing rt_membox.o(i._calloc_box), (30 bytes).

115 unused section(s) (total 4232 bytes) removed from the image.

==============================================================================

Image Symbol Table

    Local Symbols

    Symbol Name                              Value     Ov Type        Size  Object(Section)

    ../clib/angel/boardlib.s                 0x00000000   Number         0  boardinit1.o ABSOLUTE
    ../clib/angel/boardlib.s                 0x00000000   Number         0  boardinit2.o ABSOLUTE
    ../clib/angel/boardlib.s                 0x00000000   Number         0  boardshut.o ABSOLUTE
    ../clib/angel/handlers.s                 0x00000000   Number         0  __scatter_copy.o ABSOLUTE
    ../clib/angel/handlers.s                 0x00000000   Number         0  __scatter_zi.o ABSOLUTE
    ../clib/angel/kernel.s                   0x00000000   Number         0  rtexit2.o ABSOLUTE
    ../clib/angel/kernel.s                   0x00000000   Number         0  __rtentry4.o ABSOLUTE
    ../clib/angel/kernel.s                   0x00000000   Number         0  __rtentry2.o ABSOLUTE
    ../clib/angel/kernel.s                   0x00000000   Number         0  rtexit.o ABSOLUTE
    ../clib/angel/kernel.s                   0x00000000   Number         0  __rtentry.o ABSOLUTE
    ../clib/angel/rt.s                       0x00000000   Number         0  rt_raise.o ABSOLUTE
    ../clib/angel/rt.s                       0x00000000   Number         0  rt_div0.o ABSOLUTE
    ../clib/angel/rt.s                       0x00000000   Number         0  aeabi_ldiv0_sigfpe.o ABSOLUTE
    ../clib/angel/rt.s                       0x00000000   Number         0  aeabi_ldiv0.o ABSOLUTE
    ../clib/angel/scatter.s                  0x00000000   Number         0  __scatter.o ABSOLUTE
    ../clib/angel/startup.s                  0x00000000   Number         0  __main.o ABSOLUTE
    ../clib/angel/sys.s                      0x00000000   Number         0  indicate_semi.o ABSOLUTE
    ../clib/angel/sys.s                      0x00000000   Number         0  use_no_semi.o ABSOLUTE
    ../clib/angel/sys.s                      0x00000000   Number         0  sys_stackheap_outer.o ABSOLUTE
    ../clib/angel/sys.s                      0x00000000   Number         0  libspace.o ABSOLUTE
    ../clib/angel/sysapp.c                   0x00000000   Number         0  sys_command.o ABSOLUTE
    ../clib/angel/sysapp.c                   0x00000000   Number         0  sys_exit.o ABSOLUTE
    ../clib/angel/sysapp.c                   0x00000000   Number         0  sys_wrch.o ABSOLUTE
    ../clib/armsys.c                         0x00000000   Number         0  argv_veneer.o ABSOLUTE
    ../clib/armsys.c                         0x00000000   Number         0  argv_veneer.o ABSOLUTE
    ../clib/armsys.c                         0x00000000   Number         0  _get_argv_nomalloc.o ABSOLUTE
    ../clib/armsys.c                         0x00000000   Number         0  no_argv.o ABSOLUTE
    ../clib/heapalloc.c                      0x00000000   Number         0  hrguard.o ABSOLUTE
    ../clib/heapaux.c                        0x00000000   Number         0  heapauxi.o ABSOLUTE
    ../clib/libinit.s                        0x00000000   Number         0  libshutdown.o ABSOLUTE
    ../clib/libinit.s                        0x00000000   Number         0  libinit.o ABSOLUTE
    ../clib/libinit.s                        0x00000000   Number         0  libinit2.o ABSOLUTE
    ../clib/libinit.s                        0x00000000   Number         0  libshutdown2.o ABSOLUTE
    ../clib/longlong.s                       0x00000000   Number         0  lludivv7m.o ABSOLUTE
    ../clib/signal.c                         0x00000000   Number         0  defsig_exit.o ABSOLUTE
    ../clib/signal.c                         0x00000000   Number         0  defsig_other.o ABSOLUTE
    ../clib/signal.c                         0x00000000   Number         0  defsig_segv_inner.o ABSOLUTE
    ../clib/signal.c                         0x00000000   Number         0  defsig_cppl_inner.o ABSOLUTE
    ../clib/signal.c                         0x00000000   Number         0  defsig_general.o ABSOLUTE
    ../clib/signal.c                         0x00000000   Number         0  __raise.o ABSOLUTE
    ../clib/signal.c                         0x00000000   Number         0  defsig_stak_inner.o ABSOLUTE
    ../clib/signal.c                         0x00000000   Number         0  defsig_rtmem_formal.o ABSOLUTE
    ../clib/signal.c                         0x00000000   Number         0  defsig_rtmem_inner.o ABSOLUTE
    ../clib/signal.c                         0x00000000   Number         0  defsig_rtred_inner.o ABSOLUTE
    ../clib/signal.c                         0x00000000   Number         0  defsig_abrt_inner.o ABSOLUTE
    ../clib/signal.c                         0x00000000   Number         0  defsig_fpe_inner.o ABSOLUTE
    ../clib/signal.c                         0x00000000   Number         0  defsig_fpe_formal.o ABSOLUTE
    ../clib/signal.c                         0x00000000   Number         0  defsig_fpe_outer.o ABSOLUTE
    ../clib/signal.c                         0x00000000   Number         0  defsig_pvfn_inner.o ABSOLUTE
    ../clib/signal.c                         0x00000000   Number         0  defsig_rtmem_outer.o ABSOLUTE
    ../clib/signal.s                         0x00000000   Number         0  defsig.o ABSOLUTE
    ../clib/stdlib.c                         0x00000000   Number         0  exit.o ABSOLUTE
    ../fplib/fpinit.s                        0x00000000   Number         0  fpinit.o ABSOLUTE
    ..\HAL_CM.c                              0x00000000   Number         0  hal_cm.o ABSOLUTE
    ..\\rt_CMSIS.c                           0x00000000   Number         0  rt_cmsis.o ABSOLUTE
    ..\\rt_System.c                          0x00000000   Number         0  rt_system.o ABSOLUTE
    ..\rt_CMSIS.c                            0x00000000   Number         0  rt_cmsis.o ABSOLUTE
    ..\rt_Event.c                            0x00000000   Number         0  rt_event.o ABSOLUTE
    ..\rt_List.c                             0x00000000   Number         0  rt_list.o ABSOLUTE
    ..\rt_Mailbox.c                          0x00000000   Number         0  rt_mailbox.o ABSOLUTE
    ..\rt_MemBox.c                           0x00000000   Number         0  rt_membox.o ABSOLUTE
    ..\rt_Memory.c                           0x00000000   Number         0  rt_memory.o ABSOLUTE
    ..\rt_Mutex.c                            0x00000000   Number         0  rt_mutex.o ABSOLUTE
    ..\rt_Robin.c                            0x00000000   Number         0  rt_robin.o ABSOLUTE
    ..\rt_Semaphore.c                        0x00000000   Number         0  rt_semaphore.o ABSOLUTE
    ..\rt_System.c                           0x00000000   Number         0  rt_system.o ABSOLUTE
    ..\rt_Task.c                             0x00000000   Number         0  rt_task.o ABSOLUTE
    ..\rt_Time.c                             0x00000000   Number         0  rt_time.o ABSOLUTE
    HAL_CM4.c                                0x00000000   Number         0  hal_cm4.o ABSOLUTE
    HAL_CM4.c                                0x00000000   Number         0  hal_cm4.o ABSOLUTE
    RTE\CMSIS\RTX_Conf_CM.c                  0x00000000   Number         0  rtx_conf_cm.o ABSOLUTE
    RTE\Device\STM32F401RETx\startup_stm32f401xe.s 0x00000000   Number         0  startup_stm32f401xe.o ABSOLUTE
    RTE\Device\STM32F401RETx\system_stm32f4xx.c 0x00000000   Number         0  system_stm32f4xx.o ABSOLUTE
    RTE\\CMSIS\\RTX_Conf_CM.c                0x00000000   Number         0  rtx_conf_cm.o ABSOLUTE
    RTE\\Device\\STM32F401RETx\\system_stm32f4xx.c 0x00000000   Number         0  system_stm32f4xx.o ABSOLUTE
    SVC_Table.s                              0x00000000   Number         0  svc_table.o ABSOLUTE
    dc.s                                     0x00000000   Number         0  dc.o ABSOLUTE
    leds.c                                   0x00000000   Number         0  leds.o ABSOLUTE
    leds.c                                   0x00000000   Number         0  leds.o ABSOLUTE
    main.c                                   0x00000000   Number         0  main.o ABSOLUTE
    main.c                                   0x00000000   Number         0  main.o ABSOLUTE
    RESET                                    0x08000000   Section      404  startup_stm32f401xe.o(RESET)
    !!!main                                  0x08000194   Section        8  __main.o(!!!main)
    !!!scatter                               0x0800019c   Section       52  __scatter.o(!!!scatter)
    !!handler_copy                           0x080001d0   Section       26  __scatter_copy.o(!!handler_copy)
    !!handler_zi                             0x080001ec   Section       28  __scatter_zi.o(!!handler_zi)
    .ARM.Collect$$libinit$$00000000          0x08000208   Section        2  libinit.o(.ARM.Collect$$libinit$$00000000)
    .ARM.Collect$$libinit$$00000001          0x0800020a   Section        4  libinit2.o(.ARM.Collect$$libinit$$00000001)
    .ARM.Collect$$libinit$$00000004          0x0800020e   Section        0  libinit2.o(.ARM.Collect$$libinit$$00000004)
    .ARM.Collect$$libinit$$0000000A          0x0800020e   Section        0  libinit2.o(.ARM.Collect$$libinit$$0000000A)
    .ARM.Collect$$libinit$$0000000C          0x0800020e   Section        0  libinit2.o(.ARM.Collect$$libinit$$0000000C)
    .ARM.Collect$$libinit$$0000000E          0x0800020e   Section        0  libinit2.o(.ARM.Collect$$libinit$$0000000E)
    .ARM.Collect$$libinit$$00000011          0x0800020e   Section        0  libinit2.o(.ARM.Collect$$libinit$$00000011)
    .ARM.Collect$$libinit$$00000013          0x0800020e   Section        0  libinit2.o(.ARM.Collect$$libinit$$00000013)
    .ARM.Collect$$libinit$$00000015          0x0800020e   Section        0  libinit2.o(.ARM.Collect$$libinit$$00000015)
    .ARM.Collect$$libinit$$00000017          0x0800020e   Section        0  libinit2.o(.ARM.Collect$$libinit$$00000017)
    .ARM.Collect$$libinit$$00000019          0x0800020e   Section        0  libinit2.o(.ARM.Collect$$libinit$$00000019)
    .ARM.Collect$$libinit$$0000001B          0x0800020e   Section        0  libinit2.o(.ARM.Collect$$libinit$$0000001B)
    .ARM.Collect$$libinit$$0000001D          0x0800020e   Section        0  libinit2.o(.ARM.Collect$$libinit$$0000001D)
    .ARM.Collect$$libinit$$0000001F          0x0800020e   Section        0  libinit2.o(.ARM.Collect$$libinit$$0000001F)
    .ARM.Collect$$libinit$$00000021          0x0800020e   Section        0  libinit2.o(.ARM.Collect$$libinit$$00000021)
    .ARM.Collect$$libinit$$00000023          0x0800020e   Section        0  libinit2.o(.ARM.Collect$$libinit$$00000023)
    .ARM.Collect$$libinit$$00000025          0x0800020e   Section        0  libinit2.o(.ARM.Collect$$libinit$$00000025)
    .ARM.Collect$$libinit$$0000002C          0x0800020e   Section        0  libinit2.o(.ARM.Collect$$libinit$$0000002C)
    .ARM.Collect$$libinit$$0000002E          0x0800020e   Section        0  libinit2.o(.ARM.Collect$$libinit$$0000002E)
    .ARM.Collect$$libinit$$00000030          0x0800020e   Section        0  libinit2.o(.ARM.Collect$$libinit$$00000030)
    .ARM.Collect$$libinit$$00000032          0x0800020e   Section        0  libinit2.o(.ARM.Collect$$libinit$$00000032)
    .ARM.Collect$$libinit$$00000033          0x0800020e   Section        2  libinit2.o(.ARM.Collect$$libinit$$00000033)
    .ARM.Collect$$libshutdown$$00000000      0x08000210   Section        2  libshutdown.o(.ARM.Collect$$libshutdown$$00000000)
    .ARM.Collect$$libshutdown$$00000002      0x08000212   Section        0  libshutdown2.o(.ARM.Collect$$libshutdown$$00000002)
    .ARM.Collect$$libshutdown$$00000004      0x08000212   Section        0  libshutdown2.o(.ARM.Collect$$libshutdown$$00000004)
    .ARM.Collect$$libshutdown$$00000007      0x08000212   Section        0  libshutdown2.o(.ARM.Collect$$libshutdown$$00000007)
    .ARM.Collect$$libshutdown$$0000000A      0x08000212   Section        0  libshutdown2.o(.ARM.Collect$$libshutdown$$0000000A)
    .ARM.Collect$$libshutdown$$0000000C      0x08000212   Section        0  libshutdown2.o(.ARM.Collect$$libshutdown$$0000000C)
    .ARM.Collect$$libshutdown$$0000000F      0x08000212   Section        0  libshutdown2.o(.ARM.Collect$$libshutdown$$0000000F)
    .ARM.Collect$$libshutdown$$00000010      0x08000212   Section        2  libshutdown2.o(.ARM.Collect$$libshutdown$$00000010)
    .ARM.Collect$$rtentry$$00000000          0x08000214   Section        0  __rtentry.o(.ARM.Collect$$rtentry$$00000000)
    .ARM.Collect$$rtentry$$00000002          0x08000214   Section        0  __rtentry2.o(.ARM.Collect$$rtentry$$00000002)
    .ARM.Collect$$rtentry$$00000004          0x08000214   Section        6  __rtentry4.o(.ARM.Collect$$rtentry$$00000004)
    .ARM.Collect$$rtentry$$00000009          0x0800021a   Section        0  __rtentry2.o(.ARM.Collect$$rtentry$$00000009)
    .ARM.Collect$$rtentry$$0000000A          0x0800021a   Section        4  __rtentry2.o(.ARM.Collect$$rtentry$$0000000A)
    .ARM.Collect$$rtentry$$0000000B          0x0800021e   Section        8  __rtentry2.o(.ARM.Collect$$rtentry$$0000000B)
    .ARM.Collect$$rtentry$$0000000D          0x08000226   Section        8  __rtentry2.o(.ARM.Collect$$rtentry$$0000000D)
    .ARM.Collect$$rtexit$$00000000           0x0800022e   Section        2  rtexit.o(.ARM.Collect$$rtexit$$00000000)
    .ARM.Collect$$rtexit$$00000002           0x08000230   Section        0  rtexit2.o(.ARM.Collect$$rtexit$$00000002)
    .ARM.Collect$$rtexit$$00000003           0x08000230   Section        4  rtexit2.o(.ARM.Collect$$rtexit$$00000003)
    .ARM.Collect$$rtexit$$00000004           0x08000234   Section        6  rtexit2.o(.ARM.Collect$$rtexit$$00000004)
    .emb_text                                0x0800023c   Section       28  rtx_conf_cm.o(.emb_text)
    $v0                                      0x0800023c   Number         0  rtx_conf_cm.o(.emb_text)
    .emb_text                                0x08000258   Section      408  hal_cm4.o(.emb_text)
    $v0                                      0x08000258   Number         0  hal_cm4.o(.emb_text)
    .text                                    0x080003f0   Section       64  startup_stm32f401xe.o(.text)
    $v0                                      0x080003f0   Number         0  startup_stm32f401xe.o(.text)
    .text                                    0x08000430   Section        8  libspace.o(.text)
    .text                                    0x08000438   Section        0  exit.o(.text)
    .text                                    0x0800044a   Section        0  heapauxi.o(.text)
    .text                                    0x08000450   Section        0  sys_exit.o(.text)
    .text                                    0x0800045c   Section       74  sys_stackheap_outer.o(.text)
    .text                                    0x080004a6   Section        2  use_no_semi.o(.text)
    .text                                    0x080004a8   Section        0  indicate_semi.o(.text)
    SVC_TABLE                                0x080004a8   Section        4  svc_table.o(SVC_TABLE)
    i.BLUE_toggle                            0x080004ac   Section        0  leds.o(i.BLUE_toggle)
    i.GREEN_toggle                           0x080004c0   Section        0  leds.o(i.GREEN_toggle)
    i.LEDs_init                              0x080004d4   Section        0  leds.o(i.LEDs_init)
    i.RED_toggle                             0x080004fc   Section        0  leds.o(i.RED_toggle)
    i.SystemInit                             0x08000510   Section        0  system_stm32f4xx.o(i.SystemInit)
    i._init_box                              0x08000574   Section        0  rt_membox.o(i._init_box)
    i._mutex_acquire                         0x080005bc   Section        0  rtx_conf_cm.o(i._mutex_acquire)
    __tagsym$$used                           0x080005bd   Number         0  rtx_conf_cm.o(i._mutex_acquire)
    i._mutex_release                         0x080005dc   Section        0  rtx_conf_cm.o(i._mutex_release)
    __tagsym$$used                           0x080005dd   Number         0  rtx_conf_cm.o(i._mutex_release)
    i.blue_thread                            0x080005f8   Section        0  main.o(i.blue_thread)
    i.dbg_init                               0x08000608   Section        0  hal_cm.o(i.dbg_init)
    i.dbg_task_notify                        0x08000638   Section        0  hal_cm.o(i.dbg_task_notify)
    i.dbg_task_switch                        0x08000658   Section        0  hal_cm.o(i.dbg_task_switch)
    i.green_thread                           0x08000668   Section        0  main.o(i.green_thread)
    i.isrMessageGet                          0x08000676   Section        0  rt_cmsis.o(i.isrMessageGet)
    i.isrMessagePut                          0x080006a0   Section        0  rt_cmsis.o(i.isrMessagePut)
    i.isr_mbx_receive                        0x080006cc   Section        0  rt_mailbox.o(i.isr_mbx_receive)
    i.isr_mbx_send                           0x08000722   Section        0  rt_mailbox.o(i.isr_mbx_send)
    i.main                                   0x08000730   Section        0  main.o(i.main)
    i.osDelay                                0x0800075c   Section        0  rt_cmsis.o(i.osDelay)
    i.osKernelInitialize                     0x08000774   Section        0  rt_cmsis.o(i.osKernelInitialize)
    i.osKernelStart                          0x08000798   Section        0  rt_cmsis.o(i.osKernelStart)
    i.osMessageGet                           0x08000804   Section        0  rt_cmsis.o(i.osMessageGet)
    i.osThreadCreate                         0x0800081c   Section        0  rt_cmsis.o(i.osThreadCreate)
    i.osThreadExit                           0x08000848   Section        0  rt_cmsis.o(i.osThreadExit)
    i.osTimerCall                            0x08000860   Section        0  rt_cmsis.o(i.osTimerCall)
    i.osTimerThread                          0x0800086c   Section        0  rt_cmsis.o(i.osTimerThread)
    i.os_error                               0x08000898   Section        0  rtx_conf_cm.o(i.os_error)
    i.os_idle_demon                          0x080008ba   Section        0  rtx_conf_cm.o(i.os_idle_demon)
    i.os_tick_init                           0x080008c0   Section        0  rt_system.o(i.os_tick_init)
    i.os_tick_irqack                         0x080008e8   Section        0  rt_system.o(i.os_tick_irqack)
    i.red_thread                             0x080008ea   Section        0  main.o(i.red_thread)
    i.rt_alloc_box                           0x080008f8   Section        0  rt_membox.o(i.rt_alloc_box)
    i.rt_alloc_mem                           0x08000912   Section        0  rt_memory.o(i.rt_alloc_mem)
    i.rt_block                               0x08000950   Section        0  rt_task.o(i.rt_block)
    i.rt_chk_robin                           0x08000988   Section        0  rt_robin.o(i.rt_chk_robin)
    i.rt_dec_dly                             0x080009d0   Section        0  rt_list.o(i.rt_dec_dly)
    i.rt_dispatch                            0x08000a40   Section        0  rt_task.o(i.rt_dispatch)
    i.rt_dly_wait                            0x08000a84   Section        0  rt_time.o(i.rt_dly_wait)
    i.rt_evt_psh                             0x08000a8c   Section        0  rt_event.o(i.rt_evt_psh)
    i.rt_free_box                            0x08000adc   Section        0  rt_membox.o(i.rt_free_box)
    i.rt_free_mem                            0x08000b08   Section        0  rt_memory.o(i.rt_free_mem)
    i.rt_get_first                           0x08000b30   Section        0  rt_list.o(i.rt_get_first)
    i.rt_id2obj                              0x08000b58   Section        0  rt_cmsis.o(i.rt_id2obj)
    rt_id2obj                                0x08000b59   Thumb Code     8  rt_cmsis.o(i.rt_id2obj)
    i.rt_init_context                        0x08000b60   Section        0  rt_task.o(i.rt_init_context)
    rt_init_context                          0x08000b61   Thumb Code    66  rt_task.o(i.rt_init_context)
    i.rt_init_mem                            0x08000ba8   Section        0  rt_memory.o(i.rt_init_mem)
    i.rt_init_robin                          0x08000bc4   Section        0  rt_robin.o(i.rt_init_robin)
    i.rt_init_stack                          0x08000bdc   Section        0  hal_cm.o(i.rt_init_stack)
    i.rt_mbx_check                           0x08000c5c   Section        0  rt_mailbox.o(i.rt_mbx_check)
    i.rt_mbx_init                            0x08000c64   Section        0  rt_mailbox.o(i.rt_mbx_init)
    i.rt_mbx_psh                             0x08000c80   Section        0  rt_mailbox.o(i.rt_mbx_psh)
    i.rt_mbx_wait                            0x08000d70   Section        0  rt_mailbox.o(i.rt_mbx_wait)
    i.rt_ms2tick                             0x08000e24   Section        0  rt_cmsis.o(i.rt_ms2tick)
    rt_ms2tick                               0x08000e25   Thumb Code    58  rt_cmsis.o(i.rt_ms2tick)
    i.rt_mut_release                         0x08000e68   Section        0  rt_mutex.o(i.rt_mut_release)
    i.rt_mut_wait                            0x08000f40   Section        0  rt_mutex.o(i.rt_mut_wait)
    i.rt_pop_req                             0x08000fb8   Section        0  rt_system.o(i.rt_pop_req)
    i.rt_psh_req                             0x08001034   Section        0  rt_system.o(i.rt_psh_req)
    i.rt_psq_enq                             0x08001054   Section        0  rt_list.o(i.rt_psq_enq)
    i.rt_put_dly                             0x080010b0   Section        0  rt_list.o(i.rt_put_dly)
    i.rt_put_prio                            0x080010f8   Section        0  rt_list.o(i.rt_put_prio)
    i.rt_put_rdy_first                       0x08001130   Section        0  rt_list.o(i.rt_put_rdy_first)
    i.rt_resort_prio                         0x08001144   Section        0  rt_list.o(i.rt_resort_prio)
    i.rt_ret_regs                            0x08001178   Section        0  hal_cm.o(i.rt_ret_regs)
    rt_ret_regs                              0x08001179   Thumb Code    16  hal_cm.o(i.rt_ret_regs)
    i.rt_ret_val                             0x08001188   Section        0  hal_cm.o(i.rt_ret_val)
    i.rt_ret_val2                            0x08001194   Section        0  hal_cm.o(i.rt_ret_val2)
    i.rt_rmv_dly                             0x080011a4   Section        0  rt_list.o(i.rt_rmv_dly)
    i.rt_rmv_list                            0x080011cc   Section        0  rt_list.o(i.rt_rmv_list)
    i.rt_sem_psh                             0x080011fc   Section        0  rt_semaphore.o(i.rt_sem_psh)
    i.rt_stk_check                           0x08001230   Section        0  rt_system.o(i.rt_stk_check)
    i.rt_switch_req                          0x08001254   Section        0  rt_task.o(i.rt_switch_req)
    i.rt_sys_init                            0x0800127c   Section        0  rt_task.o(i.rt_sys_init)
    i.rt_sys_start                           0x08001348   Section        0  rt_task.o(i.rt_sys_start)
    i.rt_systick                             0x080013c0   Section        0  rt_system.o(i.rt_systick)
    i.rt_tid2ptcb                            0x08001400   Section        0  rt_cmsis.o(i.rt_tid2ptcb)
    rt_tid2ptcb                              0x08001401   Thumb Code    18  rt_cmsis.o(i.rt_tid2ptcb)
    i.rt_timer_insert                        0x08001414   Section        0  rt_cmsis.o(i.rt_timer_insert)
    rt_timer_insert                          0x08001415   Thumb Code    48  rt_cmsis.o(i.rt_timer_insert)
    i.rt_tsk_create                          0x08001448   Section        0  rt_task.o(i.rt_tsk_create)
    i.rt_tsk_delete                          0x080014d0   Section        0  rt_task.o(i.rt_tsk_delete)
    i.rt_tsk_prio                            0x0800164c   Section        0  rt_task.o(i.rt_tsk_prio)
    i.rt_tsk_self                            0x080016c8   Section        0  rt_task.o(i.rt_tsk_self)
    i.svcDelay                               0x080016d8   Section        0  rt_cmsis.o(i.svcDelay)
    i.svcKernelInitialize                    0x080016ec   Section        0  rt_cmsis.o(i.svcKernelInitialize)
    i.svcKernelStart                         0x0800175c   Section        0  rt_cmsis.o(i.svcKernelStart)
    i.svcMessageCreate                       0x080017a4   Section        0  rt_cmsis.o(i.svcMessageCreate)
    i.svcMessageGet                          0x080017c8   Section        0  rt_cmsis.o(i.svcMessageGet)
    i.svcThreadCreate                        0x08001804   Section        0  rt_cmsis.o(i.svcThreadCreate)
    i.svcThreadGetId                         0x08001870   Section        0  rt_cmsis.o(i.svcThreadGetId)
    i.svcThreadTerminate                     0x0800188c   Section        0  rt_cmsis.o(i.svcThreadTerminate)
    i.svcTimerCall                           0x080018c4   Section        0  rt_cmsis.o(i.svcTimerCall)
    i.sysTimerTick                           0x080018dc   Section        0  rt_cmsis.o(i.sysTimerTick)
    x$fpl$fpinit                             0x08001938   Section       10  fpinit.o(x$fpl$fpinit)
    $v0                                      0x08001938   Number         0  fpinit.o(x$fpl$fpinit)
    .constdata                               0x08001944   Section       48  main.o(.constdata)
    .constdata                               0x08001974   Section      104  rtx_conf_cm.o(.constdata)
    __tagsym$$used                           0x08001990   Number         0  rtx_conf_cm.o(.constdata)
    __tagsym$$used                           0x08001994   Number         0  rtx_conf_cm.o(.constdata)
    __tagsym$$used                           0x08001998   Number         0  rtx_conf_cm.o(.constdata)
    __tagsym$$used                           0x0800199c   Number         0  rtx_conf_cm.o(.constdata)
    .data                                    0x20000000   Section       20  rtx_conf_cm.o(.data)
    nr_mutex                                 0x20000010   Data           4  rtx_conf_cm.o(.data)
    .data                                    0x20000014   Section        8  rt_cmsis.o(.data)
    .data                                    0x2000001c   Section        8  rt_task.o(.data)
    .data                                    0x20000024   Section        8  rt_system.o(.data)
    os_lock                                  0x20000024   Data           1  rt_system.o(.data)
    os_psh_flag                              0x20000025   Data           1  rt_system.o(.data)
    pend_flags                               0x20000026   Data           1  rt_system.o(.data)
    .data                                    0x2000002c   Section        4  rt_time.o(.data)
    .data                                    0x20000030   Section        8  rt_robin.o(.data)
    .data                                    0x20000038   Section        1  hal_cm.o(.data)
    .bss                                     0x20000040   Section     3016  rtx_conf_cm.o(.bss)
    std_libspace                             0x200008e8   Data         672  rtx_conf_cm.o(.bss)
    std_libmutex                             0x20000b88   Data         128  rtx_conf_cm.o(.bss)
    .bss                                     0x20000c08   Section       52  rt_task.o(.bss)
    .bss                                     0x20000c3c   Section       48  rt_list.o(.bss)
    .bss                                     0x20000c6c   Section       96  libspace.o(.bss)
    HEAP                                     0x20000cd0   Section      512  startup_stm32f401xe.o(HEAP)
    Heap_Mem                                 0x20000cd0   Data         512  startup_stm32f401xe.o(HEAP)
    STACK                                    0x20000ed0   Section     1024  startup_stm32f401xe.o(STACK)
    Stack_Mem                                0x20000ed0   Data        1024  startup_stm32f401xe.o(STACK)
    __initial_sp                             0x200012d0   Data           0  startup_stm32f401xe.o(STACK)

    Global Symbols

    Symbol Name                              Value     Ov Type        Size  Object(Section)

    BuildAttributes$$THM_ISAv4$E$P$D$K$B$S$7EM$VFPi3$EXTD16$VFPS$VFMA$PE$A:L22UL41UL21$X:L11$S22US41US21$IEEE1$IW$USESV6$~STKCKD$USESV7$~SHL$OSPACE$ROPI$EBA8$UX$STANDARDLIB$REQ8$PRES8$EABIv2 0x00000000   Number         0  anon$$obj.o ABSOLUTE
    __ARM_use_no_argv                        0x00000000   Number         0  main.o ABSOLUTE
    __ARM_exceptions_init                     - Undefined Weak Reference
    __alloca_initialize                       - Undefined Weak Reference
    __arm_preinit_                            - Undefined Weak Reference
    __cpp_initialize__aeabi_                  - Undefined Weak Reference
    __cxa_finalize                            - Undefined Weak Reference
    __rt_locale                               - Undefined Weak Reference
    __sigvec_lookup                           - Undefined Weak Reference
    _atexit_init                              - Undefined Weak Reference
    _call_atexit_fns                          - Undefined Weak Reference
    _clock_init                               - Undefined Weak Reference
    _fp_trap_init                             - Undefined Weak Reference
    _fp_trap_shutdown                         - Undefined Weak Reference
    _get_lc_collate                           - Undefined Weak Reference
    _get_lc_ctype                             - Undefined Weak Reference
    _get_lc_monetary                          - Undefined Weak Reference
    _get_lc_numeric                           - Undefined Weak Reference
    _get_lc_time                              - Undefined Weak Reference
    _getenv_init                              - Undefined Weak Reference
    _handle_redirection                       - Undefined Weak Reference
    _init_alloc                               - Undefined Weak Reference
    _init_user_alloc                          - Undefined Weak Reference
    _initio                                   - Undefined Weak Reference
    _rand_init                                - Undefined Weak Reference
    _signal_finish                            - Undefined Weak Reference
    _signal_init                              - Undefined Weak Reference
    _terminate_alloc                          - Undefined Weak Reference
    _terminate_user_alloc                     - Undefined Weak Reference
    _terminateio                              - Undefined Weak Reference
    __Vectors_Size                           0x00000194   Number         0  startup_stm32f401xe.o ABSOLUTE
    __RL_RTX_VER                             0x00000482   Number         0  rt_system.o ABSOLUTE
    __Vectors                                0x08000000   Data           4  startup_stm32f401xe.o(RESET)
    __Vectors_End                            0x08000194   Data           0  startup_stm32f401xe.o(RESET)
    __main                                   0x08000195   Thumb Code     8  __main.o(!!!main)
    __scatterload                            0x0800019d   Thumb Code     0  __scatter.o(!!!scatter)
    __scatterload_rt2                        0x0800019d   Thumb Code    44  __scatter.o(!!!scatter)
    __scatterload_rt2_thumb_only             0x0800019d   Thumb Code     0  __scatter.o(!!!scatter)
    __scatterload_null                       0x080001ab   Thumb Code     0  __scatter.o(!!!scatter)
    __scatterload_copy                       0x080001d1   Thumb Code    26  __scatter_copy.o(!!handler_copy)
    __scatterload_zeroinit                   0x080001ed   Thumb Code    28  __scatter_zi.o(!!handler_zi)
    __rt_lib_init                            0x08000209   Thumb Code     0  libinit.o(.ARM.Collect$$libinit$$00000000)
    __rt_lib_init_fp_1                       0x0800020b   Thumb Code     0  libinit2.o(.ARM.Collect$$libinit$$00000001)
    __rt_lib_init_alloca_1                   0x0800020f   Thumb Code     0  libinit2.o(.ARM.Collect$$libinit$$0000002E)
    __rt_lib_init_argv_1                     0x0800020f   Thumb Code     0  libinit2.o(.ARM.Collect$$libinit$$0000002C)
    __rt_lib_init_atexit_1                   0x0800020f   Thumb Code     0  libinit2.o(.ARM.Collect$$libinit$$0000001B)
    __rt_lib_init_clock_1                    0x0800020f   Thumb Code     0  libinit2.o(.ARM.Collect$$libinit$$00000021)
    __rt_lib_init_cpp_1                      0x0800020f   Thumb Code     0  libinit2.o(.ARM.Collect$$libinit$$00000032)
    __rt_lib_init_exceptions_1               0x0800020f   Thumb Code     0  libinit2.o(.ARM.Collect$$libinit$$00000030)
    __rt_lib_init_fp_trap_1                  0x0800020f   Thumb Code     0  libinit2.o(.ARM.Collect$$libinit$$0000001F)
    __rt_lib_init_getenv_1                   0x0800020f   Thumb Code     0  libinit2.o(.ARM.Collect$$libinit$$00000023)
    __rt_lib_init_heap_1                     0x0800020f   Thumb Code     0  libinit2.o(.ARM.Collect$$libinit$$0000000A)
    __rt_lib_init_lc_collate_1               0x0800020f   Thumb Code     0  libinit2.o(.ARM.Collect$$libinit$$00000011)
    __rt_lib_init_lc_ctype_1                 0x0800020f   Thumb Code     0  libinit2.o(.ARM.Collect$$libinit$$00000013)
    __rt_lib_init_lc_monetary_1              0x0800020f   Thumb Code     0  libinit2.o(.ARM.Collect$$libinit$$00000015)
    __rt_lib_init_lc_numeric_1               0x0800020f   Thumb Code     0  libinit2.o(.ARM.Collect$$libinit$$00000017)
    __rt_lib_init_lc_time_1                  0x0800020f   Thumb Code     0  libinit2.o(.ARM.Collect$$libinit$$00000019)
    __rt_lib_init_preinit_1                  0x0800020f   Thumb Code     0  libinit2.o(.ARM.Collect$$libinit$$00000004)
    __rt_lib_init_rand_1                     0x0800020f   Thumb Code     0  libinit2.o(.ARM.Collect$$libinit$$0000000E)
    __rt_lib_init_return                     0x0800020f   Thumb Code     0  libinit2.o(.ARM.Collect$$libinit$$00000033)
    __rt_lib_init_signal_1                   0x0800020f   Thumb Code     0  libinit2.o(.ARM.Collect$$libinit$$0000001D)
    __rt_lib_init_stdio_1                    0x0800020f   Thumb Code     0  libinit2.o(.ARM.Collect$$libinit$$00000025)
    __rt_lib_init_user_alloc_1               0x0800020f   Thumb Code     0  libinit2.o(.ARM.Collect$$libinit$$0000000C)
    __rt_lib_shutdown                        0x08000211   Thumb Code     0  libshutdown.o(.ARM.Collect$$libshutdown$$00000000)
    __rt_lib_shutdown_cpp_1                  0x08000213   Thumb Code     0  libshutdown2.o(.ARM.Collect$$libshutdown$$00000002)
    __rt_lib_shutdown_fp_trap_1              0x08000213   Thumb Code     0  libshutdown2.o(.ARM.Collect$$libshutdown$$00000007)
    __rt_lib_shutdown_heap_1                 0x08000213   Thumb Code     0  libshutdown2.o(.ARM.Collect$$libshutdown$$0000000F)
    __rt_lib_shutdown_return                 0x08000213   Thumb Code     0  libshutdown2.o(.ARM.Collect$$libshutdown$$00000010)
    __rt_lib_shutdown_signal_1               0x08000213   Thumb Code     0  libshutdown2.o(.ARM.Collect$$libshutdown$$0000000A)
    __rt_lib_shutdown_stdio_1                0x08000213   Thumb Code     0  libshutdown2.o(.ARM.Collect$$libshutdown$$00000004)
    __rt_lib_shutdown_user_alloc_1           0x08000213   Thumb Code     0  libshutdown2.o(.ARM.Collect$$libshutdown$$0000000C)
    __rt_entry                               0x08000215   Thumb Code     0  __rtentry.o(.ARM.Collect$$rtentry$$00000000)
    __rt_entry_presh_1                       0x08000215   Thumb Code     0  __rtentry2.o(.ARM.Collect$$rtentry$$00000002)
    __rt_entry_sh                            0x08000215   Thumb Code     0  __rtentry4.o(.ARM.Collect$$rtentry$$00000004)
    __rt_entry_li                            0x0800021b   Thumb Code     0  __rtentry2.o(.ARM.Collect$$rtentry$$0000000A)
    __rt_entry_postsh_1                      0x0800021b   Thumb Code     0  __rtentry2.o(.ARM.Collect$$rtentry$$00000009)
    __rt_entry_postli_1                      0x0800021f   Thumb Code     0  __rtentry2.o(.ARM.Collect$$rtentry$$0000000B)
    __rt_entry_main                          0x08000227   Thumb Code     0  __rtentry2.o(.ARM.Collect$$rtentry$$0000000D)
    __rt_exit                                0x0800022f   Thumb Code     0  rtexit.o(.ARM.Collect$$rtexit$$00000000)
    __rt_exit_ls                             0x08000231   Thumb Code     0  rtexit2.o(.ARM.Collect$$rtexit$$00000003)
    __rt_exit_prels_1                        0x08000231   Thumb Code     0  rtexit2.o(.ARM.Collect$$rtexit$$00000002)
    __rt_exit_exit                           0x08000235   Thumb Code     0  rtexit2.o(.ARM.Collect$$rtexit$$00000004)
    _platform_post_lib_init                  0x0800023d   Thumb Code    24  rtx_conf_cm.o(.emb_text)
    rt_set_PSP                               0x08000259   Thumb Code     6  hal_cm4.o(.emb_text)
    rt_get_PSP                               0x0800025f   Thumb Code     6  hal_cm4.o(.emb_text)
    os_set_env                               0x08000265   Thumb Code    24  hal_cm4.o(.emb_text)
    _alloc_box                               0x08000281   Thumb Code    28  hal_cm4.o(.emb_text)
    _free_box                                0x080002a1   Thumb Code    28  hal_cm4.o(.emb_text)
    SVC_Handler                              0x080002c1   Thumb Code   168  hal_cm4.o(.emb_text)
    PendSV_Handler                           0x08000379   Thumb Code    96  hal_cm4.o(.emb_text)
    SysTick_Handler                          0x080003dd   Thumb Code     8  hal_cm4.o(.emb_text)
    OS_Tick_Handler                          0x080003e5   Thumb Code    12  hal_cm4.o(.emb_text)
    Reset_Handler                            0x080003f1   Thumb Code     8  startup_stm32f401xe.o(.text)
    NMI_Handler                              0x080003f9   Thumb Code     2  startup_stm32f401xe.o(.text)
    HardFault_Handler                        0x080003fb   Thumb Code     2  startup_stm32f401xe.o(.text)
    MemManage_Handler                        0x080003fd   Thumb Code     2  startup_stm32f401xe.o(.text)
    BusFault_Handler                         0x080003ff   Thumb Code     2  startup_stm32f401xe.o(.text)
    UsageFault_Handler                       0x08000401   Thumb Code     2  startup_stm32f401xe.o(.text)
    DebugMon_Handler                         0x08000405   Thumb Code     2  startup_stm32f401xe.o(.text)
    ADC_IRQHandler                           0x0800040b   Thumb Code     0  startup_stm32f401xe.o(.text)
    DMA1_Stream0_IRQHandler                  0x0800040b   Thumb Code     0  startup_stm32f401xe.o(.text)
    DMA1_Stream1_IRQHandler                  0x0800040b   Thumb Code     0  startup_stm32f401xe.o(.text)
    DMA1_Stream2_IRQHandler                  0x0800040b   Thumb Code     0  startup_stm32f401xe.o(.text)
    DMA1_Stream3_IRQHandler                  0x0800040b   Thumb Code     0  startup_stm32f401xe.o(.text)
    DMA1_Stream4_IRQHandler                  0x0800040b   Thumb Code     0  startup_stm32f401xe.o(.text)
    DMA1_Stream5_IRQHandler                  0x0800040b   Thumb Code     0  startup_stm32f401xe.o(.text)
    DMA1_Stream6_IRQHandler                  0x0800040b   Thumb Code     0  startup_stm32f401xe.o(.text)
    DMA1_Stream7_IRQHandler                  0x0800040b   Thumb Code     0  startup_stm32f401xe.o(.text)
    DMA2_Stream0_IRQHandler                  0x0800040b   Thumb Code     0  startup_stm32f401xe.o(.text)
    DMA2_Stream1_IRQHandler                  0x0800040b   Thumb Code     0  startup_stm32f401xe.o(.text)
    DMA2_Stream2_IRQHandler                  0x0800040b   Thumb Code     0  startup_stm32f401xe.o(.text)
    DMA2_Stream3_IRQHandler                  0x0800040b   Thumb Code     0  startup_stm32f401xe.o(.text)
    DMA2_Stream4_IRQHandler                  0x0800040b   Thumb Code     0  startup_stm32f401xe.o(.text)
    DMA2_Stream5_IRQHandler                  0x0800040b   Thumb Code     0  startup_stm32f401xe.o(.text)
    DMA2_Stream6_IRQHandler                  0x0800040b   Thumb Code     0  startup_stm32f401xe.o(.text)
    DMA2_Stream7_IRQHandler                  0x0800040b   Thumb Code     0  startup_stm32f401xe.o(.text)
    EXTI0_IRQHandler                         0x0800040b   Thumb Code     0  startup_stm32f401xe.o(.text)
    EXTI15_10_IRQHandler                     0x0800040b   Thumb Code     0  startup_stm32f401xe.o(.text)
    EXTI1_IRQHandler                         0x0800040b   Thumb Code     0  startup_stm32f401xe.o(.text)
    EXTI2_IRQHandler                         0x0800040b   Thumb Code     0  startup_stm32f401xe.o(.text)
    EXTI3_IRQHandler                         0x0800040b   Thumb Code     0  startup_stm32f401xe.o(.text)
    EXTI4_IRQHandler                         0x0800040b   Thumb Code     0  startup_stm32f401xe.o(.text)
    EXTI9_5_IRQHandler                       0x0800040b   Thumb Code     0  startup_stm32f401xe.o(.text)
    FLASH_IRQHandler                         0x0800040b   Thumb Code     0  startup_stm32f401xe.o(.text)
    FPU_IRQHandler                           0x0800040b   Thumb Code     0  startup_stm32f401xe.o(.text)
    I2C1_ER_IRQHandler                       0x0800040b   Thumb Code     0  startup_stm32f401xe.o(.text)
    I2C1_EV_IRQHandler                       0x0800040b   Thumb Code     0  startup_stm32f401xe.o(.text)
    I2C2_ER_IRQHandler                       0x0800040b   Thumb Code     0  startup_stm32f401xe.o(.text)
    I2C2_EV_IRQHandler                       0x0800040b   Thumb Code     0  startup_stm32f401xe.o(.text)
    I2C3_ER_IRQHandler                       0x0800040b   Thumb Code     0  startup_stm32f401xe.o(.text)
    I2C3_EV_IRQHandler                       0x0800040b   Thumb Code     0  startup_stm32f401xe.o(.text)
    OTG_FS_IRQHandler                        0x0800040b   Thumb Code     0  startup_stm32f401xe.o(.text)
    OTG_FS_WKUP_IRQHandler                   0x0800040b   Thumb Code     0  startup_stm32f401xe.o(.text)
    PVD_IRQHandler                           0x0800040b   Thumb Code     0  startup_stm32f401xe.o(.text)
    RCC_IRQHandler                           0x0800040b   Thumb Code     0  startup_stm32f401xe.o(.text)
    RTC_Alarm_IRQHandler                     0x0800040b   Thumb Code     0  startup_stm32f401xe.o(.text)
    RTC_WKUP_IRQHandler                      0x0800040b   Thumb Code     0  startup_stm32f401xe.o(.text)
    SDIO_IRQHandler                          0x0800040b   Thumb Code     0  startup_stm32f401xe.o(.text)
    SPI1_IRQHandler                          0x0800040b   Thumb Code     0  startup_stm32f401xe.o(.text)
    SPI2_IRQHandler                          0x0800040b   Thumb Code     0  startup_stm32f401xe.o(.text)
    SPI3_IRQHandler                          0x0800040b   Thumb Code     0  startup_stm32f401xe.o(.text)
    SPI4_IRQHandler                          0x0800040b   Thumb Code     0  startup_stm32f401xe.o(.text)
    TAMP_STAMP_IRQHandler                    0x0800040b   Thumb Code     0  startup_stm32f401xe.o(.text)
    TIM1_BRK_TIM9_IRQHandler                 0x0800040b   Thumb Code     0  startup_stm32f401xe.o(.text)
    TIM1_CC_IRQHandler                       0x0800040b   Thumb Code     0  startup_stm32f401xe.o(.text)
    TIM1_TRG_COM_TIM11_IRQHandler            0x0800040b   Thumb Code     0  startup_stm32f401xe.o(.text)
    TIM1_UP_TIM10_IRQHandler                 0x0800040b   Thumb Code     0  startup_stm32f401xe.o(.text)
    TIM2_IRQHandler                          0x0800040b   Thumb Code     0  startup_stm32f401xe.o(.text)
    TIM3_IRQHandler                          0x0800040b   Thumb Code     0  startup_stm32f401xe.o(.text)
    TIM4_IRQHandler                          0x0800040b   Thumb Code     0  startup_stm32f401xe.o(.text)
    TIM5_IRQHandler                          0x0800040b   Thumb Code     0  startup_stm32f401xe.o(.text)
    USART1_IRQHandler                        0x0800040b   Thumb Code     0  startup_stm32f401xe.o(.text)
    USART2_IRQHandler                        0x0800040b   Thumb Code     0  startup_stm32f401xe.o(.text)
    USART6_IRQHandler                        0x0800040b   Thumb Code     0  startup_stm32f401xe.o(.text)
    WWDG_IRQHandler                          0x0800040b   Thumb Code     0  startup_stm32f401xe.o(.text)
    __user_initial_stackheap                 0x0800040d   Thumb Code     0  startup_stm32f401xe.o(.text)
    __user_libspace                          0x08000431   Thumb Code     8  libspace.o(.text)
    __user_perproc_libspace                  0x08000431   Thumb Code     0  libspace.o(.text)
    exit                                     0x08000439   Thumb Code    18  exit.o(.text)
    __use_two_region_memory                  0x0800044b   Thumb Code     2  heapauxi.o(.text)
    __rt_heap_escrow$2region                 0x0800044d   Thumb Code     2  heapauxi.o(.text)
    __rt_heap_expand$2region                 0x0800044f   Thumb Code     2  heapauxi.o(.text)
    _sys_exit                                0x08000451   Thumb Code     8  sys_exit.o(.text)
    __user_setup_stackheap                   0x0800045d   Thumb Code    74  sys_stackheap_outer.o(.text)
    __I$use$semihosting                      0x080004a7   Thumb Code     0  use_no_semi.o(.text)
    __use_no_semihosting_swi                 0x080004a7   Thumb Code     2  use_no_semi.o(.text)
    SVC_Count                                0x080004a8   Data           4  svc_table.o(SVC_TABLE)
    __semihosting_library_function           0x080004a9   Thumb Code     0  indicate_semi.o(.text)
    BLUE_toggle                              0x080004ad   Thumb Code    14  leds.o(i.BLUE_toggle)
    SVC_Table                                0x080004ac   Data           0  svc_table.o(SVC_TABLE)
    GREEN_toggle                             0x080004c1   Thumb Code    14  leds.o(i.GREEN_toggle)
    LEDs_init                                0x080004d5   Thumb Code    26  leds.o(i.LEDs_init)
    RED_toggle                               0x080004fd   Thumb Code    14  leds.o(i.RED_toggle)
    SystemInit                               0x08000511   Thumb Code    82  system_stm32f4xx.o(i.SystemInit)
    _init_box                                0x08000575   Thumb Code    70  rt_membox.o(i._init_box)
    _mutex_acquire                           0x080005bd   Thumb Code    22  rtx_conf_cm.o(i._mutex_acquire)
    _mutex_release                           0x080005dd   Thumb Code    18  rtx_conf_cm.o(i._mutex_release)
    blue_thread                              0x080005f9   Thumb Code    14  main.o(i.blue_thread)
    dbg_init                                 0x08000609   Thumb Code    34  hal_cm.o(i.dbg_init)
    dbg_task_notify                          0x08000639   Thumb Code    32  hal_cm.o(i.dbg_task_notify)
    dbg_task_switch                          0x08000659   Thumb Code    16  hal_cm.o(i.dbg_task_switch)
    green_thread                             0x08000669   Thumb Code    14  main.o(i.green_thread)
    isrMessageGet                            0x08000677   Thumb Code    42  rt_cmsis.o(i.isrMessageGet)
    isrMessagePut                            0x080006a1   Thumb Code    44  rt_cmsis.o(i.isrMessagePut)
    isr_mbx_receive                          0x080006cd   Thumb Code    86  rt_mailbox.o(i.isr_mbx_receive)
    isr_mbx_send                             0x08000723   Thumb Code    14  rt_mailbox.o(i.isr_mbx_send)
    main                                     0x08000731   Thumb Code    32  main.o(i.main)
    osDelay                                  0x0800075d   Thumb Code    18  rt_cmsis.o(i.osDelay)
    osKernelInitialize                       0x08000775   Thumb Code    30  rt_cmsis.o(i.osKernelInitialize)
    osKernelStart                            0x08000799   Thumb Code    98  rt_cmsis.o(i.osKernelStart)
    osMessageGet                             0x08000805   Thumb Code    18  rt_cmsis.o(i.osMessageGet)
    osThreadCreate                           0x0800081d   Thumb Code    36  rt_cmsis.o(i.osThreadCreate)
    osThreadExit                             0x08000849   Thumb Code    14  rt_cmsis.o(i.osThreadExit)
    osTimerCall                              0x08000861   Thumb Code     8  rt_cmsis.o(i.osTimerCall)
    osTimerThread                            0x0800086d   Thumb Code    38  rt_cmsis.o(i.osTimerThread)
    os_error                                 0x08000899   Thumb Code    34  rtx_conf_cm.o(i.os_error)
    os_idle_demon                            0x080008bb   Thumb Code     4  rtx_conf_cm.o(i.os_idle_demon)
    os_tick_init                             0x080008c1   Thumb Code    32  rt_system.o(i.os_tick_init)
    os_tick_irqack                           0x080008e9   Thumb Code     2  rt_system.o(i.os_tick_irqack)
    red_thread                               0x080008eb   Thumb Code    14  main.o(i.red_thread)
    rt_alloc_box                             0x080008f9   Thumb Code    26  rt_membox.o(i.rt_alloc_box)
    rt_alloc_mem                             0x08000913   Thumb Code    62  rt_memory.o(i.rt_alloc_mem)
    rt_block                                 0x08000951   Thumb Code    48  rt_task.o(i.rt_block)
    rt_chk_robin                             0x08000989   Thumb Code    60  rt_robin.o(i.rt_chk_robin)
    rt_dec_dly                               0x080009d1   Thumb Code   102  rt_list.o(i.rt_dec_dly)
    rt_dispatch                              0x08000a41   Thumb Code    60  rt_task.o(i.rt_dispatch)
    rt_dly_wait                              0x08000a85   Thumb Code     6  rt_time.o(i.rt_dly_wait)
    rt_evt_psh                               0x08000a8d   Thumb Code    76  rt_event.o(i.rt_evt_psh)
    rt_free_box                              0x08000add   Thumb Code    44  rt_membox.o(i.rt_free_box)
    rt_free_mem                              0x08000b09   Thumb Code    40  rt_memory.o(i.rt_free_mem)
    rt_get_first                             0x08000b31   Thumb Code    40  rt_list.o(i.rt_get_first)
    rt_init_mem                              0x08000ba9   Thumb Code    26  rt_memory.o(i.rt_init_mem)
    rt_init_robin                            0x08000bc5   Thumb Code    14  rt_robin.o(i.rt_init_robin)
    rt_init_stack                            0x08000bdd   Thumb Code   118  hal_cm.o(i.rt_init_stack)
    rt_mbx_check                             0x08000c5d   Thumb Code     8  rt_mailbox.o(i.rt_mbx_check)
    rt_mbx_init                              0x08000c65   Thumb Code    26  rt_mailbox.o(i.rt_mbx_init)
    rt_mbx_psh                               0x08000c81   Thumb Code   236  rt_mailbox.o(i.rt_mbx_psh)
    rt_mbx_wait                              0x08000d71   Thumb Code   174  rt_mailbox.o(i.rt_mbx_wait)
    rt_mut_release                           0x08000e69   Thumb Code   208  rt_mutex.o(i.rt_mut_release)
    rt_mut_wait                              0x08000f41   Thumb Code   114  rt_mutex.o(i.rt_mut_wait)
    rt_pop_req                               0x08000fb9   Thumb Code   112  rt_system.o(i.rt_pop_req)
    rt_psh_req                               0x08001035   Thumb Code    22  rt_system.o(i.rt_psh_req)
    rt_psq_enq                               0x08001055   Thumb Code    88  rt_list.o(i.rt_psq_enq)
    rt_put_dly                               0x080010b1   Thumb Code    68  rt_list.o(i.rt_put_dly)
    rt_put_prio                              0x080010f9   Thumb Code    54  rt_list.o(i.rt_put_prio)
    rt_put_rdy_first                         0x08001131   Thumb Code    14  rt_list.o(i.rt_put_rdy_first)
    rt_resort_prio                           0x08001145   Thumb Code    46  rt_list.o(i.rt_resort_prio)
    rt_ret_val                               0x08001189   Thumb Code    12  hal_cm.o(i.rt_ret_val)
    rt_ret_val2                              0x08001195   Thumb Code    16  hal_cm.o(i.rt_ret_val2)
    rt_rmv_dly                               0x080011a5   Thumb Code    40  rt_list.o(i.rt_rmv_dly)
    rt_rmv_list                              0x080011cd   Thumb Code    44  rt_list.o(i.rt_rmv_list)
    rt_sem_psh                               0x080011fd   Thumb Code    48  rt_semaphore.o(i.rt_sem_psh)
    rt_stk_check                             0x08001231   Thumb Code    28  rt_system.o(i.rt_stk_check)
    rt_switch_req                            0x08001255   Thumb Code    30  rt_task.o(i.rt_switch_req)
    rt_sys_init                              0x0800127d   Thumb Code   138  rt_task.o(i.rt_sys_init)
    rt_sys_start                             0x08001349   Thumb Code   110  rt_task.o(i.rt_sys_start)
    rt_systick                               0x080013c1   Thumb Code    50  rt_system.o(i.rt_systick)
    rt_tsk_create                            0x08001449   Thumb Code   118  rt_task.o(i.rt_tsk_create)
    rt_tsk_delete                            0x080014d1   Thumb Code   352  rt_task.o(i.rt_tsk_delete)
    rt_tsk_prio                              0x0800164d   Thumb Code   108  rt_task.o(i.rt_tsk_prio)
    rt_tsk_self                              0x080016c9   Thumb Code    12  rt_task.o(i.rt_tsk_self)
    svcDelay                                 0x080016d9   Thumb Code    18  rt_cmsis.o(i.svcDelay)
    svcKernelInitialize                      0x080016ed   Thumb Code    80  rt_cmsis.o(i.svcKernelInitialize)
    svcKernelStart                           0x0800175d   Thumb Code    62  rt_cmsis.o(i.svcKernelStart)
    svcMessageCreate                         0x080017a5   Thumb Code    36  rt_cmsis.o(i.svcMessageCreate)
    svcMessageGet                            0x080017c9   Thumb Code    58  rt_cmsis.o(i.svcMessageGet)
    svcThreadCreate                          0x08001805   Thumb Code    96  rt_cmsis.o(i.svcThreadCreate)
    svcThreadGetId                           0x08001871   Thumb Code    22  rt_cmsis.o(i.svcThreadGetId)
    svcThreadTerminate                       0x0800188d   Thumb Code    50  rt_cmsis.o(i.svcThreadTerminate)
    svcTimerCall                             0x080018c5   Thumb Code    24  rt_cmsis.o(i.svcTimerCall)
    sysTimerTick                             0x080018dd   Thumb Code    84  rt_cmsis.o(i.sysTimerTick)
    _fp_init                                 0x08001939   Thumb Code    10  fpinit.o(x$fpl$fpinit)
    __fplib_config_fpu_vfp                   0x08001941   Thumb Code     0  fpinit.o(x$fpl$fpinit)
    __fplib_config_pureend_doubles           0x08001941   Thumb Code     0  fpinit.o(x$fpl$fpinit)
    os_thread_def_red_thread                 0x08001944   Data          16  main.o(.constdata)
    os_thread_def_blue_thread                0x08001954   Data          16  main.o(.constdata)
    os_thread_def_green_thread               0x08001964   Data          16  main.o(.constdata)
    os_maxtaskrun                            0x08001974   Data           2  rtx_conf_cm.o(.constdata)
    os_stackinfo                             0x08001978   Data           4  rtx_conf_cm.o(.constdata)
    os_rrobin                                0x0800197c   Data           4  rtx_conf_cm.o(.constdata)
    os_tickfreq                              0x08001980   Data           4  rtx_conf_cm.o(.constdata)
    os_tickus_i                              0x08001984   Data           2  rtx_conf_cm.o(.constdata)
    os_tickus_f                              0x08001986   Data           2  rtx_conf_cm.o(.constdata)
    os_trv                                   0x08001988   Data           4  rtx_conf_cm.o(.constdata)
    os_flags                                 0x0800198c   Data           1  rtx_conf_cm.o(.constdata)
    CMSIS_RTOS_API_Version                   0x08001990   Data           4  rtx_conf_cm.o(.constdata)
    CMSIS_RTOS_RTX_Version                   0x08001994   Data           4  rtx_conf_cm.o(.constdata)
    os_clockrate                             0x08001998   Data           4  rtx_conf_cm.o(.constdata)
    os_timernum                              0x0800199c   Data           4  rtx_conf_cm.o(.constdata)
    mp_tcb_size                              0x080019a0   Data           2  rtx_conf_cm.o(.constdata)
    mp_stk_size                              0x080019a4   Data           4  rtx_conf_cm.o(.constdata)
    os_stack_sz                              0x080019a8   Data           4  rtx_conf_cm.o(.constdata)
    os_fifo_size                             0x080019ac   Data           1  rtx_conf_cm.o(.constdata)
    os_thread_def_osTimerThread              0x080019b0   Data          16  rtx_conf_cm.o(.constdata)
    os_messageQ_def_osTimerMessageQ          0x080019c0   Data           8  rtx_conf_cm.o(.constdata)
    mp_tmr_size                              0x080019c8   Data           2  rtx_conf_cm.o(.constdata)
    os_thread_def_main                       0x080019cc   Data          16  rtx_conf_cm.o(.constdata)
    Region$$Table$$Base                      0x080019dc   Number         0  anon$$obj.o(Region$$Table)
    Region$$Table$$Limit                     0x080019fc   Number         0  anon$$obj.o(Region$$Table)
    osThreadId_osTimerThread                 0x20000000   Data           4  rtx_conf_cm.o(.data)
    osMessageQId_osTimerMessageQ             0x20000004   Data           4  rtx_conf_cm.o(.data)
    os_tmr                                   0x20000008   Data           4  rtx_conf_cm.o(.data)
    m_tmr                                    0x2000000c   Data           4  rtx_conf_cm.o(.data)
    os_initialized                           0x20000014   Data           1  rt_cmsis.o(.data)
    os_running                               0x20000015   Data           1  rt_cmsis.o(.data)
    os_timer_head                            0x20000018   Data           4  rt_cmsis.o(.data)
    os_tsk                                   0x2000001c   Data           8  rt_task.o(.data)
    os_tick_irqn                             0x20000028   Data           4  rt_system.o(.data)
    os_time                                  0x2000002c   Data           4  rt_time.o(.data)
    os_robin                                 0x20000030   Data           8  rt_robin.o(.data)
    dbg_msg                                  0x20000038   Data           1  hal_cm.o(.data)
    mp_tcb                                   0x20000040   Data         376  rtx_conf_cm.o(.bss)
    mp_stk                                   0x200001b8   Data        1216  rtx_conf_cm.o(.bss)
    os_stack_mem                             0x20000678   Data         432  rtx_conf_cm.o(.bss)
    os_fifo                                  0x20000828   Data         132  rtx_conf_cm.o(.bss)
    os_active_TCB                            0x200008ac   Data          28  rtx_conf_cm.o(.bss)
    os_messageQ_q_osTimerMessageQ            0x200008c8   Data          32  rtx_conf_cm.o(.bss)
    os_idle_TCB                              0x20000c08   Data          52  rt_task.o(.bss)
    os_rdy                                   0x20000c3c   Data          24  rt_list.o(.bss)
    os_dly                                   0x20000c54   Data          24  rt_list.o(.bss)
    __libspace_start                         0x20000c6c   Data          96  libspace.o(.bss)
    __temporary_stack_top$libspace           0x20000ccc   Data           0  libspace.o(.bss)



==============================================================================

Memory Map of the image

  Image Entry point : 0x08000195

  Load Region LR_IROM1 (Base: 0x08000000, Size: 0x00001a38, Max: 0x00080000, ABSOLUTE)

    Execution Region ER_IROM1 (Exec base: 0x08000000, Load base: 0x08000000, Size: 0x000019fc, Max: 0x00080000, ABSOLUTE)

    Exec Addr    Load Addr    Size         Type   Attr      Idx    E Section Name        Object

    0x08000000   0x08000000   0x00000194   Data   RO          197    RESET               startup_stm32f401xe.o
    0x08000194   0x08000194   0x00000008   Code   RO         1466  * !!!main             c_w.l(__main.o)
    0x0800019c   0x0800019c   0x00000034   Code   RO         1627    !!!scatter          c_w.l(__scatter.o)
    0x080001d0   0x080001d0   0x0000001a   Code   RO         1629    !!handler_copy      c_w.l(__scatter_copy.o)
    0x080001ea   0x080001ea   0x00000002   PAD
    0x080001ec   0x080001ec   0x0000001c   Code   RO         1631    !!handler_zi        c_w.l(__scatter_zi.o)
    0x08000208   0x08000208   0x00000002   Code   RO         1513    .ARM.Collect$$libinit$$00000000  c_w.l(libinit.o)
    0x0800020a   0x0800020a   0x00000004   Code   RO         1524    .ARM.Collect$$libinit$$00000001  c_w.l(libinit2.o)
    0x0800020e   0x0800020e   0x00000000   Code   RO         1527    .ARM.Collect$$libinit$$00000004  c_w.l(libinit2.o)
    0x0800020e   0x0800020e   0x00000000   Code   RO         1530    .ARM.Collect$$libinit$$0000000A  c_w.l(libinit2.o)
    0x0800020e   0x0800020e   0x00000000   Code   RO         1532    .ARM.Collect$$libinit$$0000000C  c_w.l(libinit2.o)
    0x0800020e   0x0800020e   0x00000000   Code   RO         1534    .ARM.Collect$$libinit$$0000000E  c_w.l(libinit2.o)
    0x0800020e   0x0800020e   0x00000000   Code   RO         1537    .ARM.Collect$$libinit$$00000011  c_w.l(libinit2.o)
    0x0800020e   0x0800020e   0x00000000   Code   RO         1539    .ARM.Collect$$libinit$$00000013  c_w.l(libinit2.o)
    0x0800020e   0x0800020e   0x00000000   Code   RO         1541    .ARM.Collect$$libinit$$00000015  c_w.l(libinit2.o)
    0x0800020e   0x0800020e   0x00000000   Code   RO         1543    .ARM.Collect$$libinit$$00000017  c_w.l(libinit2.o)
    0x0800020e   0x0800020e   0x00000000   Code   RO         1545    .ARM.Collect$$libinit$$00000019  c_w.l(libinit2.o)
    0x0800020e   0x0800020e   0x00000000   Code   RO         1547    .ARM.Collect$$libinit$$0000001B  c_w.l(libinit2.o)
    0x0800020e   0x0800020e   0x00000000   Code   RO         1549    .ARM.Collect$$libinit$$0000001D  c_w.l(libinit2.o)
    0x0800020e   0x0800020e   0x00000000   Code   RO         1551    .ARM.Collect$$libinit$$0000001F  c_w.l(libinit2.o)
    0x0800020e   0x0800020e   0x00000000   Code   RO         1553    .ARM.Collect$$libinit$$00000021  c_w.l(libinit2.o)
    0x0800020e   0x0800020e   0x00000000   Code   RO         1555    .ARM.Collect$$libinit$$00000023  c_w.l(libinit2.o)
    0x0800020e   0x0800020e   0x00000000   Code   RO         1557    .ARM.Collect$$libinit$$00000025  c_w.l(libinit2.o)
    0x0800020e   0x0800020e   0x00000000   Code   RO         1561    .ARM.Collect$$libinit$$0000002C  c_w.l(libinit2.o)
    0x0800020e   0x0800020e   0x00000000   Code   RO         1563    .ARM.Collect$$libinit$$0000002E  c_w.l(libinit2.o)
    0x0800020e   0x0800020e   0x00000000   Code   RO         1565    .ARM.Collect$$libinit$$00000030  c_w.l(libinit2.o)
    0x0800020e   0x0800020e   0x00000000   Code   RO         1567    .ARM.Collect$$libinit$$00000032  c_w.l(libinit2.o)
    0x0800020e   0x0800020e   0x00000002   Code   RO         1568    .ARM.Collect$$libinit$$00000033  c_w.l(libinit2.o)
    0x08000210   0x08000210   0x00000002   Code   RO         1514    .ARM.Collect$$libshutdown$$00000000  c_w.l(libshutdown.o)
    0x08000212   0x08000212   0x00000000   Code   RO         1570    .ARM.Collect$$libshutdown$$00000002  c_w.l(libshutdown2.o)
    0x08000212   0x08000212   0x00000000   Code   RO         1572    .ARM.Collect$$libshutdown$$00000004  c_w.l(libshutdown2.o)
    0x08000212   0x08000212   0x00000000   Code   RO         1575    .ARM.Collect$$libshutdown$$00000007  c_w.l(libshutdown2.o)
    0x08000212   0x08000212   0x00000000   Code   RO         1578    .ARM.Collect$$libshutdown$$0000000A  c_w.l(libshutdown2.o)
    0x08000212   0x08000212   0x00000000   Code   RO         1580    .ARM.Collect$$libshutdown$$0000000C  c_w.l(libshutdown2.o)
    0x08000212   0x08000212   0x00000000   Code   RO         1583    .ARM.Collect$$libshutdown$$0000000F  c_w.l(libshutdown2.o)
    0x08000212   0x08000212   0x00000002   Code   RO         1584    .ARM.Collect$$libshutdown$$00000010  c_w.l(libshutdown2.o)
    0x08000214   0x08000214   0x00000000   Code   RO         1468    .ARM.Collect$$rtentry$$00000000  c_w.l(__rtentry.o)
    0x08000214   0x08000214   0x00000000   Code   RO         1476    .ARM.Collect$$rtentry$$00000002  c_w.l(__rtentry2.o)
    0x08000214   0x08000214   0x00000006   Code   RO         1488    .ARM.Collect$$rtentry$$00000004  c_w.l(__rtentry4.o)
    0x0800021a   0x0800021a   0x00000000   Code   RO         1478    .ARM.Collect$$rtentry$$00000009  c_w.l(__rtentry2.o)
    0x0800021a   0x0800021a   0x00000004   Code   RO         1479    .ARM.Collect$$rtentry$$0000000A  c_w.l(__rtentry2.o)
    0x0800021e   0x0800021e   0x00000008   Code   RO         1480    .ARM.Collect$$rtentry$$0000000B  c_w.l(__rtentry2.o)
    0x08000226   0x08000226   0x00000008   Code   RO         1482    .ARM.Collect$$rtentry$$0000000D  c_w.l(__rtentry2.o)
    0x0800022e   0x0800022e   0x00000002   Code   RO         1469    .ARM.Collect$$rtexit$$00000000  c_w.l(rtexit.o)
    0x08000230   0x08000230   0x00000000   Code   RO         1491    .ARM.Collect$$rtexit$$00000002  c_w.l(rtexit2.o)
    0x08000230   0x08000230   0x00000004   Code   RO         1492    .ARM.Collect$$rtexit$$00000003  c_w.l(rtexit2.o)
    0x08000234   0x08000234   0x00000006   Code   RO         1493    .ARM.Collect$$rtexit$$00000004  c_w.l(rtexit2.o)
    0x0800023a   0x0800023a   0x00000002   PAD
    0x0800023c   0x0800023c   0x0000001c   Code   RO          137    .emb_text           rtx_conf_cm.o
    0x08000258   0x08000258   0x00000198   Code   RO         1442    .emb_text           RTX_CM4.lib(hal_cm4.o)
    0x080003f0   0x080003f0   0x00000040   Code   RO          198    .text               startup_stm32f401xe.o
    0x08000430   0x08000430   0x00000008   Code   RO         1457    .text               c_w.l(libspace.o)
    0x08000438   0x08000438   0x00000012   Code   RO         1462    .text               c_w.l(exit.o)
    0x0800044a   0x0800044a   0x00000006   Code   RO         1464    .text               c_w.l(heapauxi.o)
    0x08000450   0x08000450   0x0000000c   Code   RO         1499    .text               c_w.l(sys_exit.o)
    0x0800045c   0x0800045c   0x0000004a   Code   RO         1501    .text               c_w.l(sys_stackheap_outer.o)
    0x080004a6   0x080004a6   0x00000002   Code   RO         1515    .text               c_w.l(use_no_semi.o)
    0x080004a8   0x080004a8   0x00000000   Code   RO         1517    .text               c_w.l(indicate_semi.o)
    0x080004a8   0x080004a8   0x00000004   Code   RO         1452    SVC_TABLE           RTX_CM4.lib(svc_table.o)
    0x080004ac   0x080004ac   0x00000014   Code   RO           92    i.BLUE_toggle       leds.o
    0x080004c0   0x080004c0   0x00000014   Code   RO           93    i.GREEN_toggle      leds.o
    0x080004d4   0x080004d4   0x00000028   Code   RO           94    i.LEDs_init         leds.o
    0x080004fc   0x080004fc   0x00000014   Code   RO           96    i.RED_toggle        leds.o
    0x08000510   0x08000510   0x00000064   Code   RO          206    i.SystemInit        system_stm32f4xx.o
    0x08000574   0x08000574   0x00000046   Code   RO         1336    i._init_box         RTX_CM4.lib(rt_membox.o)
    0x080005ba   0x080005ba   0x00000002   PAD
    0x080005bc   0x080005bc   0x00000020   Code   RO          139    i._mutex_acquire    rtx_conf_cm.o
    0x080005dc   0x080005dc   0x0000001c   Code   RO          141    i._mutex_release    rtx_conf_cm.o
    0x080005f8   0x080005f8   0x0000000e   Code   RO            4    i.blue_thread       main.o
    0x08000606   0x08000606   0x00000002   PAD
    0x08000608   0x08000608   0x00000030   Code   RO         1389    i.dbg_init          RTX_CM4.lib(hal_cm.o)
    0x08000638   0x08000638   0x00000020   Code   RO         1390    i.dbg_task_notify   RTX_CM4.lib(hal_cm.o)
    0x08000658   0x08000658   0x00000010   Code   RO         1391    i.dbg_task_switch   RTX_CM4.lib(hal_cm.o)
    0x08000668   0x08000668   0x0000000e   Code   RO            5    i.green_thread      main.o
    0x08000676   0x08000676   0x0000002a   Code   RO          242    i.isrMessageGet     RTX_CM4.lib(rt_cmsis.o)
    0x080006a0   0x080006a0   0x0000002c   Code   RO          243    i.isrMessagePut     RTX_CM4.lib(rt_cmsis.o)
    0x080006cc   0x080006cc   0x00000056   Code   RO         1191    i.isr_mbx_receive   RTX_CM4.lib(rt_mailbox.o)
    0x08000722   0x08000722   0x0000000e   Code   RO         1192    i.isr_mbx_send      RTX_CM4.lib(rt_mailbox.o)
    0x08000730   0x08000730   0x0000002c   Code   RO            6    i.main              main.o
    0x0800075c   0x0800075c   0x00000018   Code   RO          246    i.osDelay           RTX_CM4.lib(rt_cmsis.o)
    0x08000774   0x08000774   0x00000024   Code   RO          247    i.osKernelInitialize  RTX_CM4.lib(rt_cmsis.o)
    0x08000798   0x08000798   0x0000006c   Code   RO          249    i.osKernelStart     RTX_CM4.lib(rt_cmsis.o)
    0x08000804   0x08000804   0x00000018   Code   RO          258    i.osMessageGet      RTX_CM4.lib(rt_cmsis.o)
    0x0800081c   0x0800081c   0x0000002c   Code   RO          275    i.osThreadCreate    RTX_CM4.lib(rt_cmsis.o)
    0x08000848   0x08000848   0x00000018   Code   RO          276    i.osThreadExit      RTX_CM4.lib(rt_cmsis.o)
    0x08000860   0x08000860   0x0000000c   Code   RO          282    i.osTimerCall       RTX_CM4.lib(rt_cmsis.o)
    0x0800086c   0x0800086c   0x0000002c   Code   RO          287    i.osTimerThread     RTX_CM4.lib(rt_cmsis.o)
    0x08000898   0x08000898   0x00000022   Code   RO          142    i.os_error          rtx_conf_cm.o
    0x080008ba   0x080008ba   0x00000004   Code   RO          143    i.os_idle_demon     rtx_conf_cm.o
    0x080008be   0x080008be   0x00000002   PAD
    0x080008c0   0x080008c0   0x00000028   Code   RO          983    i.os_tick_init      RTX_CM4.lib(rt_system.o)
    0x080008e8   0x080008e8   0x00000002   Code   RO          984    i.os_tick_irqack    RTX_CM4.lib(rt_system.o)
    0x080008ea   0x080008ea   0x0000000e   Code   RO            7    i.red_thread        main.o
    0x080008f8   0x080008f8   0x0000001a   Code   RO         1337    i.rt_alloc_box      RTX_CM4.lib(rt_membox.o)
    0x08000912   0x08000912   0x0000003e   Code   RO         1365    i.rt_alloc_mem      RTX_CM4.lib(rt_memory.o)
    0x08000950   0x08000950   0x00000038   Code   RO          864    i.rt_block          RTX_CM4.lib(rt_task.o)
    0x08000988   0x08000988   0x00000048   Code   RO         1314    i.rt_chk_robin      RTX_CM4.lib(rt_robin.o)
    0x080009d0   0x080009d0   0x00000070   Code   RO         1115    i.rt_dec_dly        RTX_CM4.lib(rt_list.o)
    0x08000a40   0x08000a40   0x00000044   Code   RO          865    i.rt_dispatch       RTX_CM4.lib(rt_task.o)
    0x08000a84   0x08000a84   0x00000006   Code   RO         1281    i.rt_dly_wait       RTX_CM4.lib(rt_time.o)
    0x08000a8a   0x08000a8a   0x00000002   PAD
    0x08000a8c   0x08000a8c   0x00000050   Code   RO         1076    i.rt_evt_psh        RTX_CM4.lib(rt_event.o)
    0x08000adc   0x08000adc   0x0000002c   Code   RO         1338    i.rt_free_box       RTX_CM4.lib(rt_membox.o)
    0x08000b08   0x08000b08   0x00000028   Code   RO         1366    i.rt_free_mem       RTX_CM4.lib(rt_memory.o)
    0x08000b30   0x08000b30   0x00000028   Code   RO         1116    i.rt_get_first      RTX_CM4.lib(rt_list.o)
    0x08000b58   0x08000b58   0x00000008   Code   RO          292    i.rt_id2obj         RTX_CM4.lib(rt_cmsis.o)
    0x08000b60   0x08000b60   0x00000048   Code   RO          866    i.rt_init_context   RTX_CM4.lib(rt_task.o)
    0x08000ba8   0x08000ba8   0x0000001a   Code   RO         1367    i.rt_init_mem       RTX_CM4.lib(rt_memory.o)
    0x08000bc2   0x08000bc2   0x00000002   PAD
    0x08000bc4   0x08000bc4   0x00000018   Code   RO         1315    i.rt_init_robin     RTX_CM4.lib(rt_robin.o)
    0x08000bdc   0x08000bdc   0x00000080   Code   RO         1392    i.rt_init_stack     RTX_CM4.lib(hal_cm.o)
    0x08000c5c   0x08000c5c   0x00000008   Code   RO         1193    i.rt_mbx_check      RTX_CM4.lib(rt_mailbox.o)
    0x08000c64   0x08000c64   0x0000001a   Code   RO         1194    i.rt_mbx_init       RTX_CM4.lib(rt_mailbox.o)
    0x08000c7e   0x08000c7e   0x00000002   PAD
    0x08000c80   0x08000c80   0x000000f0   Code   RO         1195    i.rt_mbx_psh        RTX_CM4.lib(rt_mailbox.o)
    0x08000d70   0x08000d70   0x000000b4   Code   RO         1197    i.rt_mbx_wait       RTX_CM4.lib(rt_mailbox.o)
    0x08000e24   0x08000e24   0x00000044   Code   RO          293    i.rt_ms2tick        RTX_CM4.lib(rt_cmsis.o)
    0x08000e68   0x08000e68   0x000000d8   Code   RO          950    i.rt_mut_release    RTX_CM4.lib(rt_mutex.o)
    0x08000f40   0x08000f40   0x00000078   Code   RO          951    i.rt_mut_wait       RTX_CM4.lib(rt_mutex.o)
    0x08000fb8   0x08000fb8   0x0000007c   Code   RO          987    i.rt_pop_req        RTX_CM4.lib(rt_system.o)
    0x08001034   0x08001034   0x00000020   Code   RO          988    i.rt_psh_req        RTX_CM4.lib(rt_system.o)
    0x08001054   0x08001054   0x0000005c   Code   RO         1118    i.rt_psq_enq        RTX_CM4.lib(rt_list.o)
    0x080010b0   0x080010b0   0x00000048   Code   RO         1119    i.rt_put_dly        RTX_CM4.lib(rt_list.o)
    0x080010f8   0x080010f8   0x00000036   Code   RO         1120    i.rt_put_prio       RTX_CM4.lib(rt_list.o)
    0x0800112e   0x0800112e   0x00000002   PAD
    0x08001130   0x08001130   0x00000014   Code   RO         1121    i.rt_put_rdy_first  RTX_CM4.lib(rt_list.o)
    0x08001144   0x08001144   0x00000034   Code   RO         1122    i.rt_resort_prio    RTX_CM4.lib(rt_list.o)
    0x08001178   0x08001178   0x00000010   Code   RO         1393    i.rt_ret_regs       RTX_CM4.lib(hal_cm.o)
    0x08001188   0x08001188   0x0000000c   Code   RO         1394    i.rt_ret_val        RTX_CM4.lib(hal_cm.o)
    0x08001194   0x08001194   0x00000010   Code   RO         1395    i.rt_ret_val2       RTX_CM4.lib(hal_cm.o)
    0x080011a4   0x080011a4   0x00000028   Code   RO         1123    i.rt_rmv_dly        RTX_CM4.lib(rt_list.o)
    0x080011cc   0x080011cc   0x00000030   Code   RO         1124    i.rt_rmv_list       RTX_CM4.lib(rt_list.o)
    0x080011fc   0x080011fc   0x00000034   Code   RO         1242    i.rt_sem_psh        RTX_CM4.lib(rt_semaphore.o)
    0x08001230   0x08001230   0x00000024   Code   RO          990    i.rt_stk_check      RTX_CM4.lib(rt_system.o)
    0x08001254   0x08001254   0x00000028   Code   RO          867    i.rt_switch_req     RTX_CM4.lib(rt_task.o)
    0x0800127c   0x0800127c   0x000000cc   Code   RO          868    i.rt_sys_init       RTX_CM4.lib(rt_task.o)
    0x08001348   0x08001348   0x00000078   Code   RO          869    i.rt_sys_start      RTX_CM4.lib(rt_task.o)
    0x080013c0   0x080013c0   0x00000040   Code   RO          992    i.rt_systick        RTX_CM4.lib(rt_system.o)
    0x08001400   0x08001400   0x00000012   Code   RO          294    i.rt_tid2ptcb       RTX_CM4.lib(rt_cmsis.o)
    0x08001412   0x08001412   0x00000002   PAD
    0x08001414   0x08001414   0x00000034   Code   RO          295    i.rt_timer_insert   RTX_CM4.lib(rt_cmsis.o)
    0x08001448   0x08001448   0x00000088   Code   RO          870    i.rt_tsk_create     RTX_CM4.lib(rt_task.o)
    0x080014d0   0x080014d0   0x0000017c   Code   RO          871    i.rt_tsk_delete     RTX_CM4.lib(rt_task.o)
    0x0800164c   0x0800164c   0x0000007c   Code   RO          873    i.rt_tsk_prio       RTX_CM4.lib(rt_task.o)
    0x080016c8   0x080016c8   0x00000010   Code   RO          874    i.rt_tsk_self       RTX_CM4.lib(rt_task.o)
    0x080016d8   0x080016d8   0x00000012   Code   RO          297    i.svcDelay          RTX_CM4.lib(rt_cmsis.o)
    0x080016ea   0x080016ea   0x00000002   PAD
    0x080016ec   0x080016ec   0x00000070   Code   RO          298    i.svcKernelInitialize  RTX_CM4.lib(rt_cmsis.o)
    0x0800175c   0x0800175c   0x00000048   Code   RO          300    i.svcKernelStart    RTX_CM4.lib(rt_cmsis.o)
    0x080017a4   0x080017a4   0x00000024   Code   RO          303    i.svcMessageCreate  RTX_CM4.lib(rt_cmsis.o)
    0x080017c8   0x080017c8   0x0000003a   Code   RO          304    i.svcMessageGet     RTX_CM4.lib(rt_cmsis.o)
    0x08001802   0x08001802   0x00000002   PAD
    0x08001804   0x08001804   0x0000006c   Code   RO          318    i.svcThreadCreate   RTX_CM4.lib(rt_cmsis.o)
    0x08001870   0x08001870   0x0000001c   Code   RO          319    i.svcThreadGetId    RTX_CM4.lib(rt_cmsis.o)
    0x0800188c   0x0800188c   0x00000038   Code   RO          322    i.svcThreadTerminate  RTX_CM4.lib(rt_cmsis.o)
    0x080018c4   0x080018c4   0x00000018   Code   RO          324    i.svcTimerCall      RTX_CM4.lib(rt_cmsis.o)
    0x080018dc   0x080018dc   0x0000005c   Code   RO          333    i.sysTimerTick      RTX_CM4.lib(rt_cmsis.o)
    0x08001938   0x08001938   0x0000000a   Code   RO         1591    x$fpl$fpinit        fz_wm.l(fpinit.o)
    0x08001942   0x08001942   0x00000002   PAD
    0x08001944   0x08001944   0x00000030   Data   RO            8    .constdata          main.o
    0x08001974   0x08001974   0x00000068   Data   RO          145    .constdata          rtx_conf_cm.o
    0x080019dc   0x080019dc   0x00000020   Data   RO         1625    Region$$Table       anon$$obj.o


    Execution Region RW_IRAM1 (Exec base: 0x20000000, Load base: 0x080019fc, Size: 0x000012d0, Max: 0x00018000, ABSOLUTE)

    Exec Addr    Load Addr    Size         Type   Attr      Idx    E Section Name        Object

    0x20000000   0x080019fc   0x00000014   Data   RW          146    .data               rtx_conf_cm.o
    0x20000014   0x08001a10   0x00000008   Data   RW          336    .data               RTX_CM4.lib(rt_cmsis.o)
    0x2000001c   0x08001a18   0x00000008   Data   RW          876    .data               RTX_CM4.lib(rt_task.o)
    0x20000024   0x08001a20   0x00000008   Data   RW          995    .data               RTX_CM4.lib(rt_system.o)
    0x2000002c   0x08001a28   0x00000004   Data   RW         1285    .data               RTX_CM4.lib(rt_time.o)
    0x20000030   0x08001a2c   0x00000008   Data   RW         1316    .data               RTX_CM4.lib(rt_robin.o)
    0x20000038   0x08001a34   0x00000001   Data   RW         1396    .data               RTX_CM4.lib(hal_cm.o)
    0x20000039   0x08001a35   0x00000007   PAD
    0x20000040        -       0x00000bc8   Zero   RW          144    .bss                rtx_conf_cm.o
    0x20000c08        -       0x00000034   Zero   RW          875    .bss                RTX_CM4.lib(rt_task.o)
    0x20000c3c        -       0x00000030   Zero   RW         1125    .bss                RTX_CM4.lib(rt_list.o)
    0x20000c6c        -       0x00000060   Zero   RW         1458    .bss                c_w.l(libspace.o)
    0x20000ccc   0x08001a35   0x00000004   PAD
    0x20000cd0        -       0x00000200   Zero   RW          196    HEAP                startup_stm32f401xe.o
    0x20000ed0        -       0x00000400   Zero   RW          195    STACK               startup_stm32f401xe.o


==============================================================================

Image component sizes


      Code (inc. data)   RO Data    RW Data    ZI Data      Debug   Object Name

       100         32          0          0          0       1774   leds.o
        86         12         48          0          0      11652   main.o
       126         26        104         20       3016       9467   rtx_conf_cm.o
        64         26        404          0       1536        888   startup_stm32f401xe.o
       100         18          0          0          0        553   system_stm32f4xx.o

    ----------------------------------------------------------------------
       480        114        588         20       4552      24334   Object Totals
         0          0         32          0          0          0   (incl. Generated)
         4          0          0          0          0          0   (incl. Padding)

    ----------------------------------------------------------------------

      Code (inc. data)   RO Data    RW Data    ZI Data      Debug   Library Member Name

       268         24          0          1          0       4440   hal_cm.o
       408         34          0          0          0        812   hal_cm4.o
      1152        144          0          8          0      36066   rt_cmsis.o
        80          4          0          0          0        697   rt_event.o
       530         34          0          0         48       8589   rt_list.o
       554         10          0          0          0       4177   rt_mailbox.o
       140          0          0          0          0       2033   rt_membox.o
       128          0          0          0          0       2411   rt_memory.o
       336         14          0          0          0       1719   rt_mutex.o
        96         22          0          8          0       1230   rt_robin.o
        52          4          0          0          0        613   rt_semaphore.o
       298         52          0          8          0       6427   rt_system.o
      1216        174          0          8         52      10017   rt_task.o
         6          0          0          4          0        684   rt_time.o
         4          4          0          0          0        196   svc_table.o
         8          0          0          0          0         68   __main.o
         0          0          0          0          0          0   __rtentry.o
        20          0          0          0          0          0   __rtentry2.o
         6          0          0          0          0          0   __rtentry4.o
        52          8          0          0          0          0   __scatter.o
        26          0          0          0          0          0   __scatter_copy.o
        28          0          0          0          0          0   __scatter_zi.o
        18          0          0          0          0         80   exit.o
         6          0          0          0          0        152   heapauxi.o
         0          0          0          0          0          0   indicate_semi.o
         2          0          0          0          0          0   libinit.o
         6          0          0          0          0          0   libinit2.o
         2          0          0          0          0          0   libshutdown.o
         2          0          0          0          0          0   libshutdown2.o
         8          4          0          0         96         68   libspace.o
         2          0          0          0          0          0   rtexit.o
        10          0          0          0          0          0   rtexit2.o
        12          4          0          0          0         68   sys_exit.o
        74          0          0          0          0         80   sys_stackheap_outer.o
         2          0          0          0          0         68   use_no_semi.o
        10          0          0          0          0        116   fpinit.o

    ----------------------------------------------------------------------
      5584        536          0         40        204      80811   Library Totals
        22          0          0          3          8          0   (incl. Padding)

    ----------------------------------------------------------------------

      Code (inc. data)   RO Data    RW Data    ZI Data      Debug   Library Name

      5268        520          0         37        100      80111   RTX_CM4.lib
       284         16          0          0         96        584   c_w.l
        10          0          0          0          0        116   fz_wm.l

    ----------------------------------------------------------------------
      5584        536          0         40        204      80811   Library Totals

    ----------------------------------------------------------------------

==============================================================================


      Code (inc. data)   RO Data    RW Data    ZI Data      Debug   

      6064        650        588         60       4756      96889   Grand Totals
      6064        650        588         60       4756      96889   ELF Image Totals
      6064        650        588         60          0          0   ROM Totals

==============================================================================

    Total RO  Size (Code + RO Data)                 6652 (   6.50kB)
    Total RW  Size (RW Data + ZI Data)              4816 (   4.70kB)
    Total ROM Size (Code + RO Data + RW Data)       6712 (   6.55kB)

==============================================================================

