Component: ARM Compiler 5.06 update 6 (build 750) Tool: armlink [4d35ed]

==============================================================================

Section Cross References

    main.o(i.Polar_to_Rect) refers to cosf.o(i.__hardfp_cosf) for __hardfp_cosf
    main.o(i.Polar_to_Rect) refers to sinf.o(i.__hardfp_sinf) for __hardfp_sinf
    main.o(i.Rect_to_Polar) refers to powf.o(i.__hardfp_powf) for __hardfp_powf
    main.o(i.Rect_to_Polar) refers to f2d.o(x$fpl$f2d) for __aeabi_f2d
    main.o(i.Rect_to_Polar) refers to sqrt.o(i.__hardfp_sqrt) for __hardfp_sqrt
    main.o(i.Rect_to_Polar) refers to d2f.o(x$fpl$d2f) for __aeabi_d2f
    main.o(i.Rect_to_Polar) refers to pow.o(i.__hardfp_pow) for __hardfp_pow
    main.o(i.Rect_to_Polar) refers to atan.o(i.__hardfp_atan) for __hardfp_atan
    main.o(i.SysTick_Handler) refers to stm32f4xx_hal.o(i.HAL_IncTick) for HAL_IncTick
    main.o(i.SysTick_Handler) refers to stm32f4xx_hal_cortex.o(i.HAL_SYSTICK_IRQHandler) for HAL_SYSTICK_IRQHandler
    main.o(i.calc_sig_dft) refers to f2d.o(x$fpl$f2d) for __aeabi_f2d
    main.o(i.calc_sig_dft) refers to cos.o(i.__hardfp_cos) for __hardfp_cos
    main.o(i.calc_sig_dft) refers to dmul.o(x$fpl$dmul) for __aeabi_dmul
    main.o(i.calc_sig_dft) refers to daddsub_clz.o(x$fpl$dadd) for __aeabi_dadd
    main.o(i.calc_sig_dft) refers to d2f.o(x$fpl$d2f) for __aeabi_d2f
    main.o(i.calc_sig_dft) refers to sin.o(i.__hardfp_sin) for __hardfp_sin
    main.o(i.calc_sig_dft) refers to daddsub_clz.o(x$fpl$dsub) for __aeabi_dsub
    main.o(i.get_dft_output_mag) refers to f2d.o(x$fpl$f2d) for __aeabi_f2d
    main.o(i.get_dft_output_mag) refers to fabs.o(i.__hardfp_fabs) for __hardfp_fabs
    main.o(i.get_dft_output_mag) refers to d2f.o(x$fpl$d2f) for __aeabi_d2f
    main.o(i.get_dft_output_mag) refers to main.o(.bss) for REX
    main.o(i.main) refers to stm32f4xx_hal.o(i.HAL_Init) for HAL_Init
    main.o(i.main) refers to clock.o(i.SystemClock_Config) for SystemClock_Config
    main.o(i.main) refers to stm32f4xx_hal_rcc.o(i.HAL_RCC_GetHCLKFreq) for HAL_RCC_GetHCLKFreq
    main.o(i.main) refers to main.o(i.calc_sig_dft) for calc_sig_dft
    main.o(i.main) refers to main.o(i.Rect_to_Polar) for Rect_to_Polar
    main.o(i.main) refers to main.o(i.Polar_to_Rect) for Polar_to_Rect
    main.o(i.main) refers to main.o(i.plot_two_generic_signals) for plot_two_generic_signals
    main.o(i.main) refers to main.o(.data) for freq
    main.o(i.main) refers to main.o(.bss) for IMX
    main.o(i.main) refers to waveforms.o(.data) for inputSignal_f32_1kHz_15kHz
    clock.o(i.SystemClock_Config) refers to rt_memclr_w.o(.text) for __aeabi_memclr4
    clock.o(i.SystemClock_Config) refers to stm32f4xx_hal_rcc.o(i.HAL_RCC_OscConfig) for HAL_RCC_OscConfig
    clock.o(i.SystemClock_Config) refers to clock.o(i.Error_Handler) for Error_Handler
    clock.o(i.SystemClock_Config) refers to stm32f4xx_hal_rcc.o(i.HAL_RCC_ClockConfig) for HAL_RCC_ClockConfig
    basicmathfunctions.o(i.arm_shift_q31) refers to llshl.o(.text) for __aeabi_llsl
    bayesfunctions.o(i.arm_gaussian_naive_bayes_predict_f32) refers to logf.o(i.__hardfp_logf) for __hardfp_logf
    bayesfunctions.o(i.arm_gaussian_naive_bayes_predict_f32) refers to statisticsfunctions.o(i.arm_max_f32) for arm_max_f32
    complexmathfunctions.o(i.arm_cmplx_mag_q15) refers to fastmathfunctions.o(i.arm_sqrt_q15) for arm_sqrt_q15
    complexmathfunctions.o(i.arm_cmplx_mag_q31) refers to fastmathfunctions.o(i.arm_sqrt_q31) for arm_sqrt_q31
    controllerfunctions.o(i.arm_sin_cos_f32) refers to commontables.o(.constdata) for sinTable_f32
    controllerfunctions.o(i.arm_sin_cos_q31) refers to commontables.o(.constdata) for sinTable_q31
    distancefunctions.o(i.arm_braycurtis_distance_f32) refers to distancefunctions.o(i.fabsf) for fabsf
    distancefunctions.o(i.arm_canberra_distance_f32) refers to distancefunctions.o(i.fabsf) for fabsf
    distancefunctions.o(i.arm_chebyshev_distance_f32) refers to distancefunctions.o(i.fabsf) for fabsf
    distancefunctions.o(i.arm_cityblock_distance_f32) refers to distancefunctions.o(i.fabsf) for fabsf
    distancefunctions.o(i.arm_correlation_distance_f32) refers to statisticsfunctions.o(i.arm_mean_f32) for arm_mean_f32
    distancefunctions.o(i.arm_correlation_distance_f32) refers to basicmathfunctions.o(i.arm_offset_f32) for arm_offset_f32
    distancefunctions.o(i.arm_correlation_distance_f32) refers to statisticsfunctions.o(i.arm_power_f32) for arm_power_f32
    distancefunctions.o(i.arm_correlation_distance_f32) refers to basicmathfunctions.o(i.arm_dot_prod_f32) for arm_dot_prod_f32
    distancefunctions.o(i.arm_cosine_distance_f32) refers to statisticsfunctions.o(i.arm_power_f32) for arm_power_f32
    distancefunctions.o(i.arm_cosine_distance_f32) refers to basicmathfunctions.o(i.arm_dot_prod_f32) for arm_dot_prod_f32
    distancefunctions.o(i.arm_dice_distance) refers to distancefunctions.o(i.arm_boolean_distance_TT_TF_FT) for arm_boolean_distance_TT_TF_FT
[...]
    ../clib/heapalloc.c                      0x00000000   Number         0  hrguard.o ABSOLUTE
    ../clib/heapaux.c                        0x00000000   Number         0  heapauxi.o ABSOLUTE
    ../clib/libinit.s                        0x00000000   Number         0  libshutdown.o ABSOLUTE
    ../clib/libinit.s                        0x00000000   Number         0  libinit2.o ABSOLUTE
    ../clib/libinit.s                        0x00000000   Number         0  libshutdown2.o ABSOLUTE
    ../clib/libinit.s                        0x00000000   Number         0  libinit.o ABSOLUTE
    ../clib/longlong.s                       0x00000000   Number         0  llsshr.o ABSOLUTE
    ../clib/longlong.s                       0x00000000   Number         0  llsdiv.o ABSOLUTE
    ../clib/longlong.s                       0x00000000   Number         0  llshl.o ABSOLUTE
    ../clib/longlong.s                       0x00000000   Number         0  lludivv7m.o ABSOLUTE
    ../clib/memcpset.s                       0x00000000   Number         0  rt_memclr_w.o ABSOLUTE
    ../clib/memcpset.s                       0x00000000   Number         0  rt_memcpy_w.o ABSOLUTE
    ../clib/memcpset.s                       0x00000000   Number         0  rt_memclr.o ABSOLUTE
    ../clib/signal.c                         0x00000000   Number         0  defsig_rtmem_formal.o ABSOLUTE
    ../clib/signal.c                         0x00000000   Number         0  defsig_rtmem_outer.o ABSOLUTE
    ../clib/signal.c                         0x00000000   Number         0  defsig_pvfn_inner.o ABSOLUTE
    ../clib/signal.c                         0x00000000   Number         0  defsig_stak_inner.o ABSOLUTE
    ../clib/signal.c                         0x00000000   Number         0  defsig_fpe_inner.o ABSOLUTE
    ../clib/signal.c                         0x00000000   Number         0  defsig_general.o ABSOLUTE
    ../clib/signal.c                         0x00000000   Number         0  defsig_exit.o ABSOLUTE
    ../clib/signal.c                         0x00000000   Number         0  defsig_fpe_formal.o ABSOLUTE
    ../clib/signal.c                         0x00000000   Number         0  defsig_fpe_outer.o ABSOLUTE
    ../clib/signal.c                         0x00000000   Number         0  __raise.o ABSOLUTE
    ../clib/signal.c                         0x00000000   Number         0  defsig_other.o ABSOLUTE
    ../clib/signal.c                         0x00000000   Number         0  defsig_segv_inner.o ABSOLUTE
    ../clib/signal.c                         0x00000000   Number         0  defsig_cppl_inner.o ABSOLUTE
    ../clib/signal.c                         0x00000000   Number         0  defsig_rtmem_inner.o ABSOLUTE
    ../clib/signal.c                         0x00000000   Number         0  defsig_rtred_inner.o ABSOLUTE
    ../clib/signal.c                         0x00000000   Number         0  defsig_abrt_inner.o ABSOLUTE
    ../clib/signal.s                         0x00000000   Number         0  defsig.o ABSOLUTE
    ../clib/stdlib.c                         0x00000000   Number         0  exit.o ABSOLUTE
    ../fplib/basic.s                         0x00000000   Number         0  basic.o ABSOLUTE
    ../fplib/d2f.s                           0x00000000   Number         0  d2f.o ABSOLUTE
    ../fplib/daddsub.s                       0x00000000   Number         0  daddsub_clz.o ABSOLUTE
    ../fplib/dcheck1.s                       0x00000000   Number         0  dcheck1.o ABSOLUTE
    ../fplib/dcmpi.s                         0x00000000   Number         0  dcmpi.o ABSOLUTE
    ../fplib/ddiv.s                          0x00000000   Number         0  ddiv.o ABSOLUTE
    ../fplib/deqf.s                          0x00000000   Number         0  deqf.o ABSOLUTE
    ../fplib/dfix.s                          0x00000000   Number         0  dfix.o ABSOLUTE
    ../fplib/dflt.s                          0x00000000   Number         0  dflt_clz.o ABSOLUTE
    ../fplib/dleqf.s                         0x00000000   Number         0  dleqf.o ABSOLUTE
    ../fplib/dmul.s                          0x00000000   Number         0  dmul.o ABSOLUTE
    ../fplib/dnaninf.s                       0x00000000   Number         0  dnaninf.o ABSOLUTE
    ../fplib/dretinf.s                       0x00000000   Number         0  dretinf.o ABSOLUTE
    ../fplib/drleqf.s                        0x00000000   Number         0  drleqf.o ABSOLUTE
    ../fplib/dsqrt.s                         0x00000000   Number         0  dsqrt_umaal.o ABSOLUTE
    ../fplib/f2d.s                           0x00000000   Number         0  f2d.o ABSOLUTE
    ../fplib/ffixll.s                        0x00000000   Number         0  ffixll.o ABSOLUTE
    ../fplib/fnaninf.s                       0x00000000   Number         0  fnaninf.o ABSOLUTE
    ../fplib/fpinit.s                        0x00000000   Number         0  fpinit.o ABSOLUTE
    ../fplib/fretinf.s                       0x00000000   Number         0  fretinf.o ABSOLUTE
    ../fplib/istatus.s                       0x00000000   Number         0  istatus.o ABSOLUTE
    ../fplib/retnan.s                        0x00000000   Number         0  retnan.o ABSOLUTE
    ../fplib/scalbn.s                        0x00000000   Number         0  scalbn.o ABSOLUTE
    ../fplib/trapv.s                         0x00000000   Number         0  trapv.o ABSOLUTE
    ../fplib/usenofp.s                       0x00000000   Number         0  usenofp.o ABSOLUTE
    ../mathlib/atan.c                        0x00000000   Number         0  atan_x.o ABSOLUTE
    ../mathlib/atan.c                        0x00000000   Number         0  atan.o ABSOLUTE
    ../mathlib/cos.c                         0x00000000   Number         0  cos.o ABSOLUTE
    ../mathlib/cos.c                         0x00000000   Number         0  cos_x.o ABSOLUTE
    ../mathlib/cos_i.c                       0x00000000   Number         0  cos_i.o ABSOLUTE
    ../mathlib/cosf.c                        0x00000000   Number         0  cosf_x.o ABSOLUTE
    ../mathlib/cosf.c                        0x00000000   Number         0  cosf.o ABSOLUTE
    ../mathlib/dunder.c                      0x00000000   Number         0  dunder.o ABSOLUTE
    ../mathlib/expf.c                        0x00000000   Number         0  expf_x.o ABSOLUTE
    ../mathlib/expf.c                        0x00000000   Number         0  expf.o ABSOLUTE
    ../mathlib/fabs.c                        0x00000000   Number         0  fabs.o ABSOLUTE
    ../mathlib/fpclassify.c                  0x00000000   Number         0  fpclassify.o ABSOLUTE
    ../mathlib/fpclassifyf.c                 0x00000000   Number         0  fpclassifyf.o ABSOLUTE
    ../mathlib/funder.c                      0x00000000   Number         0  funder.o ABSOLUTE
    ../mathlib/log.c                         0x00000000   Number         0  log.o ABSOLUTE
    ../mathlib/log.c                         0x00000000   Number         0  log_x.o ABSOLUTE
    ../mathlib/logf.c                        0x00000000   Number         0  logf.o ABSOLUTE
    ../mathlib/logf.c                        0x00000000   Number         0  logf_x.o ABSOLUTE
    ../mathlib/poly.c                        0x00000000   Number         0  poly.o ABSOLUTE
    ../mathlib/pow.c                         0x00000000   Number         0  pow.o ABSOLUTE
    ../mathlib/pow.c                         0x00000000   Number         0  pow_x.o ABSOLUTE
    ../mathlib/powf.c                        0x00000000   Number         0  powf.o ABSOLUTE
    ../mathlib/powf.c                        0x00000000   Number         0  powf_x.o ABSOLUTE
    ../mathlib/qnan.c                        0x00000000   Number         0  qnan.o ABSOLUTE
    ../mathlib/rred.c                        0x00000000   Number         0  rred.o ABSOLUTE
    ../mathlib/rredf.c                       0x00000000   Number         0  rredf.o ABSOLUTE
    ../mathlib/sin.c                         0x00000000   Number         0  sin_x.o ABSOLUTE
    ../mathlib/sin.c                         0x00000000   Number         0  sin.o ABSOLUTE
    ../mathlib/sin_i.c                       0x00000000   Number         0  sin_i_x.o ABSOLUTE
    ../mathlib/sin_i.c                       0x00000000   Number         0  sin_i.o ABSOLUTE
    ../mathlib/sinf.c                        0x00000000   Number         0  sinf_x.o ABSOLUTE
    ../mathlib/sinf.c                        0x00000000   Number         0  sinf.o ABSOLUTE
    ../mathlib/sqrt.c                        0x00000000   Number         0  sqrt.o ABSOLUTE
    ../mathlib/sqrt.c                        0x00000000   Number         0  sqrt_x.o ABSOLUTE
    ../mathlib/tanhf.c                       0x00000000   Number         0  tanhf.o ABSOLUTE
    ../mathlib/tanhf.c                       0x00000000   Number         0  tanhf_x.o ABSOLUTE
    C:\Keil_v5\ARM\PACK\ARM\CMSIS\5.7.0\CMSIS\DSP\Source\BasicMathFunctions\BasicMathFunctions.c 0x00000000   Number         0  basicmathfunctions.o ABSOLUTE
    C:\Keil_v5\ARM\PACK\ARM\CMSIS\5.7.0\CMSIS\DSP\Source\BayesFunctions\BayesFunctions.c 0x00000000   Number         0  bayesfunctions.o ABSOLUTE
    C:\Keil_v5\ARM\PACK\ARM\CMSIS\5.7.0\CMSIS\DSP\Source\CommonTables\CommonTables.c 0x00000000   Number         0  commontables.o ABSOLUTE
    C:\Keil_v5\ARM\PACK\ARM\CMSIS\5.7.0\CMSIS\DSP\Source\ComplexMathFunctions\ComplexMathFunctions.c 0x00000000   Number         0  complexmathfunctions.o ABSOLUTE
    C:\Keil_v5\ARM\PACK\ARM\CMSIS\5.7.0\CMSIS\DSP\Source\ControllerFunctions\ControllerFunctions.c 0x00000000   Number         0  controllerfunctions.o ABSOLUTE
    C:\Keil_v5\ARM\PACK\ARM\CMSIS\5.7.0\CMSIS\DSP\Source\DistanceFunctions\DistanceFunctions.c 0x00000000   Number         0  distancefunctions.o ABSOLUTE
    C:\Keil_v5\ARM\PACK\ARM\CMSIS\5.7.0\CMSIS\DSP\Source\FastMathFunctions\FastMathFunctions.c 0x00000000   Number         0  fastmathfunctions.o ABSOLUTE
    C:\Keil_v5\ARM\PACK\ARM\CMSIS\5.7.0\CMSIS\DSP\Source\FilteringFunctions\FilteringFunctions.c 0x00000000   Number         0  filteringfunctions.o ABSOLUTE
    C:\Keil_v5\ARM\PACK\ARM\CMSIS\5.7.0\CMSIS\DSP\Source\MatrixFunctions\MatrixFunctions.c 0x00000000   Number         0  matrixfunctions.o ABSOLUTE
    C:\Keil_v5\ARM\PACK\ARM\CMSIS\5.7.0\CMSIS\DSP\Source\SVMFunctions\SVMFunctions.c 0x00000000   Number         0  svmfunctions.o ABSOLUTE
    C:\Keil_v5\ARM\PACK\ARM\CMSIS\5.7.0\CMSIS\DSP\Source\StatisticsFunctions\StatisticsFunctions.c 0x00000000   Number         0  statisticsfunctions.o ABSOLUTE
    C:\Keil_v5\ARM\PACK\ARM\CMSIS\5.7.0\CMSIS\DSP\Source\SupportFunctions\SupportFunctions.c 0x00000000   Number         0  supportfunctions.o ABSOLUTE
    C:\Keil_v5\ARM\PACK\ARM\CMSIS\5.7.0\CMSIS\DSP\Source\TransformFunctions\TransformFunctions.c 0x00000000   Number         0  transformfunctions.o ABSOLUTE
    C:\Keil_v5\ARM\PACK\Keil\STM32F4xx_DFP\2.13.0\Drivers\STM32F4xx_HAL_Driver\Src\stm32f4xx_hal.c 0x00000000   Number         0  stm32f4xx_hal.o ABSOLUTE
    C:\Keil_v5\ARM\PACK\Keil\STM32F4xx_DFP\2.13.0\Drivers\STM32F4xx_HAL_Driver\Src\stm32f4xx_hal_cortex.c 0x00000000   Number         0  stm32f4xx_hal_cortex.o ABSOLUTE
    C:\Keil_v5\ARM\PACK\Keil\STM32F4xx_DFP\2.13.0\Drivers\STM32F4xx_HAL_Driver\Src\stm32f4xx_hal_gpio.c 0x00000000   Number         0  stm32f4xx_hal_gpio.o ABSOLUTE
    C:\Keil_v5\ARM\PACK\Keil\STM32F4xx_DFP\2.13.0\Drivers\STM32F4xx_HAL_Driver\Src\stm32f4xx_hal_pwr.c 0x00000000   Number         0  stm32f4xx_hal_pwr.o ABSOLUTE
    C:\Keil_v5\ARM\PACK\Keil\STM32F4xx_DFP\2.13.0\Drivers\STM32F4xx_HAL_Driver\Src\stm32f4xx_hal_pwr_ex.c 0x00000000   Number         0  stm32f4xx_hal_pwr_ex.o ABSOLUTE
    C:\Keil_v5\ARM\PACK\Keil\STM32F4xx_DFP\2.13.0\Drivers\STM32F4xx_HAL_Driver\Src\stm32f4xx_hal_rcc.c 0x00000000   Number         0  stm32f4xx_hal_rcc.o ABSOLUTE
    C:\Keil_v5\ARM\PACK\Keil\STM32F4xx_DFP\2.13.0\Drivers\STM32F4xx_HAL_Driver\Src\stm32f4xx_hal_rcc_ex.c 0x00000000   Number         0  stm32f4xx_hal_rcc_ex.o ABSOLUTE
    C:\\Keil_v5\\ARM\\PACK\\ARM\\CMSIS\\5.7.0\\CMSIS\\DSP\\Source\\BasicMathFunctions\\BasicMathFunctions.c 0x00000000   Number         0  basicmathfunctions.o ABSOLUTE
    C:\\Keil_v5\\ARM\\PACK\\ARM\\CMSIS\\5.7.0\\CMSIS\\DSP\\Source\\BayesFunctions\\BayesFunctions.c 0x00000000   Number         0  bayesfunctions.o ABSOLUTE
    C:\\Keil_v5\\ARM\\PACK\\ARM\\CMSIS\\5.7.0\\CMSIS\\DSP\\Source\\CommonTables\\CommonTables.c 0x00000000   Number         0  commontables.o ABSOLUTE
    C:\\Keil_v5\\ARM\\PACK\\ARM\\CMSIS\\5.7.0\\CMSIS\\DSP\\Source\\ComplexMathFunctions\\ComplexMathFunctions.c 0x00000000   Number         0  complexmathfunctions.o ABSOLUTE
    C:\\Keil_v5\\ARM\\PACK\\ARM\\CMSIS\\5.7.0\\CMSIS\\DSP\\Source\\ControllerFunctions\\ControllerFunctions.c 0x00000000   Number         0  controllerfunctions.o ABSOLUTE
    C:\\Keil_v5\\ARM\\PACK\\ARM\\CMSIS\\5.7.0\\CMSIS\\DSP\\Source\\DistanceFunctions\\DistanceFunctions.c 0x00000000   Number         0  distancefunctions.o ABSOLUTE
    C:\\Keil_v5\\ARM\\PACK\\ARM\\CMSIS\\5.7.0\\CMSIS\\DSP\\Source\\FastMathFunctions\\FastMathFunctions.c 0x00000000   Number         0  fastmathfunctions.o ABSOLUTE
    C:\\Keil_v5\\ARM\\PACK\\ARM\\CMSIS\\5.7.0\\CMSIS\\DSP\\Source\\FilteringFunctions\\FilteringFunctions.c 0x00000000   Number         0  filteringfunctions.o ABSOLUTE
    C:\\Keil_v5\\ARM\\PACK\\ARM\\CMSIS\\5.7.0\\CMSIS\\DSP\\Source\\MatrixFunctions\\MatrixFunctions.c 0x00000000   Number         0  matrixfunctions.o ABSOLUTE
    C:\\Keil_v5\\ARM\\PACK\\ARM\\CMSIS\\5.7.0\\CMSIS\\DSP\\Source\\SVMFunctions\\SVMFunctions.c 0x00000000   Number         0  svmfunctions.o ABSOLUTE
    C:\\Keil_v5\\ARM\\PACK\\ARM\\CMSIS\\5.7.0\\CMSIS\\DSP\\Source\\StatisticsFunctions\\StatisticsFunctions.c 0x00000000   Number         0  statisticsfunctions.o ABSOLUTE
    C:\\Keil_v5\\ARM\\PACK\\ARM\\CMSIS\\5.7.0\\CMSIS\\DSP\\Source\\SupportFunctions\\SupportFunctions.c 0x00000000   Number         0  supportfunctions.o ABSOLUTE
    C:\\Keil_v5\\ARM\\PACK\\ARM\\CMSIS\\5.7.0\\CMSIS\\DSP\\Source\\TransformFunctions\\TransformFunctions.c 0x00000000   Number         0  transformfunctions.o ABSOLUTE
    C:\\Keil_v5\\ARM\\PACK\\Keil\\STM32F4xx_DFP\\2.13.0\\Drivers\\STM32F4xx_HAL_Driver\\Src\\stm32f4xx_hal.c 0x00000000   Number         0  stm32f4xx_hal.o ABSOLUTE
    C:\\Keil_v5\\ARM\\PACK\\Keil\\STM32F4xx_DFP\\2.13.0\\Drivers\\STM32F4xx_HAL_Driver\\Src\\stm32f4xx_hal_cortex.c 0x00000000   Number         0  stm32f4xx_hal_cortex.o ABSOLUTE
    C:\\Keil_v5\\ARM\\PACK\\Keil\\STM32F4xx_DFP\\2.13.0\\Drivers\\STM32F4xx_HAL_Driver\\Src\\stm32f4xx_hal_gpio.c 0x00000000   Number         0  stm32f4xx_hal_gpio.o ABSOLUTE
    C:\\Keil_v5\\ARM\\PACK\\Keil\\STM32F4xx_DFP\\2.13.0\\Drivers\\STM32F4xx_HAL_Driver\\Src\\stm32f4xx_hal_pwr.c 0x00000000   Number         0  stm32f4xx_hal_pwr.o ABSOLUTE
    C:\\Keil_v5\\ARM\\PACK\\Keil\\STM32F4xx_DFP\\2.13.0\\Drivers\\STM32F4xx_HAL_Driver\\Src\\stm32f4xx_hal_pwr_ex.c 0x00000000   Number         0  stm32f4xx_hal_pwr_ex.o ABSOLUTE
    C:\\Keil_v5\\ARM\\PACK\\Keil\\STM32F4xx_DFP\\2.13.0\\Drivers\\STM32F4xx_HAL_Driver\\Src\\stm32f4xx_hal_rcc.c 0x00000000   Number         0  stm32f4xx_hal_rcc.o ABSOLUTE
    C:\\Keil_v5\\ARM\\PACK\\Keil\\STM32F4xx_DFP\\2.13.0\\Drivers\\STM32F4xx_HAL_Driver\\Src\\stm32f4xx_hal_rcc_ex.c 0x00000000   Number         0  stm32f4xx_hal_rcc_ex.o ABSOLUTE
    RTE\Device\STM32F401RETx\startup_stm32f401xe.s 0x00000000   Number         0  startup_stm32f401xe.o ABSOLUTE
    RTE\Device\STM32F401RETx\system_stm32f4xx.c 0x00000000   Number         0  system_stm32f4xx.o ABSOLUTE
    RTE\\Device\\STM32F401RETx\\system_stm32f4xx.c 0x00000000   Number         0  system_stm32f4xx.o ABSOLUTE
    clock.c                                  0x00000000   Number         0  clock.o ABSOLUTE
    clock.c                                  0x00000000   Number         0  clock.o ABSOLUTE
    dc.s                                     0x00000000   Number         0  dc.o ABSOLUTE
    main.c                                   0x00000000   Number         0  main.o ABSOLUTE
    main.c                                   0x00000000   Number         0  main.o ABSOLUTE
    waveforms.c                              0x00000000   Number         0  waveforms.o ABSOLUTE
    waveforms.c                              0x00000000   Number         0  waveforms.o ABSOLUTE
    RESET                                    0x08000000   Section      404  startup_stm32f401xe.o(RESET)
    !!!main                                  0x08000194   Section        8  __main.o(!!!main)
    !!!scatter                               0x0800019c   Section       52  __scatter.o(!!!scatter)
    !!dczerorl2                              0x080001d0   Section       90  __dczerorl2.o(!!dczerorl2)
    !!handler_zi                             0x0800022c   Section       28  __scatter_zi.o(!!handler_zi)
    .ARM.Collect$$libinit$$00000000          0x08000248   Section        2  libinit.o(.ARM.Collect$$libinit$$00000000)
    .ARM.Collect$$libinit$$00000001          0x0800024a   Section        4  libinit2.o(.ARM.Collect$$libinit$$00000001)
    .ARM.Collect$$libinit$$00000004          0x0800024e   Section        0  libinit2.o(.ARM.Collect$$libinit$$00000004)
    .ARM.Collect$$libinit$$0000000A          0x0800024e   Section        0  libinit2.o(.ARM.Collect$$libinit$$0000000A)
    .ARM.Collect$$libinit$$0000000C          0x0800024e   Section        0  libinit2.o(.ARM.Collect$$libinit$$0000000C)
    .ARM.Collect$$libinit$$0000000E          0x0800024e   Section        0  libinit2.o(.ARM.Collect$$libinit$$0000000E)
    .ARM.Collect$$libinit$$00000011          0x0800024e   Section        0  libinit2.o(.ARM.Collect$$libinit$$00000011)
    .ARM.Collect$$libinit$$00000013          0x0800024e   Section        0  libinit2.o(.ARM.Collect$$libinit$$00000013)
    .ARM.Collect$$libinit$$00000015          0x0800024e   Section        0  libinit2.o(.ARM.Collect$$libinit$$00000015)
    .ARM.Collect$$libinit$$00000017          0x0800024e   Section        0  libinit2.o(.ARM.Collect$$libinit$$00000017)
    .ARM.Collect$$libinit$$00000019          0x0800024e   Section        0  libinit2.o(.ARM.Collect$$libinit$$00000019)
    .ARM.Collect$$libinit$$0000001B          0x0800024e   Section        0  libinit2.o(.ARM.Collect$$libinit$$0000001B)
    .ARM.Collect$$libinit$$0000001D          0x0800024e   Section        0  libinit2.o(.ARM.Collect$$libinit$$0000001D)
    .ARM.Collect$$libinit$$0000001F          0x0800024e   Section        0  libinit2.o(.ARM.Collect$$libinit$$0000001F)
    .ARM.Collect$$libinit$$00000021          0x0800024e   Section        0  libinit2.o(.ARM.Collect$$libinit$$00000021)
    .ARM.Collect$$libinit$$00000023          0x0800024e   Section        0  libinit2.o(.ARM.Collect$$libinit$$00000023)
    .ARM.Collect$$libinit$$00000025          0x0800024e   Section        0  libinit2.o(.ARM.Collect$$libinit$$00000025)
    .ARM.Collect$$libinit$$0000002C          0x0800024e   Section        0  libinit2.o(.ARM.Collect$$libinit$$0000002C)
    .ARM.Collect$$libinit$$0000002E          0x0800024e   Section        0  libinit2.o(.ARM.Collect$$libinit$$0000002E)
    .ARM.Collect$$libinit$$00000030          0x0800024e   Section        0  libinit2.o(.ARM.Collect$$libinit$$00000030)
    .ARM.Collect$$libinit$$00000032          0x0800024e   Section        0  libinit2.o(.ARM.Collect$$libinit$$00000032)
    .ARM.Collect$$libinit$$00000033          0x0800024e   Section        2  libinit2.o(.ARM.Collect$$libinit$$00000033)
    .ARM.Collect$$libshutdown$$00000000      0x08000250   Section        2  libshutdown.o(.ARM.Collect$$libshutdown$$00000000)
    .ARM.Collect$$libshutdown$$00000002      0x08000252   Section        0  libshutdown2.o(.ARM.Collect$$libshutdown$$00000002)
    .ARM.Collect$$libshutdown$$00000004      0x08000252   Section        0  libshutdown2.o(.ARM.Collect$$libshutdown$$00000004)
    .ARM.Collect$$libshutdown$$00000007      0x08000252   Section        0  libshutdown2.o(.ARM.Collect$$libshutdown$$00000007)
    .ARM.Collect$$libshutdown$$0000000A      0x08000252   Section        0  libshutdown2.o(.ARM.Collect$$libshutdown$$0000000A)
    .ARM.Collect$$libshutdown$$0000000C      0x08000252   Section        0  libshutdown2.o(.ARM.Collect$$libshutdown$$0000000C)
    .ARM.Collect$$libshutdown$$0000000F      0x08000252   Section        0  libshutdown2.o(.ARM.Collect$$libshutdown$$0000000F)
    .ARM.Collect$$libshutdown$$00000010      0x08000252   Section        2  libshutdown2.o(.ARM.Collect$$libshutdown$$00000010)
    .ARM.Collect$$rtentry$$00000000          0x08000254   Section        0  __rtentry.o(.ARM.Collect$$rtentry$$00000000)
    .ARM.Collect$$rtentry$$00000002          0x08000254   Section        0  __rtentry2.o(.ARM.Collect$$rtentry$$00000002)
    .ARM.Collect$$rtentry$$00000004          0x08000254   Section        6  __rtentry4.o(.ARM.Collect$$rtentry$$00000004)
    .ARM.Collect$$rtentry$$00000009          0x0800025a   Section        0  __rtentry2.o(.ARM.Collect$$rtentry$$00000009)
    .ARM.Collect$$rtentry$$0000000A          0x0800025a   Section        4  __rtentry2.o(.ARM.Collect$$rtentry$$0000000A)
    .ARM.Collect$$rtentry$$0000000C          0x0800025e   Section        0  __rtentry2.o(.ARM.Collect$$rtentry$$0000000C)
    .ARM.Collect$$rtentry$$0000000D          0x0800025e   Section        8  __rtentry2.o(.ARM.Collect$$rtentry$$0000000D)
    .ARM.Collect$$rtexit$$00000000           0x08000266   Section        2  rtexit.o(.ARM.Collect$$rtexit$$00000000)
    .ARM.Collect$$rtexit$$00000002           0x08000268   Section        0  rtexit2.o(.ARM.Collect$$rtexit$$00000002)
    .ARM.Collect$$rtexit$$00000003           0x08000268   Section        4  rtexit2.o(.ARM.Collect$$rtexit$$00000003)
    .ARM.Collect$$rtexit$$00000004           0x0800026c   Section        6  rtexit2.o(.ARM.Collect$$rtexit$$00000004)
    .text                                    0x08000274   Section       64  startup_stm32f401xe.o(.text)
    $v0                                      0x08000274   Number         0  startup_stm32f401xe.o(.text)
    .text                                    0x080002b4   Section      238  lludivv7m.o(.text)
    .text                                    0x080003a2   Section       78  rt_memclr_w.o(.text)
    .text                                    0x080003f0   Section        0  heapauxi.o(.text)
    .text                                    0x080003f6   Section        0  _rserrno.o(.text)
    .text                                    0x0800040c   Section        8  rt_errno_addr_intlibspace.o(.text)
    .text                                    0x08000414   Section        8  libspace.o(.text)
    .text                                    0x0800041c   Section       74  sys_stackheap_outer.o(.text)
    .text                                    0x08000466   Section        0  exit.o(.text)
    .text                                    0x08000478   Section        0  sys_exit.o(.text)
    .text                                    0x08000484   Section        2  use_no_semi.o(.text)
    .text                                    0x08000486   Section        0  indicate_semi.o(.text)
    i.Error_Handler                          0x08000486   Section        0  clock.o(i.Error_Handler)
    i.HAL_GetTick                            0x08000488   Section        0  stm32f4xx_hal.o(i.HAL_GetTick)
    i.HAL_IncTick                            0x08000494   Section        0  stm32f4xx_hal.o(i.HAL_IncTick)
    i.HAL_Init                               0x080004ac   Section        0  stm32f4xx_hal.o(i.HAL_Init)
    i.HAL_InitTick                           0x080004e8   Section        0  stm32f4xx_hal.o(i.HAL_InitTick)
    i.HAL_MspInit                            0x08000534   Section        0  stm32f4xx_hal.o(i.HAL_MspInit)
    i.HAL_NVIC_SetPriority                   0x08000536   Section        0  stm32f4xx_hal_cortex.o(i.HAL_NVIC_SetPriority)
    i.HAL_NVIC_SetPriorityGrouping           0x080005b4   Section        0  stm32f4xx_hal_cortex.o(i.HAL_NVIC_SetPriorityGrouping)
    i.HAL_RCC_ClockConfig                    0x080005dc   Section        0  stm32f4xx_hal_rcc.o(i.HAL_RCC_ClockConfig)
    i.HAL_RCC_GetHCLKFreq                    0x0800075c   Section        0  stm32f4xx_hal_rcc.o(i.HAL_RCC_GetHCLKFreq)
    i.HAL_RCC_GetSysClockFreq                0x08000768   Section        0  stm32f4xx_hal_rcc.o(i.HAL_RCC_GetSysClockFreq)
    i.HAL_RCC_OscConfig                      0x08000818   Section        0  stm32f4xx_hal_rcc.o(i.HAL_RCC_OscConfig)
    i.HAL_SYSTICK_Callback                   0x08000c60   Section        0  stm32f4xx_hal_cortex.o(i.HAL_SYSTICK_Callback)
    i.HAL_SYSTICK_Config                     0x08000c62   Section        0  stm32f4xx_hal_cortex.o(i.HAL_SYSTICK_Config)
    i.HAL_SYSTICK_IRQHandler                 0x08000c96   Section        0  stm32f4xx_hal_cortex.o(i.HAL_SYSTICK_IRQHandler)
    i.Polar_to_Rect                          0x08000c9e   Section        0  main.o(i.Polar_to_Rect)
    i.Rect_to_Polar                          0x08000d04   Section        0  main.o(i.Rect_to_Polar)
    i.SysTick_Handler                        0x08000e8c   Section        0  main.o(i.SysTick_Handler)
    i.SystemClock_Config                     0x08000e98   Section        0  clock.o(i.SystemClock_Config)
    i.SystemInit                             0x08000f50   Section        0  system_stm32f4xx.o(i.SystemInit)
    i.__ARM_fpclassify                       0x08000fb4   Section        0  fpclassify.o(i.__ARM_fpclassify)
    i.__ARM_fpclassifyf                      0x08000fe4   Section        0  fpclassifyf.o(i.__ARM_fpclassifyf)
    i.__NVIC_GetPriorityGrouping             0x0800100c   Section        0  stm32f4xx_hal_cortex.o(i.__NVIC_GetPriorityGrouping)
    __NVIC_GetPriorityGrouping               0x0800100d   Thumb Code    10  stm32f4xx_hal_cortex.o(i.__NVIC_GetPriorityGrouping)
    i.__NVIC_SetPriority                     0x0800101c   Section        0  stm32f4xx_hal_cortex.o(i.__NVIC_SetPriority)
    __NVIC_SetPriority                       0x0800101d   Thumb Code    32  stm32f4xx_hal_cortex.o(i.__NVIC_SetPriority)
    i.__hardfp_atan                          0x08001048   Section        0  atan.o(i.__hardfp_atan)
    i.__hardfp_cos                           0x08001320   Section        0  cos.o(i.__hardfp_cos)
    i.__hardfp_cosf                          0x080013e8   Section        0  cosf.o(i.__hardfp_cosf)
    i.__hardfp_pow                           0x08001538   Section        0  pow.o(i.__hardfp_pow)
    i.__hardfp_powf                          0x08002188   Section        0  powf.o(i.__hardfp_powf)
    i.__hardfp_sin                           0x080027f0   Section        0  sin.o(i.__hardfp_sin)
    i.__hardfp_sinf                          0x080028b8   Section        0  sinf.o(i.__hardfp_sinf)
    i.__hardfp_sqrt                          0x08002a48   Section        0  sqrt.o(i.__hardfp_sqrt)
    i.__ieee754_rem_pio2                     0x08002ac8   Section        0  rred.o(i.__ieee754_rem_pio2)
    i.__kernel_cos                           0x08002f00   Section        0  cos_i.o(i.__kernel_cos)
    i.__kernel_poly                          0x08003070   Section        0  poly.o(i.__kernel_poly)
    i.__kernel_sin                           0x08003168   Section        0  sin_i.o(i.__kernel_sin)
    i.__mathlib_dbl_divzero                  0x08003298   Section        0  dunder.o(i.__mathlib_dbl_divzero)
    i.__mathlib_dbl_infnan                   0x080032c8   Section        0  dunder.o(i.__mathlib_dbl_infnan)
    i.__mathlib_dbl_infnan2                  0x080032dc   Section        0  dunder.o(i.__mathlib_dbl_infnan2)
    i.__mathlib_dbl_invalid                  0x080032f0   Section        0  dunder.o(i.__mathlib_dbl_invalid)
    i.__mathlib_dbl_overflow                 0x08003310   Section        0  dunder.o(i.__mathlib_dbl_overflow)
    i.__mathlib_dbl_underflow                0x08003330   Section        0  dunder.o(i.__mathlib_dbl_underflow)
    i.__mathlib_flt_divzero                  0x08003350   Section        0  funder.o(i.__mathlib_flt_divzero)
    i.__mathlib_flt_infnan                   0x08003364   Section        0  funder.o(i.__mathlib_flt_infnan)
    i.__mathlib_flt_infnan2                  0x0800336a   Section        0  funder.o(i.__mathlib_flt_infnan2)
    i.__mathlib_flt_invalid                  0x08003370   Section        0  funder.o(i.__mathlib_flt_invalid)
    i.__mathlib_flt_overflow                 0x08003380   Section        0  funder.o(i.__mathlib_flt_overflow)
    i.__mathlib_flt_underflow                0x08003390   Section        0  funder.o(i.__mathlib_flt_underflow)
    i.__mathlib_rredf2                       0x080033a0   Section        0  rredf.o(i.__mathlib_rredf2)
    i.calc_sig_dft                           0x080034f4   Section        0  main.o(i.calc_sig_dft)
    i.fabs                                   0x0800368c   Section        0  fabs.o(i.fabs)
    i.main                                   0x080036a4   Section        0  main.o(i.main)
    i.plot_two_generic_signals               0x08003720   Section        0  main.o(i.plot_two_generic_signals)
    i.sqrt                                   0x08003758   Section        0  sqrt.o(i.sqrt)
    x$fpl$basic                              0x080037c6   Section       24  basic.o(x$fpl$basic)
    $v0                                      0x080037c6   Number         0  basic.o(x$fpl$basic)
    x$fpl$d2f                                0x080037e0   Section       98  d2f.o(x$fpl$d2f)
    $v0                                      0x080037e0   Number         0  d2f.o(x$fpl$d2f)
    x$fpl$dadd                               0x08003844   Section      336  daddsub_clz.o(x$fpl$dadd)
    $v0                                      0x08003844   Number         0  daddsub_clz.o(x$fpl$dadd)
    _dadd1                                   0x08003855   Thumb Code     0  daddsub_clz.o(x$fpl$dadd)
    x$fpl$dcheck1                            0x08003994   Section       16  dcheck1.o(x$fpl$dcheck1)
    $v0                                      0x08003994   Number         0  dcheck1.o(x$fpl$dcheck1)
    x$fpl$dcmpinf                            0x080039a4   Section       24  dcmpi.o(x$fpl$dcmpinf)
    $v0                                      0x080039a4   Number         0  dcmpi.o(x$fpl$dcmpinf)
    x$fpl$ddiv                               0x080039bc   Section      688  ddiv.o(x$fpl$ddiv)
    $v0                                      0x080039bc   Number         0  ddiv.o(x$fpl$ddiv)
    ddiv_entry                               0x080039c3   Thumb Code     0  ddiv.o(x$fpl$ddiv)
    x$fpl$dfix                               0x08003c6c   Section       94  dfix.o(x$fpl$dfix)
    $v0                                      0x08003c6c   Number         0  dfix.o(x$fpl$dfix)
    x$fpl$dflt                               0x08003cca   Section       46  dflt_clz.o(x$fpl$dflt)
    $v0                                      0x08003cca   Number         0  dflt_clz.o(x$fpl$dflt)
    x$fpl$dfltu                              0x08003cf8   Section       38  dflt_clz.o(x$fpl$dfltu)
    $v0                                      0x08003cf8   Number         0  dflt_clz.o(x$fpl$dfltu)
    x$fpl$dleqf                              0x08003d20   Section      120  dleqf.o(x$fpl$dleqf)
    $v0                                      0x08003d20   Number         0  dleqf.o(x$fpl$dleqf)
    x$fpl$dmul                               0x08003d98   Section      340  dmul.o(x$fpl$dmul)
    $v0                                      0x08003d98   Number         0  dmul.o(x$fpl$dmul)
    x$fpl$dnaninf                            0x08003eec   Section      156  dnaninf.o(x$fpl$dnaninf)
    $v0                                      0x08003eec   Number         0  dnaninf.o(x$fpl$dnaninf)
    x$fpl$dretinf                            0x08003f88   Section       12  dretinf.o(x$fpl$dretinf)
    $v0                                      0x08003f88   Number         0  dretinf.o(x$fpl$dretinf)
    x$fpl$drleqf                             0x08003f94   Section      108  drleqf.o(x$fpl$drleqf)
    $v0                                      0x08003f94   Number         0  drleqf.o(x$fpl$drleqf)
    x$fpl$drsb                               0x08004000   Section       22  daddsub_clz.o(x$fpl$drsb)
    $v0                                      0x08004000   Number         0  daddsub_clz.o(x$fpl$drsb)
    x$fpl$dsqrt                              0x08004018   Section      408  dsqrt_umaal.o(x$fpl$dsqrt)
    $v0                                      0x08004018   Number         0  dsqrt_umaal.o(x$fpl$dsqrt)
    x$fpl$dsub                               0x080041b0   Section      468  daddsub_clz.o(x$fpl$dsub)
    $v0                                      0x080041b0   Number         0  daddsub_clz.o(x$fpl$dsub)
    _dsub1                                   0x080041c1   Thumb Code     0  daddsub_clz.o(x$fpl$dsub)
    x$fpl$f2d                                0x08004384   Section       86  f2d.o(x$fpl$f2d)
    $v0                                      0x08004384   Number         0  f2d.o(x$fpl$f2d)
    x$fpl$fnaninf                            0x080043da   Section      140  fnaninf.o(x$fpl$fnaninf)
    $v0                                      0x080043da   Number         0  fnaninf.o(x$fpl$fnaninf)
    x$fpl$fpinit                             0x08004466   Section       10  fpinit.o(x$fpl$fpinit)
    $v0                                      0x08004466   Number         0  fpinit.o(x$fpl$fpinit)
    x$fpl$fretinf                            0x08004470   Section       10  fretinf.o(x$fpl$fretinf)
    $v0                                      0x08004470   Number         0  fretinf.o(x$fpl$fretinf)
    x$fpl$retnan                             0x0800447a   Section      100  retnan.o(x$fpl$retnan)
    $v0                                      0x0800447a   Number         0  retnan.o(x$fpl$retnan)
    x$fpl$scalbn                             0x080044de   Section       92  scalbn.o(x$fpl$scalbn)
    $v0                                      0x080044de   Number         0  scalbn.o(x$fpl$scalbn)
    x$fpl$trapveneer                         0x0800453a   Section       48  trapv.o(x$fpl$trapveneer)
    $v0                                      0x0800453a   Number         0  trapv.o(x$fpl$trapveneer)
    .constdata                               0x0800456a   Section       24  system_stm32f4xx.o(.constdata)
    x$fpl$usenofp                            0x0800456a   Section        0  usenofp.o(x$fpl$usenofp)
    .constdata                               0x08004588   Section      152  atan.o(.constdata)
    atanhi                                   0x08004588   Data          32  atan.o(.constdata)
    atanlo                                   0x080045a8   Data          32  atan.o(.constdata)
    aTodd                                    0x080045c8   Data          40  atan.o(.constdata)
    aTeven                                   0x080045f0   Data          48  atan.o(.constdata)
    .constdata                               0x08004620   Section      136  pow.o(.constdata)
    bp                                       0x08004620   Data          16  pow.o(.constdata)
    dp_h                                     0x08004630   Data          16  pow.o(.constdata)
    dp_l                                     0x08004640   Data          16  pow.o(.constdata)
    L                                        0x08004650   Data          48  pow.o(.constdata)
    P                                        0x08004680   Data          40  pow.o(.constdata)
    .constdata                               0x080046a8   Section      320  powf.o(.constdata)
    table                                    0x080046a8   Data         128  powf.o(.constdata)
    powersof2to1over16top                    0x08004728   Data          64  powf.o(.constdata)
    powersof2to1over16bot                    0x08004768   Data          64  powf.o(.constdata)
    powersof2to1over16all                    0x080047a8   Data          64  powf.o(.constdata)
    .constdata                               0x080047e8   Section       48  cos_i.o(.constdata)
    C                                        0x080047e8   Data          48  cos_i.o(.constdata)
    .constdata                               0x08004818   Section        8  qnan.o(.constdata)
    .constdata                               0x08004820   Section      200  rred.o(.constdata)
    pio2s                                    0x08004820   Data          48  rred.o(.constdata)
    twooverpi                                0x08004850   Data         152  rred.o(.constdata)
    .constdata                               0x080048e8   Section       32  rredf.o(.constdata)
    twooverpi                                0x080048e8   Data          32  rredf.o(.constdata)
    .constdata                               0x08004908   Section       40  sin_i.o(.constdata)
    S                                        0x08004908   Data          40  sin_i.o(.constdata)
    .data                                    0x20000000   Section       28  main.o(.data)
    .data                                    0x2000001c   Section     1396  waveforms.o(.data)
    .data                                    0x20000590   Section        9  stm32f4xx_hal.o(.data)
    .data                                    0x2000059c   Section        4  system_stm32f4xx.o(.data)
    .bss                                     0x200005a0   Section     2400  main.o(.bss)
    .bss                                     0x20000f00   Section       96  libspace.o(.bss)
    HEAP                                     0x20000f60   Section      512  startup_stm32f401xe.o(HEAP)
    Heap_Mem                                 0x20000f60   Data         512  startup_stm32f401xe.o(HEAP)
    STACK                                    0x20001160   Section     1024  startup_stm32f401xe.o(STACK)
    Stack_Mem                                0x20001160   Data        1024  startup_stm32f401xe.o(STACK)
    __initial_sp                             0x20001560   Data           0  startup_stm32f401xe.o(STACK)

    Global Symbols

    Symbol Name                              Value     Ov Type        Size  Object(Section)

    BuildAttributes$$THM_ISAv4$E$P$D$K$B$S$7EM$VFPi3$EXTD16$VFPS$VFMA$PE$A:L22UL41UL21$X:L11$S22US41US21$IEEE1$IW$USESV6$~STKCKD$USESV7$~SHL$OTIME$ROPI$IEEEX$EBA8$UX$STANDARDLIB$REQ8$PRES8$EABIv2 0x00000000   Number         0  anon$$obj.o ABSOLUTE
    __ARM_use_no_argv                        0x00000000   Number         0  main.o ABSOLUTE
    __ARM_exceptions_init                     - Undefined Weak Reference
    __alloca_initialize                       - Undefined Weak Reference
    __arm_preinit_                            - Undefined Weak Reference
    __cpp_initialize__aeabi_                  - Undefined Weak Reference
    __cxa_finalize                            - Undefined Weak Reference
    __rt_locale                               - Undefined Weak Reference
    __sigvec_lookup                           - Undefined Weak Reference
    _atexit_init                              - Undefined Weak Reference
    _call_atexit_fns                          - Undefined Weak Reference
    _clock_init                               - Undefined Weak Reference
    _fp_trap_init                             - Undefined Weak Reference
    _fp_trap_shutdown                         - Undefined Weak Reference
    _get_lc_collate                           - Undefined Weak Reference
    _get_lc_ctype                             - Undefined Weak Reference
    _get_lc_monetary                          - Undefined Weak Reference
    _get_lc_numeric                           - Undefined Weak Reference
    _get_lc_time                              - Undefined Weak Reference
    _getenv_init                              - Undefined Weak Reference
    _handle_redirection                       - Undefined Weak Reference
    _init_alloc                               - Undefined Weak Reference
    _init_user_alloc                          - Undefined Weak Reference
    _initio                                   - Undefined Weak Reference
    _rand_init                                - Undefined Weak Reference
    _signal_finish                            - Undefined Weak Reference
    _signal_init                              - Undefined Weak Reference
    _terminate_alloc                          - Undefined Weak Reference
    _terminate_user_alloc                     - Undefined Weak Reference
    _terminateio                              - Undefined Weak Reference
    __Vectors_Size                           0x00000194   Number         0  startup_stm32f401xe.o ABSOLUTE
    __Vectors                                0x08000000   Data           4  startup_stm32f401xe.o(RESET)
    __Vectors_End                            0x08000194   Data           0  startup_stm32f401xe.o(RESET)
    __main                                   0x08000195   Thumb Code     8  __main.o(!!!main)
    __scatterload                            0x0800019d   Thumb Code     0  __scatter.o(!!!scatter)
    __scatterload_rt2                        0x0800019d   Thumb Code    44  __scatter.o(!!!scatter)
    __scatterload_rt2_thumb_only             0x0800019d   Thumb Code     0  __scatter.o(!!!scatter)
    __scatterload_null                       0x080001ab   Thumb Code     0  __scatter.o(!!!scatter)
    __decompress                             0x080001d1   Thumb Code    90  __dczerorl2.o(!!dczerorl2)
    __decompress1                            0x080001d1   Thumb Code     0  __dczerorl2.o(!!dczerorl2)
    __scatterload_zeroinit                   0x0800022d   Thumb Code    28  __scatter_zi.o(!!handler_zi)
    __rt_lib_init                            0x08000249   Thumb Code     0  libinit.o(.ARM.Collect$$libinit$$00000000)
    __rt_lib_init_fp_1                       0x0800024b   Thumb Code     0  libinit2.o(.ARM.Collect$$libinit$$00000001)
    __rt_lib_init_alloca_1                   0x0800024f   Thumb Code     0  libinit2.o(.ARM.Collect$$libinit$$0000002E)
    __rt_lib_init_argv_1                     0x0800024f   Thumb Code     0  libinit2.o(.ARM.Collect$$libinit$$0000002C)
    __rt_lib_init_atexit_1                   0x0800024f   Thumb Code     0  libinit2.o(.ARM.Collect$$libinit$$0000001B)
    __rt_lib_init_clock_1                    0x0800024f   Thumb Code     0  libinit2.o(.ARM.Collect$$libinit$$00000021)
    __rt_lib_init_cpp_1                      0x0800024f   Thumb Code     0  libinit2.o(.ARM.Collect$$libinit$$00000032)
    __rt_lib_init_exceptions_1               0x0800024f   Thumb Code     0  libinit2.o(.ARM.Collect$$libinit$$00000030)
    __rt_lib_init_fp_trap_1                  0x0800024f   Thumb Code     0  libinit2.o(.ARM.Collect$$libinit$$0000001F)
    __rt_lib_init_getenv_1                   0x0800024f   Thumb Code     0  libinit2.o(.ARM.Collect$$libinit$$00000023)
    __rt_lib_init_heap_1                     0x0800024f   Thumb Code     0  libinit2.o(.ARM.Collect$$libinit$$0000000A)
    __rt_lib_init_lc_collate_1               0x0800024f   Thumb Code     0  libinit2.o(.ARM.Collect$$libinit$$00000011)
    __rt_lib_init_lc_ctype_1                 0x0800024f   Thumb Code     0  libinit2.o(.ARM.Collect$$libinit$$00000013)
    __rt_lib_init_lc_monetary_1              0x0800024f   Thumb Code     0  libinit2.o(.ARM.Collect$$libinit$$00000015)
    __rt_lib_init_lc_numeric_1               0x0800024f   Thumb Code     0  libinit2.o(.ARM.Collect$$libinit$$00000017)
    __rt_lib_init_lc_time_1                  0x0800024f   Thumb Code     0  libinit2.o(.ARM.Collect$$libinit$$00000019)
    __rt_lib_init_preinit_1                  0x0800024f   Thumb Code     0  libinit2.o(.ARM.Collect$$libinit$$00000004)
    __rt_lib_init_rand_1                     0x0800024f   Thumb Code     0  libinit2.o(.ARM.Collect$$libinit$$0000000E)
    __rt_lib_init_return                     0x0800024f   Thumb Code     0  libinit2.o(.ARM.Collect$$libinit$$00000033)
    __rt_lib_init_signal_1                   0x0800024f   Thumb Code     0  libinit2.o(.ARM.Collect$$libinit$$0000001D)
    __rt_lib_init_stdio_1                    0x0800024f   Thumb Code     0  libinit2.o(.ARM.Collect$$libinit$$00000025)
    __rt_lib_init_user_alloc_1               0x0800024f   Thumb Code     0  libinit2.o(.ARM.Collect$$libinit$$0000000C)
    __rt_lib_shutdown                        0x08000251   Thumb Code     0  libshutdown.o(.ARM.Collect$$libshutdown$$00000000)
    __rt_lib_shutdown_cpp_1                  0x08000253   Thumb Code     0  libshutdown2.o(.ARM.Collect$$libshutdown$$00000002)
    __rt_lib_shutdown_fp_trap_1              0x08000253   Thumb Code     0  libshutdown2.o(.ARM.Collect$$libshutdown$$00000007)
    __rt_lib_shutdown_heap_1                 0x08000253   Thumb Code     0  libshutdown2.o(.ARM.Collect$$libshutdown$$0000000F)
    __rt_lib_shutdown_return                 0x08000253   Thumb Code     0  libshutdown2.o(.ARM.Collect$$libshutdown$$00000010)
    __rt_lib_shutdown_signal_1               0x08000253   Thumb Code     0  libshutdown2.o(.ARM.Collect$$libshutdown$$0000000A)
    __rt_lib_shutdown_stdio_1                0x08000253   Thumb Code     0  libshutdown2.o(.ARM.Collect$$libshutdown$$00000004)
    __rt_lib_shutdown_user_alloc_1           0x08000253   Thumb Code     0  libshutdown2.o(.ARM.Collect$$libshutdown$$0000000C)
    __rt_entry                               0x08000255   Thumb Code     0  __rtentry.o(.ARM.Collect$$rtentry$$00000000)
    __rt_entry_presh_1                       0x08000255   Thumb Code     0  __rtentry2.o(.ARM.Collect$$rtentry$$00000002)
    __rt_entry_sh                            0x08000255   Thumb Code     0  __rtentry4.o(.ARM.Collect$$rtentry$$00000004)
    __rt_entry_li                            0x0800025b   Thumb Code     0  __rtentry2.o(.ARM.Collect$$rtentry$$0000000A)
    __rt_entry_postsh_1                      0x0800025b   Thumb Code     0  __rtentry2.o(.ARM.Collect$$rtentry$$00000009)
    __rt_entry_main                          0x0800025f   Thumb Code     0  __rtentry2.o(.ARM.Collect$$rtentry$$0000000D)
    __rt_entry_postli_1                      0x0800025f   Thumb Code     0  __rtentry2.o(.ARM.Collect$$rtentry$$0000000C)
    __rt_exit                                0x08000267   Thumb Code     0  rtexit.o(.ARM.Collect$$rtexit$$00000000)
    __rt_exit_ls                             0x08000269   Thumb Code     0  rtexit2.o(.ARM.Collect$$rtexit$$00000003)
    __rt_exit_prels_1                        0x08000269   Thumb Code     0  rtexit2.o(.ARM.Collect$$rtexit$$00000002)
    __rt_exit_exit                           0x0800026d   Thumb Code     0  rtexit2.o(.ARM.Collect$$rtexit$$00000004)
    Reset_Handler                            0x08000275   Thumb Code     8  startup_stm32f401xe.o(.text)
    NMI_Handler                              0x0800027d   Thumb Code     2  startup_stm32f401xe.o(.text)
    HardFault_Handler                        0x0800027f   Thumb Code     2  startup_stm32f401xe.o(.text)
    MemManage_Handler                        0x08000281   Thumb Code     2  startup_stm32f401xe.o(.text)
    BusFault_Handler                         0x08000283   Thumb Code     2  startup_stm32f401xe.o(.text)
    UsageFault_Handler                       0x08000285   Thumb Code     2  startup_stm32f401xe.o(.text)
    SVC_Handler                              0x08000287   Thumb Code     2  startup_stm32f401xe.o(.text)
    DebugMon_Handler                         0x08000289   Thumb Code     2  startup_stm32f401xe.o(.text)
    PendSV_Handler                           0x0800028b   Thumb Code     2  startup_stm32f401xe.o(.text)
    ADC_IRQHandler                           0x0800028f   Thumb Code     0  startup_stm32f401xe.o(.text)
    DMA1_Stream0_IRQHandler                  0x0800028f   Thumb Code     0  startup_stm32f401xe.o(.text)
    DMA1_Stream1_IRQHandler                  0x0800028f   Thumb Code     0  startup_stm32f401xe.o(.text)
    DMA1_Stream2_IRQHandler                  0x0800028f   Thumb Code     0  startup_stm32f401xe.o(.text)
    DMA1_Stream3_IRQHandler                  0x0800028f   Thumb Code     0  startup_stm32f401xe.o(.text)
    DMA1_Stream4_IRQHandler                  0x0800028f   Thumb Code     0  startup_stm32f401xe.o(.text)
    DMA1_Stream5_IRQHandler                  0x0800028f   Thumb Code     0  startup_stm32f401xe.o(.text)
    DMA1_Stream6_IRQHandler                  0x0800028f   Thumb Code     0  startup_stm32f401xe.o(.text)
    DMA1_Stream7_IRQHandler                  0x0800028f   Thumb Code     0  startup_stm32f401xe.o(.text)
    DMA2_Stream0_IRQHandler                  0x0800028f   Thumb Code     0  startup_stm32f401xe.o(.text)
    DMA2_Stream1_IRQHandler                  0x0800028f   Thumb Code     0  startup_stm32f401xe.o(.text)
    DMA2_Stream2_IRQHandler                  0x0800028f   Thumb Code     0  startup_stm32f401xe.o(.text)
    DMA2_Stream3_IRQHandler                  0x0800028f   Thumb Code     0  startup_stm32f401xe.o(.text)
    DMA2_Stream4_IRQHandler                  0x0800028f   Thumb Code     0  startup_stm32f401xe.o(.text)
    DMA2_Stream5_IRQHandler                  0x0800028f   Thumb Code     0  startup_stm32f401xe.o(.text)
    DMA2_Stream6_IRQHandler                  0x0800028f   Thumb Code     0  startup_stm32f401xe.o(.text)
    DMA2_Stream7_IRQHandler                  0x0800028f   Thumb Code     0  startup_stm32f401xe.o(.text)
    EXTI0_IRQHandler                         0x0800028f   Thumb Code     0  startup_stm32f401xe.o(.text)
    EXTI15_10_IRQHandler                     0x0800028f   Thumb Code     0  startup_stm32f401xe.o(.text)
    EXTI1_IRQHandler                         0x0800028f   Thumb Code     0  startup_stm32f401xe.o(.text)
    EXTI2_IRQHandler                         0x0800028f   Thumb Code     0  startup_stm32f401xe.o(.text)
    EXTI3_IRQHandler                         0x0800028f   Thumb Code     0  startup_stm32f401xe.o(.text)
    EXTI4_IRQHandler                         0x0800028f   Thumb Code     0  startup_stm32f401xe.o(.text)
    EXTI9_5_IRQHandler                       0x0800028f   Thumb Code     0  startup_stm32f401xe.o(.text)
    FLASH_IRQHandler                         0x0800028f   Thumb Code     0  startup_stm32f401xe.o(.text)
    FPU_IRQHandler                           0x0800028f   Thumb Code     0  startup_stm32f401xe.o(.text)
    I2C1_ER_IRQHandler                       0x0800028f   Thumb Code     0  startup_stm32f401xe.o(.text)
    I2C1_EV_IRQHandler                       0x0800028f   Thumb Code     0  startup_stm32f401xe.o(.text)
    I2C2_ER_IRQHandler                       0x0800028f   Thumb Code     0  startup_stm32f401xe.o(.text)
    I2C2_EV_IRQHandler                       0x0800028f   Thumb Code     0  startup_stm32f401xe.o(.text)
    I2C3_ER_IRQHandler                       0x0800028f   Thumb Code     0  startup_stm32f401xe.o(.text)
    I2C3_EV_IRQHandler                       0x0800028f   Thumb Code     0  startup_stm32f401xe.o(.text)
    OTG_FS_IRQHandler                        0x0800028f   Thumb Code     0  startup_stm32f401xe.o(.text)
    OTG_FS_WKUP_IRQHandler                   0x0800028f   Thumb Code     0  startup_stm32f401xe.o(.text)
    PVD_IRQHandler                           0x0800028f   Thumb Code     0  startup_stm32f401xe.o(.text)
    RCC_IRQHandler                           0x0800028f   Thumb Code     0  startup_stm32f401xe.o(.text)
    RTC_Alarm_IRQHandler                     0x0800028f   Thumb Code     0  startup_stm32f401xe.o(.text)
    RTC_WKUP_IRQHandler                      0x0800028f   Thumb Code     0  startup_stm32f401xe.o(.text)
    SDIO_IRQHandler                          0x0800028f   Thumb Code     0  startup_stm32f401xe.o(.text)
    SPI1_IRQHandler                          0x0800028f   Thumb Code     0  startup_stm32f401xe.o(.text)
    SPI2_IRQHandler                          0x0800028f   Thumb Code     0  startup_stm32f401xe.o(.text)
    SPI3_IRQHandler                          0x0800028f   Thumb Code     0  startup_stm32f401xe.o(.text)
    SPI4_IRQHandler                          0x0800028f   Thumb Code     0  startup_stm32f401xe.o(.text)
    TAMP_STAMP_IRQHandler                    0x0800028f   Thumb Code     0  startup_stm32f401xe.o(.text)
    TIM1_BRK_TIM9_IRQHandler                 0x0800028f   Thumb Code     0  startup_stm32f401xe.o(.text)
    TIM1_CC_IRQHandler                       0x0800028f   Thumb Code     0  startup_stm32f401xe.o(.text)
    TIM1_TRG_COM_TIM11_IRQHandler            0x0800028f   Thumb Code     0  startup_stm32f401xe.o(.text)
    TIM1_UP_TIM10_IRQHandler                 0x0800028f   Thumb Code     0  startup_stm32f401xe.o(.text)
    TIM2_IRQHandler                          0x0800028f   Thumb Code     0  startup_stm32f401xe.o(.text)
    TIM3_IRQHandler                          0x0800028f   Thumb Code     0  startup_stm32f401xe.o(.text)
    TIM4_IRQHandler                          0x0800028f   Thumb Code     0  startup_stm32f401xe.o(.text)
    TIM5_IRQHandler                          0x0800028f   Thumb Code     0  startup_stm32f401xe.o(.text)
    USART1_IRQHandler                        0x0800028f   Thumb Code     0  startup_stm32f401xe.o(.text)
    USART2_IRQHandler                        0x0800028f   Thumb Code     0  startup_stm32f401xe.o(.text)
    USART6_IRQHandler                        0x0800028f   Thumb Code     0  startup_stm32f401xe.o(.text)
    WWDG_IRQHandler                          0x0800028f   Thumb Code     0  startup_stm32f401xe.o(.text)
    __user_initial_stackheap                 0x08000291   Thumb Code     0  startup_stm32f401xe.o(.text)
    __aeabi_uldivmod                         0x080002b5   Thumb Code     0  lludivv7m.o(.text)
    _ll_udiv                                 0x080002b5   Thumb Code   238  lludivv7m.o(.text)
    __aeabi_memclr4                          0x080003a3   Thumb Code     0  rt_memclr_w.o(.text)
    __aeabi_memclr8                          0x080003a3   Thumb Code     0  rt_memclr_w.o(.text)
    __rt_memclr_w                            0x080003a3   Thumb Code    78  rt_memclr_w.o(.text)
    _memset_w                                0x080003a7   Thumb Code     0  rt_memclr_w.o(.text)
    __use_two_region_memory                  0x080003f1   Thumb Code     2  heapauxi.o(.text)
    __rt_heap_escrow$2region                 0x080003f3   Thumb Code     2  heapauxi.o(.text)
    __rt_heap_expand$2region                 0x080003f5   Thumb Code     2  heapauxi.o(.text)
    __read_errno                             0x080003f7   Thumb Code    10  _rserrno.o(.text)
    __set_errno                              0x08000401   Thumb Code    12  _rserrno.o(.text)
    __aeabi_errno_addr                       0x0800040d   Thumb Code     8  rt_errno_addr_intlibspace.o(.text)
    __errno$intlibspace                      0x0800040d   Thumb Code     0  rt_errno_addr_intlibspace.o(.text)
    __rt_errno_addr$intlibspace              0x0800040d   Thumb Code     0  rt_errno_addr_intlibspace.o(.text)
    __user_libspace                          0x08000415   Thumb Code     8  libspace.o(.text)
    __user_perproc_libspace                  0x08000415   Thumb Code     0  libspace.o(.text)
    __user_perthread_libspace                0x08000415   Thumb Code     0  libspace.o(.text)
    __user_setup_stackheap                   0x0800041d   Thumb Code    74  sys_stackheap_outer.o(.text)
    exit                                     0x08000467   Thumb Code    18  exit.o(.text)
    _sys_exit                                0x08000479   Thumb Code     8  sys_exit.o(.text)
    __I$use$semihosting                      0x08000485   Thumb Code     0  use_no_semi.o(.text)
    __use_no_semihosting_swi                 0x08000485   Thumb Code     2  use_no_semi.o(.text)
    Error_Handler                            0x08000487   Thumb Code     2  clock.o(i.Error_Handler)
    __semihosting_library_function           0x08000487   Thumb Code     0  indicate_semi.o(.text)
    HAL_GetTick                              0x08000489   Thumb Code     6  stm32f4xx_hal.o(i.HAL_GetTick)
    HAL_IncTick                              0x08000495   Thumb Code    16  stm32f4xx_hal.o(i.HAL_IncTick)
    HAL_Init                                 0x080004ad   Thumb Code    54  stm32f4xx_hal.o(i.HAL_Init)
    HAL_InitTick                             0x080004e9   Thumb Code    64  stm32f4xx_hal.o(i.HAL_InitTick)
    HAL_MspInit                              0x08000535   Thumb Code     2  stm32f4xx_hal.o(i.HAL_MspInit)
    HAL_NVIC_SetPriority                     0x08000537   Thumb Code   124  stm32f4xx_hal_cortex.o(i.HAL_NVIC_SetPriority)
    HAL_NVIC_SetPriorityGrouping             0x080005b5   Thumb Code    32  stm32f4xx_hal_cortex.o(i.HAL_NVIC_SetPriorityGrouping)
    HAL_RCC_ClockConfig                      0x080005dd   Thumb Code   366  stm32f4xx_hal_rcc.o(i.HAL_RCC_ClockConfig)
    HAL_RCC_GetHCLKFreq                      0x0800075d   Thumb Code     6  stm32f4xx_hal_rcc.o(i.HAL_RCC_GetHCLKFreq)
    HAL_RCC_GetSysClockFreq                  0x08000769   Thumb Code   162  stm32f4xx_hal_rcc.o(i.HAL_RCC_GetSysClockFreq)
    HAL_RCC_OscConfig                        0x08000819   Thumb Code  1086  stm32f4xx_hal_rcc.o(i.HAL_RCC_OscConfig)
    HAL_SYSTICK_Callback                     0x08000c61   Thumb Code     2  stm32f4xx_hal_cortex.o(i.HAL_SYSTICK_Callback)
    HAL_SYSTICK_Config                       0x08000c63   Thumb Code    52  stm32f4xx_hal_cortex.o(i.HAL_SYSTICK_Config)
    HAL_SYSTICK_IRQHandler                   0x08000c97   Thumb Code     8  stm32f4xx_hal_cortex.o(i.HAL_SYSTICK_IRQHandler)
    Polar_to_Rect                            0x08000c9f   Thumb Code   102  main.o(i.Polar_to_Rect)
    Rect_to_Polar                            0x08000d05   Thumb Code   370  main.o(i.Rect_to_Polar)
    SysTick_Handler                          0x08000e8d   Thumb Code    12  main.o(i.SysTick_Handler)
    SystemClock_Config                       0x08000e99   Thumb Code   176  clock.o(i.SystemClock_Config)
    SystemInit                               0x08000f51   Thumb Code    82  system_stm32f4xx.o(i.SystemInit)
    __ARM_fpclassify                         0x08000fb5   Thumb Code    48  fpclassify.o(i.__ARM_fpclassify)
    __ARM_fpclassifyf                        0x08000fe5   Thumb Code    38  fpclassifyf.o(i.__ARM_fpclassifyf)
    __hardfp_atan                            0x08001049   Thumb Code   622  atan.o(i.__hardfp_atan)
    __hardfp_cos                             0x08001321   Thumb Code   180  cos.o(i.__hardfp_cos)
    __hardfp_cosf                            0x080013e9   Thumb Code   280  cosf.o(i.__hardfp_cosf)
    __hardfp_pow                             0x08001539   Thumb Code  3072  pow.o(i.__hardfp_pow)
    __hardfp_powf                            0x08002189   Thumb Code  1606  powf.o(i.__hardfp_powf)
    __mathlib_powf                           0x08002189   Thumb Code     0  powf.o(i.__hardfp_powf)
    __hardfp_sin                             0x080027f1   Thumb Code   180  sin.o(i.__hardfp_sin)
    __hardfp_sinf                            0x080028b9   Thumb Code   344  sinf.o(i.__hardfp_sinf)
    __hardfp_sqrt                            0x08002a49   Thumb Code   122  sqrt.o(i.__hardfp_sqrt)
    __ieee754_rem_pio2                       0x08002ac9   Thumb Code   938  rred.o(i.__ieee754_rem_pio2)
    __kernel_cos                             0x08002f01   Thumb Code   322  cos_i.o(i.__kernel_cos)
    __kernel_poly                            0x08003071   Thumb Code   248  poly.o(i.__kernel_poly)
    __kernel_sin                             0x08003169   Thumb Code   280  sin_i.o(i.__kernel_sin)
    __mathlib_dbl_divzero                    0x08003299   Thumb Code    28  dunder.o(i.__mathlib_dbl_divzero)
    __mathlib_dbl_infnan                     0x080032c9   Thumb Code    20  dunder.o(i.__mathlib_dbl_infnan)
    __mathlib_dbl_infnan2                    0x080032dd   Thumb Code    20  dunder.o(i.__mathlib_dbl_infnan2)
    __mathlib_dbl_invalid                    0x080032f1   Thumb Code    24  dunder.o(i.__mathlib_dbl_invalid)
    __mathlib_dbl_overflow                   0x08003311   Thumb Code    24  dunder.o(i.__mathlib_dbl_overflow)
    __mathlib_dbl_underflow                  0x08003331   Thumb Code    24  dunder.o(i.__mathlib_dbl_underflow)
    __mathlib_flt_divzero                    0x08003351   Thumb Code    14  funder.o(i.__mathlib_flt_divzero)
    __mathlib_flt_infnan                     0x08003365   Thumb Code     6  funder.o(i.__mathlib_flt_infnan)
    __mathlib_flt_infnan2                    0x0800336b   Thumb Code     6  funder.o(i.__mathlib_flt_infnan2)
    __mathlib_flt_invalid                    0x08003371   Thumb Code    10  funder.o(i.__mathlib_flt_invalid)
    __mathlib_flt_overflow                   0x08003381   Thumb Code    10  funder.o(i.__mathlib_flt_overflow)
    __mathlib_flt_underflow                  0x08003391   Thumb Code    10  funder.o(i.__mathlib_flt_underflow)
    __mathlib_rredf2                         0x080033a1   Thumb Code   316  rredf.o(i.__mathlib_rredf2)
    calc_sig_dft                             0x080034f5   Thumb Code   398  main.o(i.calc_sig_dft)
    fabs                                     0x0800368d   Thumb Code    24  fabs.o(i.fabs)
    main                                     0x080036a5   Thumb Code    82  main.o(i.main)
    plot_two_generic_signals                 0x08003721   Thumb Code    56  main.o(i.plot_two_generic_signals)
    sqrt                                     0x08003759   Thumb Code   110  sqrt.o(i.sqrt)
    __aeabi_dneg                             0x080037c7   Thumb Code     0  basic.o(x$fpl$basic)
    _dneg                                    0x080037c7   Thumb Code     6  basic.o(x$fpl$basic)
    __aeabi_fneg                             0x080037cd   Thumb Code     0  basic.o(x$fpl$basic)
    _fneg                                    0x080037cd   Thumb Code     6  basic.o(x$fpl$basic)
    _dabs                                    0x080037d3   Thumb Code     6  basic.o(x$fpl$basic)
    _fabs                                    0x080037d9   Thumb Code     6  basic.o(x$fpl$basic)
    __aeabi_d2f                              0x080037e1   Thumb Code     0  d2f.o(x$fpl$d2f)
    _d2f                                     0x080037e1   Thumb Code    98  d2f.o(x$fpl$d2f)
    __aeabi_dadd                             0x08003845   Thumb Code     0  daddsub_clz.o(x$fpl$dadd)
    _dadd                                    0x08003845   Thumb Code   332  daddsub_clz.o(x$fpl$dadd)
    __fpl_dcheck_NaN1                        0x08003995   Thumb Code    10  dcheck1.o(x$fpl$dcheck1)
    __fpl_dcmp_Inf                           0x080039a5   Thumb Code    24  dcmpi.o(x$fpl$dcmpinf)
    __aeabi_ddiv                             0x080039bd   Thumb Code     0  ddiv.o(x$fpl$ddiv)
    _ddiv                                    0x080039bd   Thumb Code   552  ddiv.o(x$fpl$ddiv)
    __aeabi_d2iz                             0x08003c6d   Thumb Code     0  dfix.o(x$fpl$dfix)
    _dfix                                    0x08003c6d   Thumb Code    94  dfix.o(x$fpl$dfix)
    __aeabi_i2d                              0x08003ccb   Thumb Code     0  dflt_clz.o(x$fpl$dflt)
    _dflt                                    0x08003ccb   Thumb Code    46  dflt_clz.o(x$fpl$dflt)
    __aeabi_ui2d                             0x08003cf9   Thumb Code     0  dflt_clz.o(x$fpl$dfltu)
    _dfltu                                   0x08003cf9   Thumb Code    38  dflt_clz.o(x$fpl$dfltu)
    __aeabi_cdcmple                          0x08003d21   Thumb Code     0  dleqf.o(x$fpl$dleqf)
    _dcmple                                  0x08003d21   Thumb Code   120  dleqf.o(x$fpl$dleqf)
    __fpl_dcmple_InfNaN                      0x08003d83   Thumb Code     0  dleqf.o(x$fpl$dleqf)
    __aeabi_dmul                             0x08003d99   Thumb Code     0  dmul.o(x$fpl$dmul)
    _dmul                                    0x08003d99   Thumb Code   332  dmul.o(x$fpl$dmul)
    __fpl_dnaninf                            0x08003eed   Thumb Code   156  dnaninf.o(x$fpl$dnaninf)
    __fpl_dretinf                            0x08003f89   Thumb Code    12  dretinf.o(x$fpl$dretinf)
    __aeabi_cdrcmple                         0x08003f95   Thumb Code     0  drleqf.o(x$fpl$drleqf)
    _drcmple                                 0x08003f95   Thumb Code   108  drleqf.o(x$fpl$drleqf)
    __aeabi_drsub                            0x08004001   Thumb Code     0  daddsub_clz.o(x$fpl$drsb)
    _drsb                                    0x08004001   Thumb Code    22  daddsub_clz.o(x$fpl$drsb)
    _dsqrt                                   0x08004019   Thumb Code   404  dsqrt_umaal.o(x$fpl$dsqrt)
    __aeabi_dsub                             0x080041b1   Thumb Code     0  daddsub_clz.o(x$fpl$dsub)
    _dsub                                    0x080041b1   Thumb Code   464  daddsub_clz.o(x$fpl$dsub)
    __aeabi_f2d                              0x08004385   Thumb Code     0  f2d.o(x$fpl$f2d)
    _f2d                                     0x08004385   Thumb Code    86  f2d.o(x$fpl$f2d)
    __fpl_fnaninf                            0x080043db   Thumb Code   140  fnaninf.o(x$fpl$fnaninf)
    _fp_init                                 0x08004467   Thumb Code    10  fpinit.o(x$fpl$fpinit)
    __fplib_config_fpu_vfp                   0x0800446f   Thumb Code     0  fpinit.o(x$fpl$fpinit)
    __fplib_config_pureend_doubles           0x0800446f   Thumb Code     0  fpinit.o(x$fpl$fpinit)
    __fpl_fretinf                            0x08004471   Thumb Code    10  fretinf.o(x$fpl$fretinf)
    __fpl_return_NaN                         0x0800447b   Thumb Code   100  retnan.o(x$fpl$retnan)
    __ARM_scalbn                             0x080044df   Thumb Code    92  scalbn.o(x$fpl$scalbn)
    __fpl_cmpreturn                          0x0800453b   Thumb Code    48  trapv.o(x$fpl$trapveneer)
    AHBPrescTable                            0x0800456a   Data          16  system_stm32f4xx.o(.constdata)
    __I$use$fp                               0x0800456a   Number         0  usenofp.o(x$fpl$usenofp)
    APBPrescTable                            0x0800457a   Data           8  system_stm32f4xx.o(.constdata)
    __mathlib_zero                           0x08004818   Data           8  qnan.o(.constdata)
    Region$$Table$$Base                      0x08004930   Number         0  anon$$obj.o(Region$$Table)
    Region$$Table$$Limit                     0x08004950   Number         0  anon$$obj.o(Region$$Table)
    inputSample                              0x20000000   Data           4  main.o(.data)
    sig_rexSample                            0x20000004   Data           4  main.o(.data)
    sig_imxSample                            0x20000008   Data           4  main.o(.data)
    oneSample                                0x2000000c   Data           4  main.o(.data)
    magSample                                0x20000010   Data           4  main.o(.data)
    phaseSample                              0x20000014   Data           4  main.o(.data)
    freq                                     0x20000018   Data           4  main.o(.data)
    impulse_response                         0x2000001c   Data         116  waveforms.o(.data)
    inputSignal_f32_1kHz_15kHz               0x20000090   Data        1280  waveforms.o(.data)
    uwTick                                   0x20000590   Data           4  stm32f4xx_hal.o(.data)
    uwTickPrio                               0x20000594   Data           4  stm32f4xx_hal.o(.data)
    uwTickFreq                               0x20000598   Data           1  stm32f4xx_hal.o(.data)
    SystemCoreClock                          0x2000059c   Data           4  system_stm32f4xx.o(.data)
    REX                                      0x200005a0   Data         400  main.o(.bss)
    IMX                                      0x20000730   Data         400  main.o(.bss)
    mag                                      0x200008c0   Data         400  main.o(.bss)
    phase                                    0x20000a50   Data         400  main.o(.bss)
    SIG_OUT_REX                              0x20000be0   Data         400  main.o(.bss)
    SIG_OUT_IMX                              0x20000d70   Data         400  main.o(.bss)
    __libspace_start                         0x20000f00   Data          96  libspace.o(.bss)
    __temporary_stack_top$libspace           0x20000f60   Data           0  libspace.o(.bss)



==============================================================================

Memory Map of the image

  Image Entry point : 0x08000195

  Load Region LR_IROM1 (Base: 0x08000000, Size: 0x00004ef0, Max: 0x00080000, ABSOLUTE, COMPRESSED[0x00004a50])

    Execution Region ER_IROM1 (Exec base: 0x08000000, Load base: 0x08000000, Size: 0x00004950, Max: 0x00080000, ABSOLUTE)

    Exec Addr    Load Addr    Size         Type   Attr      Idx    E Section Name        Object

    0x08000000   0x08000000   0x00000194   Data   RO         4711    RESET               startup_stm32f401xe.o
    0x08000194   0x08000194   0x00000008   Code   RO         4771  * !!!main             c_w.l(__main.o)
    0x0800019c   0x0800019c   0x00000034   Code   RO         5222    !!!scatter          c_w.l(__scatter.o)
    0x080001d0   0x080001d0   0x0000005a   Code   RO         5220    !!dczerorl2         c_w.l(__dczerorl2.o)
    0x0800022a   0x0800022a   0x00000002   PAD
    0x0800022c   0x0800022c   0x0000001c   Code   RO         5224    !!handler_zi        c_w.l(__scatter_zi.o)
    0x08000248   0x08000248   0x00000002   Code   RO         5089    .ARM.Collect$$libinit$$00000000  c_w.l(libinit.o)
    0x0800024a   0x0800024a   0x00000004   Code   RO         5100    .ARM.Collect$$libinit$$00000001  c_w.l(libinit2.o)
    0x0800024e   0x0800024e   0x00000000   Code   RO         5103    .ARM.Collect$$libinit$$00000004  c_w.l(libinit2.o)
    0x0800024e   0x0800024e   0x00000000   Code   RO         5106    .ARM.Collect$$libinit$$0000000A  c_w.l(libinit2.o)
    0x0800024e   0x0800024e   0x00000000   Code   RO         5108    .ARM.Collect$$libinit$$0000000C  c_w.l(libinit2.o)
    0x0800024e   0x0800024e   0x00000000   Code   RO         5110    .ARM.Collect$$libinit$$0000000E  c_w.l(libinit2.o)
    0x0800024e   0x0800024e   0x00000000   Code   RO         5113    .ARM.Collect$$libinit$$00000011  c_w.l(libinit2.o)
    0x0800024e   0x0800024e   0x00000000   Code   RO         5115    .ARM.Collect$$libinit$$00000013  c_w.l(libinit2.o)
    0x0800024e   0x0800024e   0x00000000   Code   RO         5117    .ARM.Collect$$libinit$$00000015  c_w.l(libinit2.o)
    0x0800024e   0x0800024e   0x00000000   Code   RO         5119    .ARM.Collect$$libinit$$00000017  c_w.l(libinit2.o)
    0x0800024e   0x0800024e   0x00000000   Code   RO         5121    .ARM.Collect$$libinit$$00000019  c_w.l(libinit2.o)
    0x0800024e   0x0800024e   0x00000000   Code   RO         5123    .ARM.Collect$$libinit$$0000001B  c_w.l(libinit2.o)
    0x0800024e   0x0800024e   0x00000000   Code   RO         5125    .ARM.Collect$$libinit$$0000001D  c_w.l(libinit2.o)
    0x0800024e   0x0800024e   0x00000000   Code   RO         5127    .ARM.Collect$$libinit$$0000001F  c_w.l(libinit2.o)
    0x0800024e   0x0800024e   0x00000000   Code   RO         5129    .ARM.Collect$$libinit$$00000021  c_w.l(libinit2.o)
    0x0800024e   0x0800024e   0x00000000   Code   RO         5131    .ARM.Collect$$libinit$$00000023  c_w.l(libinit2.o)
    0x0800024e   0x0800024e   0x00000000   Code   RO         5133    .ARM.Collect$$libinit$$00000025  c_w.l(libinit2.o)
    0x0800024e   0x0800024e   0x00000000   Code   RO         5137    .ARM.Collect$$libinit$$0000002C  c_w.l(libinit2.o)
    0x0800024e   0x0800024e   0x00000000   Code   RO         5139    .ARM.Collect$$libinit$$0000002E  c_w.l(libinit2.o)
    0x0800024e   0x0800024e   0x00000000   Code   RO         5141    .ARM.Collect$$libinit$$00000030  c_w.l(libinit2.o)
    0x0800024e   0x0800024e   0x00000000   Code   RO         5143    .ARM.Collect$$libinit$$00000032  c_w.l(libinit2.o)
    0x0800024e   0x0800024e   0x00000002   Code   RO         5144    .ARM.Collect$$libinit$$00000033  c_w.l(libinit2.o)
    0x08000250   0x08000250   0x00000002   Code   RO         5177    .ARM.Collect$$libshutdown$$00000000  c_w.l(libshutdown.o)
    0x08000252   0x08000252   0x00000000   Code   RO         5203    .ARM.Collect$$libshutdown$$00000002  c_w.l(libshutdown2.o)
    0x08000252   0x08000252   0x00000000   Code   RO         5205    .ARM.Collect$$libshutdown$$00000004  c_w.l(libshutdown2.o)
    0x08000252   0x08000252   0x00000000   Code   RO         5208    .ARM.Collect$$libshutdown$$00000007  c_w.l(libshutdown2.o)
    0x08000252   0x08000252   0x00000000   Code   RO         5211    .ARM.Collect$$libshutdown$$0000000A  c_w.l(libshutdown2.o)
    0x08000252   0x08000252   0x00000000   Code   RO         5213    .ARM.Collect$$libshutdown$$0000000C  c_w.l(libshutdown2.o)
    0x08000252   0x08000252   0x00000000   Code   RO         5216    .ARM.Collect$$libshutdown$$0000000F  c_w.l(libshutdown2.o)
    0x08000252   0x08000252   0x00000002   Code   RO         5217    .ARM.Collect$$libshutdown$$00000010  c_w.l(libshutdown2.o)
    0x08000254   0x08000254   0x00000000   Code   RO         4965    .ARM.Collect$$rtentry$$00000000  c_w.l(__rtentry.o)
    0x08000254   0x08000254   0x00000000   Code   RO         5046    .ARM.Collect$$rtentry$$00000002  c_w.l(__rtentry2.o)
    0x08000254   0x08000254   0x00000006   Code   RO         5058    .ARM.Collect$$rtentry$$00000004  c_w.l(__rtentry4.o)
    0x0800025a   0x0800025a   0x00000000   Code   RO         5048    .ARM.Collect$$rtentry$$00000009  c_w.l(__rtentry2.o)
    0x0800025a   0x0800025a   0x00000004   Code   RO         5049    .ARM.Collect$$rtentry$$0000000A  c_w.l(__rtentry2.o)
    0x0800025e   0x0800025e   0x00000000   Code   RO         5051    .ARM.Collect$$rtentry$$0000000C  c_w.l(__rtentry2.o)
    0x0800025e   0x0800025e   0x00000008   Code   RO         5052    .ARM.Collect$$rtentry$$0000000D  c_w.l(__rtentry2.o)
    0x08000266   0x08000266   0x00000002   Code   RO         5092    .ARM.Collect$$rtexit$$00000000  c_w.l(rtexit.o)
    0x08000268   0x08000268   0x00000000   Code   RO         5150    .ARM.Collect$$rtexit$$00000002  c_w.l(rtexit2.o)
    0x08000268   0x08000268   0x00000004   Code   RO         5151    .ARM.Collect$$rtexit$$00000003  c_w.l(rtexit2.o)
    0x0800026c   0x0800026c   0x00000006   Code   RO         5152    .ARM.Collect$$rtexit$$00000004  c_w.l(rtexit2.o)
    0x08000272   0x08000272   0x00000002   PAD
    0x08000274   0x08000274   0x00000040   Code   RO         4712    .text               startup_stm32f401xe.o
    0x080002b4   0x080002b4   0x000000ee   Code   RO         4755    .text               c_w.l(lludivv7m.o)
    0x080003a2   0x080003a2   0x0000004e   Code   RO         4767    .text               c_w.l(rt_memclr_w.o)
    0x080003f0   0x080003f0   0x00000006   Code   RO         4769    .text               c_w.l(heapauxi.o)
    0x080003f6   0x080003f6   0x00000016   Code   RO         4970    .text               c_w.l(_rserrno.o)
    0x0800040c   0x0800040c   0x00000008   Code   RO         5065    .text               c_w.l(rt_errno_addr_intlibspace.o)
    0x08000414   0x08000414   0x00000008   Code   RO         5073    .text               c_w.l(libspace.o)
    0x0800041c   0x0800041c   0x0000004a   Code   RO         5076    .text               c_w.l(sys_stackheap_outer.o)
    0x08000466   0x08000466   0x00000012   Code   RO         5078    .text               c_w.l(exit.o)
    0x08000478   0x08000478   0x0000000c   Code   RO         5147    .text               c_w.l(sys_exit.o)
    0x08000484   0x08000484   0x00000002   Code   RO         5166    .text               c_w.l(use_no_semi.o)
    0x08000486   0x08000486   0x00000000   Code   RO         5168    .text               c_w.l(indicate_semi.o)
    0x08000486   0x08000486   0x00000002   Code   RO          184    i.Error_Handler     clock.o
    0x08000488   0x08000488   0x0000000c   Code   RO         3966    i.HAL_GetTick       stm32f4xx_hal.o
    0x08000494   0x08000494   0x00000018   Code   RO         3970    i.HAL_IncTick       stm32f4xx_hal.o
    0x080004ac   0x080004ac   0x0000003c   Code   RO         3971    i.HAL_Init          stm32f4xx_hal.o
    0x080004e8   0x080004e8   0x0000004c   Code   RO         3972    i.HAL_InitTick      stm32f4xx_hal.o
    0x08000534   0x08000534   0x00000002   Code   RO         3974    i.HAL_MspInit       stm32f4xx_hal.o
    0x08000536   0x08000536   0x0000007c   Code   RO         4139    i.HAL_NVIC_SetPriority  stm32f4xx_hal_cortex.o
    0x080005b2   0x080005b2   0x00000002   PAD
    0x080005b4   0x080005b4   0x00000028   Code   RO         4140    i.HAL_NVIC_SetPriorityGrouping  stm32f4xx_hal_cortex.o
    0x080005dc   0x080005dc   0x00000180   Code   RO         4549    i.HAL_RCC_ClockConfig  stm32f4xx_hal_rcc.o
    0x0800075c   0x0800075c   0x0000000c   Code   RO         4554    i.HAL_RCC_GetHCLKFreq  stm32f4xx_hal_rcc.o
    0x08000768   0x08000768   0x000000b0   Code   RO         4558    i.HAL_RCC_GetSysClockFreq  stm32f4xx_hal_rcc.o
    0x08000818   0x08000818   0x00000448   Code   RO         4561    i.HAL_RCC_OscConfig  stm32f4xx_hal_rcc.o
    0x08000c60   0x08000c60   0x00000002   Code   RO         4143    i.HAL_SYSTICK_Callback  stm32f4xx_hal_cortex.o
    0x08000c62   0x08000c62   0x00000034   Code   RO         4144    i.HAL_SYSTICK_Config  stm32f4xx_hal_cortex.o
    0x08000c96   0x08000c96   0x00000008   Code   RO         4145    i.HAL_SYSTICK_IRQHandler  stm32f4xx_hal_cortex.o
    0x08000c9e   0x08000c9e   0x00000066   Code   RO            4    i.Polar_to_Rect     main.o
    0x08000d04   0x08000d04   0x00000188   Code   RO            5    i.Rect_to_Polar     main.o
    0x08000e8c   0x08000e8c   0x0000000c   Code   RO            6    i.SysTick_Handler   main.o
    0x08000e98   0x08000e98   0x000000b8   Code   RO          185    i.SystemClock_Config  clock.o
    0x08000f50   0x08000f50   0x00000064   Code   RO         4720    i.SystemInit        system_stm32f4xx.o
    0x08000fb4   0x08000fb4   0x00000030   Code   RO         5010    i.__ARM_fpclassify  m_wm.l(fpclassify.o)
    0x08000fe4   0x08000fe4   0x00000026   Code   RO         5012    i.__ARM_fpclassifyf  m_wm.l(fpclassifyf.o)
    0x0800100a   0x0800100a   0x00000002   PAD
    0x0800100c   0x0800100c   0x00000010   Code   RO         4146    i.__NVIC_GetPriorityGrouping  stm32f4xx_hal_cortex.o
    0x0800101c   0x0800101c   0x00000028   Code   RO         4147    i.__NVIC_SetPriority  stm32f4xx_hal_cortex.o
    0x08001044   0x08001044   0x00000004   PAD
    0x08001048   0x08001048   0x000002d8   Code   RO         4803    i.__hardfp_atan     m_wm.l(atan.o)
    0x08001320   0x08001320   0x000000c8   Code   RO         4817    i.__hardfp_cos      m_wm.l(cos.o)
    0x080013e8   0x080013e8   0x00000150   Code   RO         4829    i.__hardfp_cosf     m_wm.l(cosf.o)
    0x08001538   0x08001538   0x00000c50   Code   RO         4889    i.__hardfp_pow      m_wm.l(pow.o)
    0x08002188   0x08002188   0x00000664   Code   RO         4903    i.__hardfp_powf     m_wm.l(powf.o)
    0x080027ec   0x080027ec   0x00000004   PAD
    0x080027f0   0x080027f0   0x000000c8   Code   RO         4917    i.__hardfp_sin      m_wm.l(sin.o)
    0x080028b8   0x080028b8   0x00000190   Code   RO         4929    i.__hardfp_sinf     m_wm.l(sinf.o)
    0x08002a48   0x08002a48   0x0000007a   Code   RO         4941    i.__hardfp_sqrt     m_wm.l(sqrt.o)
    0x08002ac2   0x08002ac2   0x00000006   PAD
    0x08002ac8   0x08002ac8   0x00000438   Code   RO         5031    i.__ieee754_rem_pio2  m_wm.l(rred.o)
    0x08002f00   0x08002f00   0x00000170   Code   RO         4993    i.__kernel_cos      m_wm.l(cos_i.o)
    0x08003070   0x08003070   0x000000f8   Code   RO         5028    i.__kernel_poly     m_wm.l(poly.o)
    0x08003168   0x08003168   0x00000130   Code   RO         5039    i.__kernel_sin      m_wm.l(sin_i.o)
    0x08003298   0x08003298   0x00000030   Code   RO         4996    i.__mathlib_dbl_divzero  m_wm.l(dunder.o)
    0x080032c8   0x080032c8   0x00000014   Code   RO         4997    i.__mathlib_dbl_infnan  m_wm.l(dunder.o)
    0x080032dc   0x080032dc   0x00000014   Code   RO         4998    i.__mathlib_dbl_infnan2  m_wm.l(dunder.o)
    0x080032f0   0x080032f0   0x00000020   Code   RO         4999    i.__mathlib_dbl_invalid  m_wm.l(dunder.o)
    0x08003310   0x08003310   0x00000020   Code   RO         5000    i.__mathlib_dbl_overflow  m_wm.l(dunder.o)
    0x08003330   0x08003330   0x00000020   Code   RO         5002    i.__mathlib_dbl_underflow  m_wm.l(dunder.o)
    0x08003350   0x08003350   0x00000014   Code   RO         5014    i.__mathlib_flt_divzero  m_wm.l(funder.o)
    0x08003364   0x08003364   0x00000006   Code   RO         5015    i.__mathlib_flt_infnan  m_wm.l(funder.o)
    0x0800336a   0x0800336a   0x00000006   Code   RO         5016    i.__mathlib_flt_infnan2  m_wm.l(funder.o)
    0x08003370   0x08003370   0x00000010   Code   RO         5017    i.__mathlib_flt_invalid  m_wm.l(funder.o)
    0x08003380   0x08003380   0x00000010   Code   RO         5018    i.__mathlib_flt_overflow  m_wm.l(funder.o)
    0x08003390   0x08003390   0x00000010   Code   RO         5020    i.__mathlib_flt_underflow  m_wm.l(funder.o)
    0x080033a0   0x080033a0   0x00000154   Code   RO         5036    i.__mathlib_rredf2  m_wm.l(rredf.o)
    0x080034f4   0x080034f4   0x00000198   Code   RO            9    i.calc_sig_dft      main.o
    0x0800368c   0x0800368c   0x00000018   Code   RO         4857    i.fabs              m_wm.l(fabs.o)
    0x080036a4   0x080036a4   0x0000007c   Code   RO           11    i.main              main.o
    0x08003720   0x08003720   0x00000038   Code   RO           13    i.plot_two_generic_signals  main.o
    0x08003758   0x08003758   0x0000006e   Code   RO         4943    i.sqrt              m_wm.l(sqrt.o)
    0x080037c6   0x080037c6   0x00000018   Code   RO         4773    x$fpl$basic         fz_wm.l(basic.o)
    0x080037de   0x080037de   0x00000002   PAD
    0x080037e0   0x080037e0   0x00000062   Code   RO         4775    x$fpl$d2f           fz_wm.l(d2f.o)
    0x08003842   0x08003842   0x00000002   PAD
    0x08003844   0x08003844   0x00000150   Code   RO         4777    x$fpl$dadd          fz_wm.l(daddsub_clz.o)
    0x08003994   0x08003994   0x00000010   Code   RO         5067    x$fpl$dcheck1       fz_wm.l(dcheck1.o)
    0x080039a4   0x080039a4   0x00000018   Code   RO         4972    x$fpl$dcmpinf       fz_wm.l(dcmpi.o)
    0x080039bc   0x080039bc   0x000002b0   Code   RO         4784    x$fpl$ddiv          fz_wm.l(ddiv.o)
    0x08003c6c   0x08003c6c   0x0000005e   Code   RO         5069    x$fpl$dfix          fz_wm.l(dfix.o)
    0x08003cca   0x08003cca   0x0000002e   Code   RO         4790    x$fpl$dflt          fz_wm.l(dflt_clz.o)
    0x08003cf8   0x08003cf8   0x00000026   Code   RO         4789    x$fpl$dfltu         fz_wm.l(dflt_clz.o)
    0x08003d1e   0x08003d1e   0x00000002   PAD
    0x08003d20   0x08003d20   0x00000078   Code   RO         4974    x$fpl$dleqf         fz_wm.l(dleqf.o)
    0x08003d98   0x08003d98   0x00000154   Code   RO         4795    x$fpl$dmul          fz_wm.l(dmul.o)
    0x08003eec   0x08003eec   0x0000009c   Code   RO         4976    x$fpl$dnaninf       fz_wm.l(dnaninf.o)
    0x08003f88   0x08003f88   0x0000000c   Code   RO         4978    x$fpl$dretinf       fz_wm.l(dretinf.o)
    0x08003f94   0x08003f94   0x0000006c   Code   RO         4980    x$fpl$drleqf        fz_wm.l(drleqf.o)
    0x08004000   0x08004000   0x00000016   Code   RO         4778    x$fpl$drsb          fz_wm.l(daddsub_clz.o)
    0x08004016   0x08004016   0x00000002   PAD
    0x08004018   0x08004018   0x00000198   Code   RO         4982    x$fpl$dsqrt         fz_wm.l(dsqrt_umaal.o)
    0x080041b0   0x080041b0   0x000001d4   Code   RO         4779    x$fpl$dsub          fz_wm.l(daddsub_clz.o)
    0x08004384   0x08004384   0x00000056   Code   RO         4797    x$fpl$f2d           fz_wm.l(f2d.o)
    0x080043da   0x080043da   0x0000008c   Code   RO         4984    x$fpl$fnaninf       fz_wm.l(fnaninf.o)
    0x08004466   0x08004466   0x0000000a   Code   RO         5162    x$fpl$fpinit        fz_wm.l(fpinit.o)
    0x08004470   0x08004470   0x0000000a   Code   RO         4986    x$fpl$fretinf       fz_wm.l(fretinf.o)
    0x0800447a   0x0800447a   0x00000064   Code   RO         5090    x$fpl$retnan        fz_wm.l(retnan.o)
    0x080044de   0x080044de   0x0000005c   Code   RO         4990    x$fpl$scalbn        fz_wm.l(scalbn.o)
    0x0800453a   0x0800453a   0x00000030   Code   RO         5145    x$fpl$trapveneer    fz_wm.l(trapv.o)
    0x0800456a   0x0800456a   0x00000000   Code   RO         4992    x$fpl$usenofp       fz_wm.l(usenofp.o)
    0x0800456a   0x0800456a   0x00000018   Data   RO         4721    .constdata          system_stm32f4xx.o
    0x08004582   0x08004582   0x00000006   PAD
    0x08004588   0x08004588   0x00000098   Data   RO         4806    .constdata          m_wm.l(atan.o)
    0x08004620   0x08004620   0x00000088   Data   RO         4892    .constdata          m_wm.l(pow.o)
    0x080046a8   0x080046a8   0x00000140   Data   RO         4906    .constdata          m_wm.l(powf.o)
    0x080047e8   0x080047e8   0x00000030   Data   RO         4994    .constdata          m_wm.l(cos_i.o)
    0x08004818   0x08004818   0x00000008   Data   RO         5030    .constdata          m_wm.l(qnan.o)
    0x08004820   0x08004820   0x000000c8   Data   RO         5033    .constdata          m_wm.l(rred.o)
    0x080048e8   0x080048e8   0x00000020   Data   RO         5037    .constdata          m_wm.l(rredf.o)
    0x08004908   0x08004908   0x00000028   Data   RO         5040    .constdata          m_wm.l(sin_i.o)
    0x08004930   0x08004930   0x00000020   Data   RO         5218    Region$$Table       anon$$obj.o


    Execution Region RW_IRAM1 (Exec base: 0x20000000, Load base: 0x08004950, Size: 0x00001560, Max: 0x00018000, ABSOLUTE, COMPRESSED[0x00000100])

    Exec Addr    Load Addr    Size         Type   Attr      Idx    E Section Name        Object

    0x20000000   COMPRESSED   0x0000001c   Data   RW           15    .data               main.o
    0x2000001c   COMPRESSED   0x00000574   Data   RW          218    .data               waveforms.o
    0x20000590   COMPRESSED   0x00000009   Data   RW         3978    .data               stm32f4xx_hal.o
    0x20000599   COMPRESSED   0x00000003   PAD
    0x2000059c   COMPRESSED   0x00000004   Data   RW         4722    .data               system_stm32f4xx.o
    0x200005a0        -       0x00000960   Zero   RW           14    .bss                main.o
    0x20000f00        -       0x00000060   Zero   RW         5074    .bss                c_w.l(libspace.o)
    0x20000f60        -       0x00000200   Zero   RW         4710    HEAP                startup_stm32f401xe.o
    0x20001160        -       0x00000400   Zero   RW         4709    STACK               startup_stm32f401xe.o


==============================================================================

Image component sizes


      Code (inc. data)   RO Data    RW Data    ZI Data      Debug   Object Name

       186          8          0          0          0       1645   clock.o
      1094         74          0         28       2400     378125   main.o
        64         26        404          0       1536        888   startup_stm32f401xe.o
       174         32          0          9          0       4827   stm32f4xx_hal.o
       282         22          0          0          0      35118   stm32f4xx_hal_cortex.o
      1668         64          0          0          0       4730   stm32f4xx_hal_rcc.o
       100         18         24          4          0       1551   system_stm32f4xx.o
         0          0          0       1396          0        774   waveforms.o

    ----------------------------------------------------------------------
      3574        248        466       1440       3936     427658   Object Totals
         0          0         32          0          0          0   (incl. Generated)
         6          4          6          3          0          0   (incl. Padding)

    ----------------------------------------------------------------------

      Code (inc. data)   RO Data    RW Data    ZI Data      Debug   Library Member Name

        90          0          0          0          0          0   __dczerorl2.o
         8          0          0          0          0         68   __main.o
         0          0          0          0          0          0   __rtentry.o
        12          0          0          0          0          0   __rtentry2.o
         6          0          0          0          0          0   __rtentry4.o
        52          8          0          0          0          0   __scatter.o
        28          0          0          0          0          0   __scatter_zi.o
        22          0          0          0          0        100   _rserrno.o
        18          0          0          0          0         80   exit.o
         6          0          0          0          0        152   heapauxi.o
         0          0          0          0          0          0   indicate_semi.o
         2          0          0          0          0          0   libinit.o
         6          0          0          0          0          0   libinit2.o
         2          0          0          0          0          0   libshutdown.o
         2          0          0          0          0          0   libshutdown2.o
         8          4          0          0         96         68   libspace.o
       238          0          0          0          0        100   lludivv7m.o
         8          4          0          0          0         68   rt_errno_addr_intlibspace.o
        78          0          0          0          0         80   rt_memclr_w.o
         2          0          0          0          0          0   rtexit.o
        10          0          0          0          0          0   rtexit2.o
        12          4          0          0          0         68   sys_exit.o
        74          0          0          0          0         80   sys_stackheap_outer.o
         2          0          0          0          0         68   use_no_semi.o
        24          0          0          0          0        164   basic.o
        98          4          0          0          0        140   d2f.o
       826         16          0          0          0        492   daddsub_clz.o
        16          4          0          0          0        116   dcheck1.o
        24          0          0          0          0        116   dcmpi.o
       688        140          0          0          0        256   ddiv.o
        94          4          0          0          0        140   dfix.o
        84          0          0          0          0        232   dflt_clz.o
       120          4          0          0          0        140   dleqf.o
       340         12          0          0          0        152   dmul.o
       156          4          0          0          0        140   dnaninf.o
        12          0          0          0          0        116   dretinf.o
       108          0          0          0          0        128   drleqf.o
       408         56          0          0          0        168   dsqrt_umaal.o
        86          4          0          0          0        132   f2d.o
       140          4          0          0          0        132   fnaninf.o
        10          0          0          0          0        116   fpinit.o
        10          0          0          0          0        116   fretinf.o
       100          0          0          0          0        116   retnan.o
        92          0          0          0          0        116   scalbn.o
        48          0          0          0          0        116   trapv.o
         0          0          0          0          0          0   usenofp.o
       728        106        152          0          0        228   atan.o
       200         20          0          0          0        164   cos.o
       368         46         48          0          0        200   cos_i.o
       336         56          0          0          0        136   cosf.o
       184         44          0          0          0        744   dunder.o
        24          0          0          0          0        124   fabs.o
        48          0          0          0          0        124   fpclassify.o
        38          0          0          0          0        116   fpclassifyf.o
        80         24          0          0          0        696   funder.o
       248          0          0          0          0        152   poly.o
      3152        296        136          0          0        352   pow.o
      1636        110        320          0          0        372   powf.o
         0          0          8          0          0          0   qnan.o
      1080        142        200          0          0        188   rred.o
       340         24         32          0          0        160   rredf.o
       200         20          0          0          0        164   sin.o
       304         24         40          0          0        208   sin_i.o
       400         56          0          0          0        212   sinf.o
       232          0          0          0          0        296   sqrt.o

    ----------------------------------------------------------------------
     13792       1244        936          0         96       8912   Library Totals
        24          4          0          0          0          0   (incl. Padding)

    ----------------------------------------------------------------------

      Code (inc. data)   RO Data    RW Data    ZI Data      Debug   Library Name

       686         20          0          0         96        932   c_w.l
      3484        252          0          0          0       3344   fz_wm.l
      9598        968        936          0          0       4636   m_wm.l

    ----------------------------------------------------------------------
     13792       1244        936          0         96       8912   Library Totals

    ----------------------------------------------------------------------

==============================================================================


      Code (inc. data)   RO Data    RW Data    ZI Data      Debug   

     17366       1492       1402       1440       4032     429106   Grand Totals
     17366       1492       1402        256       4032     429106   ELF Image Totals (compressed)
     17366       1492       1402        256          0          0   ROM Totals

==============================================================================

    Total RO  Size (Code + RO Data)                18768 (  18.33kB)
    Total RW  Size (RW Data + ZI Data)              5472 (   5.34kB)
    Total ROM Size (Code + RO Data + RW Data)      19024 (  18.58kB)

==============================================================================

